mode: set
github.com/guiperry/KNIRV_NETWORK/KNIRVSDK/go/gateway/examples/main.go:15.13,27.2 4 0
github.com/guiperry/KNIRV_NETWORK/KNIRVSDK/go/gateway/examples/main.go:29.21,34.16 3 0
github.com/guiperry/KNIRV_NETWORK/KNIRVSDK/go/gateway/examples/main.go:34.16,36.3 1 0
github.com/guiperry/KNIRV_NETWORK/KNIRVSDK/go/gateway/examples/main.go:39.2,44.16 2 0
github.com/guiperry/KNIRV_NETWORK/KNIRVSDK/go/gateway/examples/main.go:44.16,46.3 1 0
github.com/guiperry/KNIRV_NETWORK/KNIRVSDK/go/gateway/examples/main.go:49.2,56.71 4 0
github.com/guiperry/KNIRV_NETWORK/KNIRVSDK/go/gateway/examples/main.go:59.25,78.16 6 0
github.com/guiperry/KNIRV_NETWORK/KNIRVSDK/go/gateway/examples/main.go:78.16,80.3 1 0
github.com/guiperry/KNIRV_NETWORK/KNIRVSDK/go/gateway/examples/main.go:80.8,82.3 1 0
github.com/guiperry/KNIRV_NETWORK/KNIRVSDK/go/gateway/examples/main.go:85.2,92.16 3 0
github.com/guiperry/KNIRV_NETWORK/KNIRVSDK/go/gateway/examples/main.go:92.16,94.3 1 0
github.com/guiperry/KNIRV_NETWORK/KNIRVSDK/go/gateway/examples/main.go:94.8,96.3 1 0
github.com/guiperry/KNIRV_NETWORK/KNIRVSDK/go/gateway/examples/main.go:99.2,106.16 3 0
github.com/guiperry/KNIRV_NETWORK/KNIRVSDK/go/gateway/examples/main.go:106.16,108.3 1 0
github.com/guiperry/KNIRV_NETWORK/KNIRVSDK/go/gateway/examples/main.go:108.8,110.3 1 0
github.com/guiperry/KNIRV_NETWORK/KNIRVSDK/go/gateway/examples/main.go:113.2,120.16 3 0
github.com/guiperry/KNIRV_NETWORK/KNIRVSDK/go/gateway/examples/main.go:120.16,122.3 1 0
github.com/guiperry/KNIRV_NETWORK/KNIRVSDK/go/gateway/examples/main.go:122.8,124.3 1 0
github.com/guiperry/KNIRV_NETWORK/KNIRVSDK/go/gateway/examples/main.go:127.2,128.16 2 0
github.com/guiperry/KNIRV_NETWORK/KNIRVSDK/go/gateway/examples/main.go:128.16,130.3 1 0
github.com/guiperry/KNIRV_NETWORK/KNIRVSDK/go/gateway/examples/main.go:130.8,133.3 1 0
github.com/guiperry/KNIRV_NETWORK/KNIRVSDK/go/gateway/examples/main.go:136.2,137.16 2 0
github.com/guiperry/KNIRV_NETWORK/KNIRVSDK/go/gateway/examples/main.go:137.16,139.3 1 0
github.com/guiperry/KNIRV_NETWORK/KNIRVSDK/go/gateway/examples/main.go:139.8,141.3 1 0
github.com/guiperry/KNIRV_NETWORK/KNIRVSDK/go/gateway/examples/main.go:144.2,145.16 2 0
github.com/guiperry/KNIRV_NETWORK/KNIRVSDK/go/gateway/examples/main.go:145.16,147.3 1 0
github.com/guiperry/KNIRV_NETWORK/KNIRVSDK/go/gateway/examples/main.go:147.8,149.3 1 0
github.com/guiperry/KNIRV_NETWORK/KNIRVSDK/go/gateway/examples/main.go:152.2,153.16 2 0
github.com/guiperry/KNIRV_NETWORK/KNIRVSDK/go/gateway/examples/main.go:153.16,155.3 1 0
github.com/guiperry/KNIRV_NETWORK/KNIRVSDK/go/gateway/examples/main.go:155.8,158.3 1 0
github.com/guiperry/KNIRV_NETWORK/KNIRVSDK/go/gateway/examples/main.go:161.22,167.16 3 0
github.com/guiperry/KNIRV_NETWORK/KNIRVSDK/go/gateway/examples/main.go:167.16,169.3 1 0
github.com/guiperry/KNIRV_NETWORK/KNIRVSDK/go/gateway/examples/main.go:171.2,175.16 3 0
github.com/guiperry/KNIRV_NETWORK/KNIRVSDK/go/gateway/examples/main.go:175.16,177.3 1 0
github.com/guiperry/KNIRV_NETWORK/KNIRVSDK/go/gateway/examples/main.go:177.8,179.3 1 0
github.com/guiperry/KNIRV_NETWORK/KNIRVSDK/go/gateway/examples/main.go:182.27,189.16 3 0
github.com/guiperry/KNIRV_NETWORK/KNIRVSDK/go/gateway/examples/main.go:189.16,191.3 1 0
github.com/guiperry/KNIRV_NETWORK/KNIRVSDK/go/gateway/examples/main.go:193.2,197.16 3 0
github.com/guiperry/KNIRV_NETWORK/KNIRVSDK/go/gateway/examples/main.go:197.16,199.3 1 0
github.com/guiperry/KNIRV_NETWORK/KNIRVSDK/go/gateway/examples/main.go:199.8,201.3 1 0
github.com/guiperry/KNIRV_NETWORK/KNIRVSDK/go/gateway/examples/main.go:205.24,212.16 3 0
github.com/guiperry/KNIRV_NETWORK/KNIRVSDK/go/gateway/examples/main.go:212.16,214.3 1 0
github.com/guiperry/KNIRV_NETWORK/KNIRVSDK/go/gateway/examples/main.go:216.2,225.16 6 0
github.com/guiperry/KNIRV_NETWORK/KNIRVSDK/go/gateway/examples/main.go:225.16,228.3 2 0
github.com/guiperry/KNIRV_NETWORK/KNIRVSDK/go/gateway/examples/main.go:230.2,239.16 3 0
github.com/guiperry/KNIRV_NETWORK/KNIRVSDK/go/gateway/examples/main.go:239.16,242.3 2 0
github.com/guiperry/KNIRV_NETWORK/KNIRVSDK/go/gateway/examples/main.go:244.2,252.16 3 0
github.com/guiperry/KNIRV_NETWORK/KNIRVSDK/go/gateway/examples/main.go:252.16,255.3 2 0
github.com/guiperry/KNIRV_NETWORK/KNIRVSDK/go/gateway/examples/main.go:257.2,261.16 3 0
github.com/guiperry/KNIRV_NETWORK/KNIRVSDK/go/gateway/examples/main.go:261.16,264.3 2 0
github.com/guiperry/KNIRV_NETWORK/KNIRVSDK/go/gateway/examples/main.go:266.2,271.16 3 0
github.com/guiperry/KNIRV_NETWORK/KNIRVSDK/go/gateway/examples/main.go:271.16,274.3 2 0
github.com/guiperry/KNIRV_NETWORK/KNIRVSDK/go/gateway/examples/main.go:276.2,276.85 1 0
github.com/guiperry/KNIRV_NETWORK/KNIRVSDK/go/gateway/examples/main.go:280.25,289.2 7 0
github.com/guiperry/KNIRV_NETWORK/KNIRVSDK/go/gateway/examples/poaud_example.go:16.18,28.16 5 0
github.com/guiperry/KNIRV_NETWORK/KNIRVSDK/go/gateway/examples/poaud_example.go:28.16,30.3 1 0
github.com/guiperry/KNIRV_NETWORK/KNIRVSDK/go/gateway/examples/poaud_example.go:30.8,33.21 3 0
github.com/guiperry/KNIRV_NETWORK/KNIRVSDK/go/gateway/examples/poaud_example.go:33.21,37.4 3 0
github.com/guiperry/KNIRV_NETWORK/KNIRVSDK/go/gateway/examples/poaud_example.go:41.2,43.16 3 0
github.com/guiperry/KNIRV_NETWORK/KNIRVSDK/go/gateway/examples/poaud_example.go:43.16,45.3 1 0
github.com/guiperry/KNIRV_NETWORK/KNIRVSDK/go/gateway/examples/poaud_example.go:45.8,47.3 1 0
github.com/guiperry/KNIRV_NETWORK/KNIRVSDK/go/gateway/examples/poaud_example.go:50.2,57.40 3 0
github.com/guiperry/KNIRV_NETWORK/KNIRVSDK/go/gateway/examples/poaud_example.go:57.40,59.17 2 0
github.com/guiperry/KNIRV_NETWORK/KNIRVSDK/go/gateway/examples/poaud_example.go:59.17,61.4 1 0
github.com/guiperry/KNIRV_NETWORK/KNIRVSDK/go/gateway/examples/poaud_example.go:61.9,63.4 1 0
github.com/guiperry/KNIRV_NETWORK/KNIRVSDK/go/gateway/examples/poaud_example.go:67.2,69.16 3 0
github.com/guiperry/KNIRV_NETWORK/KNIRVSDK/go/gateway/examples/poaud_example.go:69.16,71.3 1 0
github.com/guiperry/KNIRV_NETWORK/KNIRVSDK/go/gateway/examples/poaud_example.go:71.8,73.49 2 0
github.com/guiperry/KNIRV_NETWORK/KNIRVSDK/go/gateway/examples/poaud_example.go:73.49,75.4 1 0
github.com/guiperry/KNIRV_NETWORK/KNIRVSDK/go/gateway/examples/poaud_example.go:79.2,82.16 4 0
github.com/guiperry/KNIRV_NETWORK/KNIRVSDK/go/gateway/examples/poaud_example.go:82.16,84.3 1 0
github.com/guiperry/KNIRV_NETWORK/KNIRVSDK/go/gateway/examples/poaud_example.go:84.8,86.3 1 0
github.com/guiperry/KNIRV_NETWORK/KNIRVSDK/go/gateway/examples/poaud_example.go:89.2,91.16 3 0
github.com/guiperry/KNIRV_NETWORK/KNIRVSDK/go/gateway/examples/poaud_example.go:91.16,93.3 1 0
github.com/guiperry/KNIRV_NETWORK/KNIRVSDK/go/gateway/examples/poaud_example.go:93.8,95.33 2 0
github.com/guiperry/KNIRV_NETWORK/KNIRVSDK/go/gateway/examples/poaud_example.go:95.33,97.4 1 0
github.com/guiperry/KNIRV_NETWORK/KNIRVSDK/go/gateway/examples/poaud_example.go:101.2,108.16 6 0
github.com/guiperry/KNIRV_NETWORK/KNIRVSDK/go/gateway/examples/poaud_example.go:108.16,110.3 1 0
github.com/guiperry/KNIRV_NETWORK/KNIRVSDK/go/gateway/examples/poaud_example.go:110.8,112.3 1 0
github.com/guiperry/KNIRV_NETWORK/KNIRVSDK/go/gateway/examples/poaud_example.go:115.2,117.16 3 0
github.com/guiperry/KNIRV_NETWORK/KNIRVSDK/go/gateway/examples/poaud_example.go:117.16,119.3 1 0
github.com/guiperry/KNIRV_NETWORK/KNIRVSDK/go/gateway/examples/poaud_example.go:119.8,121.3 1 0
github.com/guiperry/KNIRV_NETWORK/KNIRVSDK/go/gateway/examples/poaud_example.go:124.2,126.16 3 0
github.com/guiperry/KNIRV_NETWORK/KNIRVSDK/go/gateway/examples/poaud_example.go:126.16,128.3 1 0
github.com/guiperry/KNIRV_NETWORK/KNIRVSDK/go/gateway/examples/poaud_example.go:128.8,130.3 1 0
github.com/guiperry/KNIRV_NETWORK/KNIRVSDK/go/gateway/examples/poaud_example.go:132.2,132.54 1 0
github.com/guiperry/KNIRV_NETWORK/KNIRVSDK/go/gateway/examples/poaud_example.go:136.91,137.34 1 0
github.com/guiperry/KNIRV_NETWORK/KNIRVSDK/go/gateway/examples/poaud_example.go:137.34,139.17 2 0
github.com/guiperry/KNIRV_NETWORK/KNIRVSDK/go/gateway/examples/poaud_example.go:139.17,141.4 1 0
github.com/guiperry/KNIRV_NETWORK/KNIRVSDK/go/gateway/examples/poaud_example.go:141.9,144.4 1 0
github.com/guiperry/KNIRV_NETWORK/KNIRVSDK/go/gateway/examples/poaud_example.go:146.3,146.23 1 0
github.com/guiperry/KNIRV_NETWORK/KNIRVSDK/go/gateway/examples/poaud_example.go:146.23,148.4 1 0
github.com/guiperry/KNIRV_NETWORK/KNIRVSDK/go/gateway/examples/poaud_example.go:153.33,159.16 4 0
github.com/guiperry/KNIRV_NETWORK/KNIRVSDK/go/gateway/examples/poaud_example.go:159.16,161.3 1 0
github.com/guiperry/KNIRV_NETWORK/KNIRVSDK/go/gateway/examples/poaud_example.go:163.2,164.16 2 0
github.com/guiperry/KNIRV_NETWORK/KNIRVSDK/go/gateway/examples/poaud_example.go:164.16,166.3 1 0
github.com/guiperry/KNIRV_NETWORK/KNIRVSDK/go/gateway/examples/poaud_example.go:169.2,170.16 2 0
github.com/guiperry/KNIRV_NETWORK/KNIRVSDK/go/gateway/examples/poaud_example.go:170.16,172.3 1 0
github.com/guiperry/KNIRV_NETWORK/KNIRVSDK/go/gateway/examples/poaud_example.go:176.33,192.16 6 0
github.com/guiperry/KNIRV_NETWORK/KNIRVSDK/go/gateway/examples/poaud_example.go:192.16,195.3 2 0
github.com/guiperry/KNIRV_NETWORK/KNIRVSDK/go/gateway/examples/poaud_example.go:197.2,197.14 1 0
github.com/guiperry/KNIRV_NETWORK/KNIRVSDK/go/gateway/examples/poaud_example.go:197.14,200.17 3 0
github.com/guiperry/KNIRV_NETWORK/KNIRVSDK/go/gateway/examples/poaud_example.go:200.17,203.4 2 0
github.com/guiperry/KNIRV_NETWORK/KNIRVSDK/go/gateway/examples/poaud_example.go:207.2,208.16 2 0
github.com/guiperry/KNIRV_NETWORK/KNIRVSDK/go/gateway/examples/poaud_example.go:208.16,211.3 2 0
github.com/guiperry/KNIRV_NETWORK/KNIRVSDK/go/gateway/examples/poaud_example.go:213.2,216.16 2 0
github.com/guiperry/KNIRV_NETWORK/KNIRVSDK/go/gateway/examples/poaud_example.go:216.16,219.3 1 0
github.com/guiperry/KNIRV_NETWORK/KNIRVSDK/go/gateway/examples/poaud_example.go:219.8,221.3 1 0
github.com/guiperry/KNIRV_NETWORK/KNIRVSDK/go/gateway/examples/poaud_example.go:225.35,237.33 5 0
github.com/guiperry/KNIRV_NETWORK/KNIRVSDK/go/gateway/examples/poaud_example.go:237.33,239.17 2 0
github.com/guiperry/KNIRV_NETWORK/KNIRVSDK/go/gateway/examples/poaud_example.go:239.17,241.4 1 0
github.com/guiperry/KNIRV_NETWORK/KNIRVSDK/go/gateway/examples/poaud_example.go:241.9,243.4 1 0
github.com/guiperry/KNIRV_NETWORK/KNIRVSDK/go/gateway/examples/poaud_example.go:247.2,248.16 2 0
github.com/guiperry/KNIRV_NETWORK/KNIRVSDK/go/gateway/examples/poaud_example.go:248.16,251.3 2 0
github.com/guiperry/KNIRV_NETWORK/KNIRVSDK/go/gateway/examples/poaud_example.go:253.2,253.70 1 0
github.com/guiperry/KNIRV_NETWORK/KNIRVSDK/go/gateway/internal/requestconfig/requestconfig.go:69.77,72.19 2 0
github.com/guiperry/KNIRV_NETWORK/KNIRVSDK/go/gateway/internal/requestconfig/requestconfig.go:72.19,74.3 1 0
github.com/guiperry/KNIRV_NETWORK/KNIRVSDK/go/gateway/internal/requestconfig/requestconfig.go:77.2,78.16 2 0
github.com/guiperry/KNIRV_NETWORK/KNIRVSDK/go/gateway/internal/requestconfig/requestconfig.go:78.16,80.3 1 0
github.com/guiperry/KNIRV_NETWORK/KNIRVSDK/go/gateway/internal/requestconfig/requestconfig.go:83.2,84.21 2 0
github.com/guiperry/KNIRV_NETWORK/KNIRVSDK/go/gateway/internal/requestconfig/requestconfig.go:84.21,86.17 2 0
github.com/guiperry/KNIRV_NETWORK/KNIRVSDK/go/gateway/internal/requestconfig/requestconfig.go:86.17,88.4 1 0
github.com/guiperry/KNIRV_NETWORK/KNIRVSDK/go/gateway/internal/requestconfig/requestconfig.go:89.3,89.42 1 0
github.com/guiperry/KNIRV_NETWORK/KNIRVSDK/go/gateway/internal/requestconfig/requestconfig.go:93.2,94.23 2 0
github.com/guiperry/KNIRV_NETWORK/KNIRVSDK/go/gateway/internal/requestconfig/requestconfig.go:94.23,96.3 1 0
github.com/guiperry/KNIRV_NETWORK/KNIRVSDK/go/gateway/internal/requestconfig/requestconfig.go:96.8,98.3 1 0
github.com/guiperry/KNIRV_NETWORK/KNIRVSDK/go/gateway/internal/requestconfig/requestconfig.go:99.2,99.16 1 0
github.com/guiperry/KNIRV_NETWORK/KNIRVSDK/go/gateway/internal/requestconfig/requestconfig.go:99.16,101.3 1 0
github.com/guiperry/KNIRV_NETWORK/KNIRVSDK/go/gateway/internal/requestconfig/requestconfig.go:104.2,109.17 3 0
github.com/guiperry/KNIRV_NETWORK/KNIRVSDK/go/gateway/internal/requestconfig/requestconfig.go:113.47,115.47 1 0
github.com/guiperry/KNIRV_NETWORK/KNIRVSDK/go/gateway/internal/requestconfig/requestconfig.go:115.47,116.29 1 0
github.com/guiperry/KNIRV_NETWORK/KNIRVSDK/go/gateway/internal/requestconfig/requestconfig.go:116.29,118.4 1 0
github.com/guiperry/KNIRV_NETWORK/KNIRVSDK/go/gateway/internal/requestconfig/requestconfig.go:122.2,122.23 1 0
github.com/guiperry/KNIRV_NETWORK/KNIRVSDK/go/gateway/internal/requestconfig/requestconfig.go:122.23,124.3 1 0
github.com/guiperry/KNIRV_NETWORK/KNIRVSDK/go/gateway/internal/requestconfig/requestconfig.go:127.2,127.47 1 0
github.com/guiperry/KNIRV_NETWORK/KNIRVSDK/go/gateway/internal/requestconfig/requestconfig.go:127.47,129.3 1 0
github.com/guiperry/KNIRV_NETWORK/KNIRVSDK/go/gateway/internal/requestconfig/requestconfig.go:130.2,130.32 1 0
github.com/guiperry/KNIRV_NETWORK/KNIRVSDK/go/gateway/internal/requestconfig/requestconfig.go:134.68,137.16 2 0
github.com/guiperry/KNIRV_NETWORK/KNIRVSDK/go/gateway/internal/requestconfig/requestconfig.go:137.16,139.3 1 0
github.com/guiperry/KNIRV_NETWORK/KNIRVSDK/go/gateway/internal/requestconfig/requestconfig.go:142.2,145.30 2 0
github.com/guiperry/KNIRV_NETWORK/KNIRVSDK/go/gateway/internal/requestconfig/requestconfig.go:145.30,147.43 2 0
github.com/guiperry/KNIRV_NETWORK/KNIRVSDK/go/gateway/internal/requestconfig/requestconfig.go:147.43,149.4 1 0
github.com/guiperry/KNIRV_NETWORK/KNIRVSDK/go/gateway/internal/requestconfig/requestconfig.go:150.3,150.26 1 0
github.com/guiperry/KNIRV_NETWORK/KNIRVSDK/go/gateway/internal/requestconfig/requestconfig.go:153.2,153.24 1 0
github.com/guiperry/KNIRV_NETWORK/KNIRVSDK/go/gateway/internal/requestconfig/requestconfig.go:157.57,158.21 1 0
github.com/guiperry/KNIRV_NETWORK/KNIRVSDK/go/gateway/internal/requestconfig/requestconfig.go:158.21,160.3 1 0
github.com/guiperry/KNIRV_NETWORK/KNIRVSDK/go/gateway/internal/requestconfig/requestconfig.go:163.2,163.40 1 0
github.com/guiperry/KNIRV_NETWORK/KNIRVSDK/go/gateway/internal/requestconfig/requestconfig.go:163.40,165.3 1 0
github.com/guiperry/KNIRV_NETWORK/KNIRVSDK/go/gateway/internal/requestconfig/requestconfig.go:168.2,168.38 1 0
github.com/guiperry/KNIRV_NETWORK/KNIRVSDK/go/gateway/internal/requestconfig/requestconfig.go:168.38,170.3 1 0
github.com/guiperry/KNIRV_NETWORK/KNIRVSDK/go/gateway/internal/requestconfig/requestconfig.go:173.2,173.31 1 0
github.com/guiperry/KNIRV_NETWORK/KNIRVSDK/go/gateway/internal/requestconfig/requestconfig.go:177.57,183.61 3 0
github.com/guiperry/KNIRV_NETWORK/KNIRVSDK/go/gateway/internal/requestconfig/requestconfig.go:183.61,185.3 1 0
github.com/guiperry/KNIRV_NETWORK/KNIRVSDK/go/gateway/internal/requestconfig/requestconfig.go:188.2,188.38 1 0
github.com/guiperry/KNIRV_NETWORK/KNIRVSDK/go/gateway/internal/requestconfig/requestconfig.go:188.38,190.3 1 0
github.com/guiperry/KNIRV_NETWORK/KNIRVSDK/go/gateway/internal/requestconfig/requestconfig.go:193.2,193.22 1 0
github.com/guiperry/KNIRV_NETWORK/KNIRVSDK/go/gateway/internal/requestconfig/requestconfig.go:193.22,195.3 1 0
github.com/guiperry/KNIRV_NETWORK/KNIRVSDK/go/gateway/internal/requestconfig/requestconfig.go:198.2,198.27 1 0
github.com/guiperry/KNIRV_NETWORK/KNIRVSDK/go/gateway/internal/requestconfig/requestconfig.go:198.27,200.3 1 0
github.com/guiperry/KNIRV_NETWORK/KNIRVSDK/go/gateway/internal/requestconfig/requestconfig.go:203.2,203.27 1 0
github.com/guiperry/KNIRV_NETWORK/KNIRVSDK/go/gateway/internal/requestconfig/requestconfig.go:203.27,205.3 1 0
github.com/guiperry/KNIRV_NETWORK/KNIRVSDK/go/gateway/internal/requestconfig/requestconfig.go:208.2,208.27 1 0
github.com/guiperry/KNIRV_NETWORK/KNIRVSDK/go/gateway/internal/requestconfig/requestconfig.go:208.27,210.3 1 0
github.com/guiperry/KNIRV_NETWORK/KNIRVSDK/go/gateway/internal/requestconfig/requestconfig.go:213.2,213.15 1 0
github.com/guiperry/KNIRV_NETWORK/KNIRVSDK/go/gateway/internal/requestconfig/requestconfig.go:213.15,215.3 1 0
github.com/guiperry/KNIRV_NETWORK/KNIRVSDK/go/gateway/internal/requestconfig/requestconfig.go:216.2,216.17 1 0
github.com/guiperry/KNIRV_NETWORK/KNIRVSDK/go/gateway/internal/requestconfig/requestconfig.go:216.17,218.3 1 0
github.com/guiperry/KNIRV_NETWORK/KNIRVSDK/go/gateway/internal/requestconfig/requestconfig.go:222.54,224.26 1 0
github.com/guiperry/KNIRV_NETWORK/KNIRVSDK/go/gateway/internal/requestconfig/requestconfig.go:224.26,226.3 1 0
github.com/guiperry/KNIRV_NETWORK/KNIRVSDK/go/gateway/internal/requestconfig/requestconfig.go:230.56,231.27 1 0
github.com/guiperry/KNIRV_NETWORK/KNIRVSDK/go/gateway/internal/requestconfig/requestconfig.go:231.27,233.3 1 0
github.com/guiperry/KNIRV_NETWORK/KNIRVSDK/go/gateway/internal/requestconfig/requestconfig.go:236.2,237.18 2 0
github.com/guiperry/KNIRV_NETWORK/KNIRVSDK/go/gateway/internal/requestconfig/requestconfig.go:237.18,239.3 1 0
github.com/guiperry/KNIRV_NETWORK/KNIRVSDK/go/gateway/internal/requestconfig/requestconfig.go:241.2,243.3 1 0
github.com/guiperry/KNIRV_NETWORK/KNIRVSDK/go/gateway/internal/requestconfig/requestconfig.go:247.50,276.24 2 0
github.com/guiperry/KNIRV_NETWORK/KNIRVSDK/go/gateway/internal/requestconfig/requestconfig.go:276.24,278.33 2 0
github.com/guiperry/KNIRV_NETWORK/KNIRVSDK/go/gateway/internal/requestconfig/requestconfig.go:278.33,280.4 1 0
github.com/guiperry/KNIRV_NETWORK/KNIRVSDK/go/gateway/internal/requestconfig/requestconfig.go:283.2,283.28 1 0
github.com/guiperry/KNIRV_NETWORK/KNIRVSDK/go/gateway/internal/requestconfig/requestconfig.go:283.28,285.37 2 0
github.com/guiperry/KNIRV_NETWORK/KNIRVSDK/go/gateway/internal/requestconfig/requestconfig.go:285.37,287.4 1 0
github.com/guiperry/KNIRV_NETWORK/KNIRVSDK/go/gateway/internal/requestconfig/requestconfig.go:290.2,290.28 1 0
github.com/guiperry/KNIRV_NETWORK/KNIRVSDK/go/gateway/internal/requestconfig/requestconfig.go:290.28,292.37 2 0
github.com/guiperry/KNIRV_NETWORK/KNIRVSDK/go/gateway/internal/requestconfig/requestconfig.go:292.37,294.4 1 0
github.com/guiperry/KNIRV_NETWORK/KNIRVSDK/go/gateway/internal/requestconfig/requestconfig.go:298.2,298.26 1 0
github.com/guiperry/KNIRV_NETWORK/KNIRVSDK/go/gateway/internal/requestconfig/requestconfig.go:298.26,303.3 1 0
github.com/guiperry/KNIRV_NETWORK/KNIRVSDK/go/gateway/internal/requestconfig/requestconfig.go:305.2,305.14 1 0
github.com/guiperry/KNIRV_NETWORK/KNIRVSDK/go/gateway/internal/requestconfig/requestconfig.go:309.44,310.22 1 0
github.com/guiperry/KNIRV_NETWORK/KNIRVSDK/go/gateway/internal/requestconfig/requestconfig.go:310.22,312.3 1 0
github.com/guiperry/KNIRV_NETWORK/KNIRVSDK/go/gateway/internal/requestconfig/requestconfig.go:314.2,314.20 1 0
github.com/guiperry/KNIRV_NETWORK/KNIRVSDK/go/gateway/internal/requestconfig/requestconfig.go:314.20,316.3 1 0
github.com/guiperry/KNIRV_NETWORK/KNIRVSDK/go/gateway/internal/requestconfig/requestconfig.go:318.2,318.49 1 0
github.com/guiperry/KNIRV_NETWORK/KNIRVSDK/go/gateway/internal/requestconfig/requestconfig.go:318.49,320.3 1 0
github.com/guiperry/KNIRV_NETWORK/KNIRVSDK/go/gateway/internal/requestconfig/requestconfig.go:322.2,322.12 1 0
github.com/guiperry/KNIRV_NETWORK/KNIRVSDK/go/gateway/internal/requestconfig/requestconfig.go:329.131,341.27 2 0
github.com/guiperry/KNIRV_NETWORK/KNIRVSDK/go/gateway/internal/requestconfig/requestconfig.go:341.27,343.3 1 0
github.com/guiperry/KNIRV_NETWORK/KNIRVSDK/go/gateway/internal/requestconfig/requestconfig.go:345.2,345.12 1 0
github.com/guiperry/KNIRV_NETWORK/KNIRVSDK/go/gateway/internal/requestconfig/requestconfig.go:349.62,358.16 5 0
github.com/guiperry/KNIRV_NETWORK/KNIRVSDK/go/gateway/internal/requestconfig/requestconfig.go:358.16,360.3 1 0
github.com/guiperry/KNIRV_NETWORK/KNIRVSDK/go/gateway/internal/requestconfig/requestconfig.go:363.2,365.16 3 0
github.com/guiperry/KNIRV_NETWORK/KNIRVSDK/go/gateway/internal/requestconfig/requestconfig.go:365.16,367.3 1 0
github.com/guiperry/KNIRV_NETWORK/KNIRVSDK/go/gateway/internal/requestconfig/requestconfig.go:368.2,372.16 3 0
github.com/guiperry/KNIRV_NETWORK/KNIRVSDK/go/gateway/internal/requestconfig/requestconfig.go:372.16,374.3 1 0
github.com/guiperry/KNIRV_NETWORK/KNIRVSDK/go/gateway/internal/requestconfig/requestconfig.go:377.2,377.28 1 0
github.com/guiperry/KNIRV_NETWORK/KNIRVSDK/go/gateway/internal/requestconfig/requestconfig.go:377.28,379.3 1 0
github.com/guiperry/KNIRV_NETWORK/KNIRVSDK/go/gateway/internal/requestconfig/requestconfig.go:382.2,382.23 1 0
github.com/guiperry/KNIRV_NETWORK/KNIRVSDK/go/gateway/internal/requestconfig/requestconfig.go:382.23,383.59 1 0
github.com/guiperry/KNIRV_NETWORK/KNIRVSDK/go/gateway/internal/requestconfig/requestconfig.go:383.59,385.4 1 0
github.com/guiperry/KNIRV_NETWORK/KNIRVSDK/go/gateway/internal/requestconfig/requestconfig.go:388.2,388.20 1 0
github.com/guiperry/KNIRV_NETWORK/KNIRVSDK/go/gateway/option/option.go:16.48,17.48 1 0
github.com/guiperry/KNIRV_NETWORK/KNIRVSDK/go/gateway/option/option.go:17.48,19.3 1 0
github.com/guiperry/KNIRV_NETWORK/KNIRVSDK/go/gateway/option/option.go:23.58,24.48 1 0
github.com/guiperry/KNIRV_NETWORK/KNIRVSDK/go/gateway/option/option.go:24.48,26.3 1 0
github.com/guiperry/KNIRV_NETWORK/KNIRVSDK/go/gateway/option/option.go:30.46,31.48 1 0
github.com/guiperry/KNIRV_NETWORK/KNIRVSDK/go/gateway/option/option.go:31.48,33.3 1 0
github.com/guiperry/KNIRV_NETWORK/KNIRVSDK/go/gateway/option/option.go:37.53,38.48 1 0
github.com/guiperry/KNIRV_NETWORK/KNIRVSDK/go/gateway/option/option.go:38.48,40.3 1 0
github.com/guiperry/KNIRV_NETWORK/KNIRVSDK/go/gateway/option/option.go:44.55,45.48 1 0
github.com/guiperry/KNIRV_NETWORK/KNIRVSDK/go/gateway/option/option.go:45.48,47.3 1 0
github.com/guiperry/KNIRV_NETWORK/KNIRVSDK/go/gateway/option/option.go:51.50,52.48 1 0
github.com/guiperry/KNIRV_NETWORK/KNIRVSDK/go/gateway/option/option.go:52.48,53.25 1 0
github.com/guiperry/KNIRV_NETWORK/KNIRVSDK/go/gateway/option/option.go:53.25,55.4 1 0
github.com/guiperry/KNIRV_NETWORK/KNIRVSDK/go/gateway/option/option.go:56.3,56.27 1 0
github.com/guiperry/KNIRV_NETWORK/KNIRVSDK/go/gateway/option/option.go:61.52,63.2 1 0
github.com/guiperry/KNIRV_NETWORK/KNIRVSDK/go/gateway/option/option.go:66.56,68.2 1 0
github.com/guiperry/KNIRV_NETWORK/KNIRVSDK/go/gateway/option/option.go:71.42,73.2 1 0
github.com/guiperry/KNIRV_NETWORK/KNIRVSDK/go/gateway/option/option.go:76.43,78.2 1 0
github.com/guiperry/KNIRV_NETWORK/KNIRVSDK/go/gateway/option/option.go:81.61,82.48 1 0
github.com/guiperry/KNIRV_NETWORK/KNIRVSDK/go/gateway/option/option.go:82.48,87.3 1 0
github.com/guiperry/KNIRV_NETWORK/KNIRVSDK/go/gateway/option/option.go:91.56,92.48 1 0
github.com/guiperry/KNIRV_NETWORK/KNIRVSDK/go/gateway/option/option.go:92.48,94.3 1 0
github.com/guiperry/KNIRV_NETWORK/KNIRVSDK/go/gateway/option/option.go:98.45,99.48 1 0
github.com/guiperry/KNIRV_NETWORK/KNIRVSDK/go/gateway/option/option.go:99.48,101.3 1 0
github.com/guiperry/KNIRV_NETWORK/KNIRVSDK/go/gateway/option/option.go:105.56,106.48 1 0
github.com/guiperry/KNIRV_NETWORK/KNIRVSDK/go/gateway/option/option.go:106.48,108.3 1 0
github.com/guiperry/KNIRV_NETWORK/KNIRVSDK/go/gateway/option/option.go:112.70,113.48 1 0
github.com/guiperry/KNIRV_NETWORK/KNIRVSDK/go/gateway/option/option.go:113.48,116.3 2 0
github.com/guiperry/KNIRV_NETWORK/KNIRVSDK/go/gateway/option/option.go:120.48,121.48 1 0
github.com/guiperry/KNIRV_NETWORK/KNIRVSDK/go/gateway/option/option.go:121.48,125.3 3 0
github.com/guiperry/KNIRV_NETWORK/KNIRVSDK/go/gateway/option/option.go:129.45,130.48 1 0
github.com/guiperry/KNIRV_NETWORK/KNIRVSDK/go/gateway/option/option.go:130.48,134.3 3 0
github.com/guiperry/KNIRV_NETWORK/KNIRVSDK/go/gateway/option/option.go:138.49,139.48 1 0
github.com/guiperry/KNIRV_NETWORK/KNIRVSDK/go/gateway/option/option.go:139.48,143.3 3 0
github.com/guiperry/KNIRV_NETWORK/KNIRVSDK/go/gateway/option/option.go:147.42,148.48 1 0
github.com/guiperry/KNIRV_NETWORK/KNIRVSDK/go/gateway/option/option.go:148.48,150.3 1 0
github.com/guiperry/KNIRV_NETWORK/KNIRVSDK/go/gateway/option/option.go:154.46,155.48 1 0
github.com/guiperry/KNIRV_NETWORK/KNIRVSDK/go/gateway/option/option.go:155.48,157.3 1 0
github.com/guiperry/KNIRV_NETWORK/KNIRVSDK/go/gateway/option/option.go:161.50,162.48 1 0
github.com/guiperry/KNIRV_NETWORK/KNIRVSDK/go/gateway/option/option.go:162.48,163.29 1 0
github.com/guiperry/KNIRV_NETWORK/KNIRVSDK/go/gateway/option/option.go:163.29,165.4 1 0
github.com/guiperry/KNIRV_NETWORK/KNIRVSDK/go/gateway/option/option.go:166.3,166.38 1 0
github.com/guiperry/KNIRV_NETWORK/KNIRVSDK/go/gateway/option/option.go:171.50,172.48 1 0
github.com/guiperry/KNIRV_NETWORK/KNIRVSDK/go/gateway/option/option.go:172.48,173.29 1 0
github.com/guiperry/KNIRV_NETWORK/KNIRVSDK/go/gateway/option/option.go:173.29,175.4 1 0
github.com/guiperry/KNIRV_NETWORK/KNIRVSDK/go/gateway/option/option.go:176.3,176.38 1 0
github.com/guiperry/KNIRV_NETWORK/KNIRVSDK/go/gateway/option/option.go:181.49,182.48 1 0
github.com/guiperry/KNIRV_NETWORK/KNIRVSDK/go/gateway/option/option.go:182.48,183.29 1 0
github.com/guiperry/KNIRV_NETWORK/KNIRVSDK/go/gateway/option/option.go:183.29,185.4 1 0
github.com/guiperry/KNIRV_NETWORK/KNIRVSDK/go/gateway/option/option.go:186.3,186.37 1 0
github.com/guiperry/KNIRV_NETWORK/KNIRVSDK/go/gateway/option/option.go:191.50,192.48 1 0
github.com/guiperry/KNIRV_NETWORK/KNIRVSDK/go/gateway/option/option.go:192.48,193.29 1 0
github.com/guiperry/KNIRV_NETWORK/KNIRVSDK/go/gateway/option/option.go:193.29,195.4 1 0
github.com/guiperry/KNIRV_NETWORK/KNIRVSDK/go/gateway/option/option.go:196.3,196.38 1 0
github.com/guiperry/KNIRV_NETWORK/KNIRVSDK/go/gateway/option/option.go:201.87,202.48 1 0
github.com/guiperry/KNIRV_NETWORK/KNIRVSDK/go/gateway/option/option.go:202.48,203.29 1 0
github.com/guiperry/KNIRV_NETWORK/KNIRVSDK/go/gateway/option/option.go:203.29,205.4 1 0
github.com/guiperry/KNIRV_NETWORK/KNIRVSDK/go/gateway/option/option.go:206.3,209.43 4 0
github.com/guiperry/KNIRV_NETWORK/KNIRVSDK/go/gateway/option/option.go:214.47,221.2 1 0
github.com/guiperry/KNIRV_NETWORK/KNIRVSDK/go/gateway/option/option.go:224.74,225.48 1 0
github.com/guiperry/KNIRV_NETWORK/KNIRVSDK/go/gateway/option/option.go:225.48,228.3 2 0
github.com/guiperry/KNIRV_NETWORK/KNIRVSDK/go/gateway/option/option.go:232.98,233.48 1 0
github.com/guiperry/KNIRV_NETWORK/KNIRVSDK/go/gateway/option/option.go:233.48,237.3 3 0
github.com/guiperry/KNIRV_NETWORK/KNIRVSDK/go/gateway/option/option.go:241.46,242.48 1 0
github.com/guiperry/KNIRV_NETWORK/KNIRVSDK/go/gateway/option/option.go:242.48,244.3 1 0
github.com/guiperry/KNIRV_NETWORK/KNIRVSDK/go/gateway/option/option.go:248.66,249.48 1 0
github.com/guiperry/KNIRV_NETWORK/KNIRVSDK/go/gateway/option/option.go:249.48,252.3 2 0
github.com/guiperry/KNIRV_NETWORK/KNIRVSDK/go/gateway/option/option.go:256.74,257.48 1 0
github.com/guiperry/KNIRV_NETWORK/KNIRVSDK/go/gateway/option/option.go:257.48,260.3 2 0
github.com/guiperry/KNIRV_NETWORK/KNIRVSDK/go/gateway/client.go:71.52,75.56 2 1
github.com/guiperry/KNIRV_NETWORK/KNIRVSDK/go/gateway/client.go:75.56,77.3 1 0
github.com/guiperry/KNIRV_NETWORK/KNIRVSDK/go/gateway/client.go:77.8,77.61 1 1
github.com/guiperry/KNIRV_NETWORK/KNIRVSDK/go/gateway/client.go:77.61,79.3 1 0
github.com/guiperry/KNIRV_NETWORK/KNIRVSDK/go/gateway/client.go:79.8,81.3 1 1
github.com/guiperry/KNIRV_NETWORK/KNIRVSDK/go/gateway/client.go:84.2,84.56 1 1
github.com/guiperry/KNIRV_NETWORK/KNIRVSDK/go/gateway/client.go:84.56,86.3 1 0
github.com/guiperry/KNIRV_NETWORK/KNIRVSDK/go/gateway/client.go:86.8,88.3 1 1
github.com/guiperry/KNIRV_NETWORK/KNIRVSDK/go/gateway/client.go:91.2,91.55 1 1
github.com/guiperry/KNIRV_NETWORK/KNIRVSDK/go/gateway/client.go:91.55,93.3 1 0
github.com/guiperry/KNIRV_NETWORK/KNIRVSDK/go/gateway/client.go:96.2,96.47 1 1
github.com/guiperry/KNIRV_NETWORK/KNIRVSDK/go/gateway/client.go:96.47,98.3 1 0
github.com/guiperry/KNIRV_NETWORK/KNIRVSDK/go/gateway/client.go:100.2,100.17 1 1
github.com/guiperry/KNIRV_NETWORK/KNIRVSDK/go/gateway/client.go:107.63,142.2 9 1
github.com/guiperry/KNIRV_NETWORK/KNIRVSDK/go/gateway/client.go:145.63,150.29 2 0
github.com/guiperry/KNIRV_NETWORK/KNIRVSDK/go/gateway/client.go:150.29,152.3 1 0
github.com/guiperry/KNIRV_NETWORK/KNIRVSDK/go/gateway/client.go:154.2,156.15 3 0
github.com/guiperry/KNIRV_NETWORK/KNIRVSDK/go/gateway/client.go:160.61,165.27 2 0
github.com/guiperry/KNIRV_NETWORK/KNIRVSDK/go/gateway/client.go:165.27,167.3 1 0
github.com/guiperry/KNIRV_NETWORK/KNIRVSDK/go/gateway/client.go:169.2,171.15 3 0
github.com/guiperry/KNIRV_NETWORK/KNIRVSDK/go/gateway/client.go:175.104,177.16 2 0
github.com/guiperry/KNIRV_NETWORK/KNIRVSDK/go/gateway/client.go:177.16,179.3 1 0
github.com/guiperry/KNIRV_NETWORK/KNIRVSDK/go/gateway/client.go:181.2,185.23 2 0
github.com/guiperry/KNIRV_NETWORK/KNIRVSDK/go/gateway/client.go:189.110,195.49 2 0
github.com/guiperry/KNIRV_NETWORK/KNIRVSDK/go/gateway/client.go:195.49,197.3 1 0
github.com/guiperry/KNIRV_NETWORK/KNIRVSDK/go/gateway/client.go:199.2,199.28 1 0
github.com/guiperry/KNIRV_NETWORK/KNIRVSDK/go/gateway/client.go:203.129,210.49 2 0
github.com/guiperry/KNIRV_NETWORK/KNIRVSDK/go/gateway/client.go:210.49,212.3 1 0
github.com/guiperry/KNIRV_NETWORK/KNIRVSDK/go/gateway/client.go:214.2,214.28 1 0
github.com/guiperry/KNIRV_NETWORK/KNIRVSDK/go/gateway/client.go:218.128,225.49 2 0
github.com/guiperry/KNIRV_NETWORK/KNIRVSDK/go/gateway/client.go:225.49,227.3 1 0
github.com/guiperry/KNIRV_NETWORK/KNIRVSDK/go/gateway/client.go:229.2,229.28 1 0
github.com/guiperry/KNIRV_NETWORK/KNIRVSDK/go/gateway/client.go:233.113,239.49 2 0
github.com/guiperry/KNIRV_NETWORK/KNIRVSDK/go/gateway/client.go:239.49,241.3 1 0
github.com/guiperry/KNIRV_NETWORK/KNIRVSDK/go/gateway/client.go:243.2,243.28 1 0
github.com/guiperry/KNIRV_NETWORK/KNIRVSDK/go/gateway/client.go:247.112,254.32 2 1
github.com/guiperry/KNIRV_NETWORK/KNIRVSDK/go/gateway/client.go:254.32,256.3 1 1
github.com/guiperry/KNIRV_NETWORK/KNIRVSDK/go/gateway/client.go:258.2,258.23 1 1
github.com/guiperry/KNIRV_NETWORK/KNIRVSDK/go/gateway/client.go:262.64,265.32 2 1
github.com/guiperry/KNIRV_NETWORK/KNIRVSDK/go/gateway/client.go:265.32,267.3 1 1
github.com/guiperry/KNIRV_NETWORK/KNIRVSDK/go/gateway/client.go:270.2,274.21 3 1
github.com/guiperry/KNIRV_NETWORK/KNIRVSDK/go/gateway/client.go:274.21,276.3 1 1
github.com/guiperry/KNIRV_NETWORK/KNIRVSDK/go/gateway/client.go:278.2,279.52 2 1
github.com/guiperry/KNIRV_NETWORK/KNIRVSDK/go/gateway/client.go:279.52,281.42 2 1
github.com/guiperry/KNIRV_NETWORK/KNIRVSDK/go/gateway/client.go:281.42,284.4 1 1
github.com/guiperry/KNIRV_NETWORK/KNIRVSDK/go/gateway/client.go:287.3,287.17 1 1
github.com/guiperry/KNIRV_NETWORK/KNIRVSDK/go/gateway/client.go:287.17,289.4 1 1
github.com/guiperry/KNIRV_NETWORK/KNIRVSDK/go/gateway/client.go:289.9,291.4 1 1
github.com/guiperry/KNIRV_NETWORK/KNIRVSDK/go/gateway/client.go:294.3,294.51 1 1
github.com/guiperry/KNIRV_NETWORK/KNIRVSDK/go/gateway/client.go:294.51,296.4 1 1
github.com/guiperry/KNIRV_NETWORK/KNIRVSDK/go/gateway/client.go:300.2,300.20 1 1
github.com/guiperry/KNIRV_NETWORK/KNIRVSDK/go/gateway/client.go:300.20,302.3 1 1
github.com/guiperry/KNIRV_NETWORK/KNIRVSDK/go/gateway/client.go:305.2,305.34 1 0
github.com/guiperry/KNIRV_NETWORK/KNIRVSDK/go/gateway/economics.go:45.68,71.2 1 1
github.com/guiperry/KNIRV_NETWORK/KNIRVSDK/go/gateway/economics.go:74.77,76.21 1 1
github.com/guiperry/KNIRV_NETWORK/KNIRVSDK/go/gateway/economics.go:76.21,88.3 1 1
github.com/guiperry/KNIRV_NETWORK/KNIRVSDK/go/gateway/economics.go:89.2,89.43 1 0
github.com/guiperry/KNIRV_NETWORK/KNIRVSDK/go/gateway/economics.go:93.94,106.2 1 1
github.com/guiperry/KNIRV_NETWORK/KNIRVSDK/go/gateway/economics.go:109.105,122.2 1 1
github.com/guiperry/KNIRV_NETWORK/KNIRVSDK/go/gateway/economics.go:125.70,128.2 1 1
github.com/guiperry/KNIRV_NETWORK/KNIRVSDK/go/gateway/economics.go:154.74,172.2 1 1
github.com/guiperry/KNIRV_NETWORK/KNIRVSDK/go/gateway/economics.go:175.71,187.2 1 1
github.com/guiperry/KNIRV_NETWORK/KNIRVSDK/go/gateway/economics.go:218.110,226.2 1 1
github.com/guiperry/KNIRV_NETWORK/KNIRVSDK/go/gateway/economics.go:229.86,240.2 1 1
github.com/guiperry/KNIRV_NETWORK/KNIRVSDK/go/gateway/economics.go:268.116,278.2 3 0
github.com/guiperry/KNIRV_NETWORK/KNIRVSDK/go/gateway/economics.go:283.80,297.2 1 1
github.com/guiperry/KNIRV_NETWORK/KNIRVSDK/go/gateway/economics.go:323.86,332.2 1 1
github.com/guiperry/KNIRV_NETWORK/KNIRVSDK/go/gateway/economics.go:335.87,346.2 1 1
github.com/guiperry/KNIRV_NETWORK/KNIRVSDK/go/gateway/economics.go:520.115,522.16 2 0
github.com/guiperry/KNIRV_NETWORK/KNIRVSDK/go/gateway/economics.go:522.16,524.3 1 0
github.com/guiperry/KNIRV_NETWORK/KNIRVSDK/go/gateway/economics.go:525.2,533.67 3 0
github.com/guiperry/KNIRV_NETWORK/KNIRVSDK/go/gateway/economics.go:533.67,535.3 1 0
github.com/guiperry/KNIRV_NETWORK/KNIRVSDK/go/gateway/economics.go:537.2,537.21 1 0
github.com/guiperry/KNIRV_NETWORK/KNIRVSDK/go/gateway/economics.go:537.21,539.3 1 0
github.com/guiperry/KNIRV_NETWORK/KNIRVSDK/go/gateway/economics.go:541.2,541.25 1 0
github.com/guiperry/KNIRV_NETWORK/KNIRVSDK/go/gateway/economics.go:547.114,549.16 2 0
github.com/guiperry/KNIRV_NETWORK/KNIRVSDK/go/gateway/economics.go:549.16,551.3 1 0
github.com/guiperry/KNIRV_NETWORK/KNIRVSDK/go/gateway/economics.go:552.2,560.67 3 0
github.com/guiperry/KNIRV_NETWORK/KNIRVSDK/go/gateway/economics.go:560.67,562.3 1 0
github.com/guiperry/KNIRV_NETWORK/KNIRVSDK/go/gateway/economics.go:564.2,564.21 1 0
github.com/guiperry/KNIRV_NETWORK/KNIRVSDK/go/gateway/economics.go:564.21,566.3 1 0
github.com/guiperry/KNIRV_NETWORK/KNIRVSDK/go/gateway/economics.go:568.2,568.25 1 0
github.com/guiperry/KNIRV_NETWORK/KNIRVSDK/go/gateway/economics.go:574.121,576.16 2 0
github.com/guiperry/KNIRV_NETWORK/KNIRVSDK/go/gateway/economics.go:576.16,578.3 1 0
github.com/guiperry/KNIRV_NETWORK/KNIRVSDK/go/gateway/economics.go:579.2,587.67 3 0
github.com/guiperry/KNIRV_NETWORK/KNIRVSDK/go/gateway/economics.go:587.67,589.3 1 0
github.com/guiperry/KNIRV_NETWORK/KNIRVSDK/go/gateway/economics.go:591.2,591.21 1 0
github.com/guiperry/KNIRV_NETWORK/KNIRVSDK/go/gateway/economics.go:591.21,593.3 1 0
github.com/guiperry/KNIRV_NETWORK/KNIRVSDK/go/gateway/economics.go:595.2,595.25 1 0
github.com/guiperry/KNIRV_NETWORK/KNIRVSDK/go/gateway/economics.go:601.112,611.2 3 1
github.com/guiperry/KNIRV_NETWORK/KNIRVSDK/go/gateway/economics.go:616.77,618.16 2 0
github.com/guiperry/KNIRV_NETWORK/KNIRVSDK/go/gateway/economics.go:618.16,620.3 1 0
github.com/guiperry/KNIRV_NETWORK/KNIRVSDK/go/gateway/economics.go:621.2,629.67 3 0
github.com/guiperry/KNIRV_NETWORK/KNIRVSDK/go/gateway/economics.go:629.67,631.3 1 0
github.com/guiperry/KNIRV_NETWORK/KNIRVSDK/go/gateway/economics.go:633.2,633.21 1 0
github.com/guiperry/KNIRV_NETWORK/KNIRVSDK/go/gateway/economics.go:633.21,635.3 1 0
github.com/guiperry/KNIRV_NETWORK/KNIRVSDK/go/gateway/economics.go:637.2,637.25 1 0
github.com/guiperry/KNIRV_NETWORK/KNIRVSDK/go/gateway/economics.go:641.112,644.16 3 0
github.com/guiperry/KNIRV_NETWORK/KNIRVSDK/go/gateway/economics.go:644.16,646.3 1 0
github.com/guiperry/KNIRV_NETWORK/KNIRVSDK/go/gateway/economics.go:647.2,655.67 3 0
github.com/guiperry/KNIRV_NETWORK/KNIRVSDK/go/gateway/economics.go:655.67,657.3 1 0
github.com/guiperry/KNIRV_NETWORK/KNIRVSDK/go/gateway/economics.go:659.2,659.21 1 0
github.com/guiperry/KNIRV_NETWORK/KNIRVSDK/go/gateway/economics.go:659.21,661.3 1 0
github.com/guiperry/KNIRV_NETWORK/KNIRVSDK/go/gateway/economics.go:663.2,663.25 1 0
github.com/guiperry/KNIRV_NETWORK/KNIRVSDK/go/gateway/poaud.go:17.81,19.27 2 0
github.com/guiperry/KNIRV_NETWORK/KNIRVSDK/go/gateway/poaud.go:19.27,21.3 1 0
github.com/guiperry/KNIRV_NETWORK/KNIRVSDK/go/gateway/poaud.go:22.2,22.18 1 0
github.com/guiperry/KNIRV_NETWORK/KNIRVSDK/go/gateway/poaud.go:153.73,180.2 1 1
github.com/guiperry/KNIRV_NETWORK/KNIRVSDK/go/gateway/poaud.go:183.81,185.21 1 1
github.com/guiperry/KNIRV_NETWORK/KNIRVSDK/go/gateway/poaud.go:185.21,199.3 1 1
github.com/guiperry/KNIRV_NETWORK/KNIRVSDK/go/gateway/poaud.go:200.2,200.43 1 1
github.com/guiperry/KNIRV_NETWORK/KNIRVSDK/go/gateway/poaud.go:204.98,206.58 1 1
github.com/guiperry/KNIRV_NETWORK/KNIRVSDK/go/gateway/poaud.go:206.58,208.3 1 1
github.com/guiperry/KNIRV_NETWORK/KNIRVSDK/go/gateway/poaud.go:211.2,220.8 1 1
github.com/guiperry/KNIRV_NETWORK/KNIRVSDK/go/gateway/poaud.go:224.99,227.2 1 1
github.com/guiperry/KNIRV_NETWORK/KNIRVSDK/go/gateway/poaud.go:230.112,240.2 1 1
github.com/guiperry/KNIRV_NETWORK/KNIRVSDK/go/gateway/poaud.go:243.81,256.2 1 1
github.com/guiperry/KNIRV_NETWORK/KNIRVSDK/go/gateway/poaud.go:259.110,270.2 1 1
github.com/guiperry/KNIRV_NETWORK/KNIRVSDK/go/gateway/poaud.go:273.121,285.2 1 1
github.com/guiperry/KNIRV_NETWORK/KNIRVSDK/go/gateway/poaud.go:288.103,304.2 1 1
github.com/guiperry/KNIRV_NETWORK/KNIRVSDK/go/gateway/poaud.go:307.82,308.43 1 1
github.com/guiperry/KNIRV_NETWORK/KNIRVSDK/go/gateway/poaud.go:308.43,310.3 1 1
github.com/guiperry/KNIRV_NETWORK/KNIRVSDK/go/gateway/poaud.go:311.2,311.12 1 1
github.com/guiperry/KNIRV_NETWORK/KNIRVSDK/go/gateway/poaud.go:315.90,316.20 1 1
github.com/guiperry/KNIRV_NETWORK/KNIRVSDK/go/gateway/poaud.go:316.20,318.3 1 1
github.com/guiperry/KNIRV_NETWORK/KNIRVSDK/go/gateway/poaud.go:319.2,320.42 2 1
github.com/guiperry/KNIRV_NETWORK/KNIRVSDK/go/gateway/poaud.go:320.42,321.30 1 1
github.com/guiperry/KNIRV_NETWORK/KNIRVSDK/go/gateway/poaud.go:321.30,323.4 1 1
github.com/guiperry/KNIRV_NETWORK/KNIRVSDK/go/gateway/poaud.go:325.2,325.47 1 0
github.com/guiperry/KNIRV_NETWORK/KNIRVSDK/go/gateway/poaud.go:329.106,332.2 2 0
github.com/guiperry/KNIRV_NETWORK/KNIRVSDK/go/gateway/poaud.go:335.107,338.2 2 0
github.com/guiperry/KNIRV_NETWORK/KNIRVSDK/go/gateway/poaud.go:341.107,344.2 2 0
github.com/guiperry/KNIRV_NETWORK/KNIRVSDK/go/gateway/poaud.go:347.128,351.2 3 0
github.com/guiperry/KNIRV_NETWORK/KNIRVSDK/go/gateway/poaud.go:354.131,358.2 3 0
github.com/guiperry/KNIRV_NETWORK/KNIRVSDK/go/gateway/poaud.go:361.122,364.2 2 0
github.com/guiperry/KNIRV_NETWORK/KNIRVSDK/go/gateway/poaud.go:372.64,377.2 2 0
github.com/guiperry/KNIRV_NETWORK/KNIRVSDK/go/gateway/poaud.go:380.84,382.2 1 0
github.com/guiperry/KNIRV_NETWORK/KNIRVSDK/go/gateway/poaud.go:385.85,387.2 1 0
github.com/guiperry/KNIRV_NETWORK/KNIRVSDK/go/gateway/poaud.go:390.85,392.2 1 0
github.com/guiperry/KNIRV_NETWORK/KNIRVSDK/go/gateway/poaud.go:395.101,397.2 1 0
github.com/guiperry/KNIRV_NETWORK/KNIRVSDK/go/gateway/poaud.go:400.104,402.2 1 0
github.com/guiperry/KNIRV_NETWORK/KNIRVSDK/go/gateway/poaud.go:405.96,407.2 1 0
github.com/guiperry/KNIRV_NETWORK/KNIRVSDK/go/gateway/poaud.go:410.73,412.16 2 0
github.com/guiperry/KNIRV_NETWORK/KNIRVSDK/go/gateway/poaud.go:412.16,414.3 1 0
github.com/guiperry/KNIRV_NETWORK/KNIRVSDK/go/gateway/poaud.go:415.2,415.28 1 0
github.com/guiperry/KNIRV_NETWORK/KNIRVSDK/go/gateway/poaud.go:419.79,421.16 2 0
github.com/guiperry/KNIRV_NETWORK/KNIRVSDK/go/gateway/poaud.go:421.16,423.3 1 0
github.com/guiperry/KNIRV_NETWORK/KNIRVSDK/go/gateway/poaud.go:424.2,424.27 1 0
github.com/guiperry/KNIRV_NETWORK/KNIRVSDK/go/gateway/poaud.go:428.90,430.16 2 0
github.com/guiperry/KNIRV_NETWORK/KNIRVSDK/go/gateway/poaud.go:430.16,432.3 1 0
github.com/guiperry/KNIRV_NETWORK/KNIRVSDK/go/gateway/poaud.go:434.2,434.48 1 0
github.com/guiperry/KNIRV_NETWORK/KNIRVSDK/go/gateway/poaud.go:434.48,435.24 1 0
github.com/guiperry/KNIRV_NETWORK/KNIRVSDK/go/gateway/poaud.go:435.24,437.4 1 0
github.com/guiperry/KNIRV_NETWORK/KNIRVSDK/go/gateway/poaud.go:439.2,439.19 1 0
github.com/guiperry/KNIRV_NETWORK/KNIRVSDK/go/gateway/poaud.go:443.100,445.16 2 0
github.com/guiperry/KNIRV_NETWORK/KNIRVSDK/go/gateway/poaud.go:445.16,447.3 1 0
github.com/guiperry/KNIRV_NETWORK/KNIRVSDK/go/gateway/poaud.go:449.2,457.35 2 0
github.com/guiperry/KNIRV_NETWORK/KNIRVSDK/go/gateway/poaud.go:457.35,458.44 1 0
github.com/guiperry/KNIRV_NETWORK/KNIRVSDK/go/gateway/poaud.go:458.44,460.4 1 0
github.com/guiperry/KNIRV_NETWORK/KNIRVSDK/go/gateway/poaud.go:463.2,463.19 1 0
github.com/guiperry/KNIRV_NETWORK/KNIRVSDK/go/gateway/poaud.go:467.50,468.19 1 0
github.com/guiperry/KNIRV_NETWORK/KNIRVSDK/go/gateway/poaud.go:468.19,470.3 1 0
github.com/guiperry/KNIRV_NETWORK/KNIRVSDK/go/gateway/poaud.go:472.2,472.23 1 0
github.com/guiperry/KNIRV_NETWORK/KNIRVSDK/go/gateway/poaud.go:472.23,474.3 1 0
github.com/guiperry/KNIRV_NETWORK/KNIRVSDK/go/gateway/poaud.go:477.2,477.12 1 0
github.com/guiperry/KNIRV_NETWORK/KNIRVSDK/go/gateway/poaud.go:490.43,498.2 1 0
github.com/guiperry/KNIRV_NETWORK/KNIRVSDK/go/gateway/services.go:55.100,58.16 3 0
github.com/guiperry/KNIRV_NETWORK/KNIRVSDK/go/gateway/services.go:58.16,60.3 1 0
github.com/guiperry/KNIRV_NETWORK/KNIRVSDK/go/gateway/services.go:61.2,69.67 3 0
github.com/guiperry/KNIRV_NETWORK/KNIRVSDK/go/gateway/services.go:69.67,71.3 1 0
github.com/guiperry/KNIRV_NETWORK/KNIRVSDK/go/gateway/services.go:73.2,73.21 1 0
github.com/guiperry/KNIRV_NETWORK/KNIRVSDK/go/gateway/services.go:73.21,75.3 1 0
github.com/guiperry/KNIRV_NETWORK/KNIRVSDK/go/gateway/services.go:77.2,77.25 1 0
github.com/guiperry/KNIRV_NETWORK/KNIRVSDK/go/gateway/services.go:81.107,83.18 2 0
github.com/guiperry/KNIRV_NETWORK/KNIRVSDK/go/gateway/services.go:83.18,85.3 1 0
github.com/guiperry/KNIRV_NETWORK/KNIRVSDK/go/gateway/services.go:87.2,88.16 2 0
github.com/guiperry/KNIRV_NETWORK/KNIRVSDK/go/gateway/services.go:88.16,90.3 1 0
github.com/guiperry/KNIRV_NETWORK/KNIRVSDK/go/gateway/services.go:91.2,102.67 3 0
github.com/guiperry/KNIRV_NETWORK/KNIRVSDK/go/gateway/services.go:102.67,104.3 1 0
github.com/guiperry/KNIRV_NETWORK/KNIRVSDK/go/gateway/services.go:106.2,106.21 1 0
github.com/guiperry/KNIRV_NETWORK/KNIRVSDK/go/gateway/services.go:106.21,108.3 1 0
github.com/guiperry/KNIRV_NETWORK/KNIRVSDK/go/gateway/services.go:110.2,110.38 1 0
github.com/guiperry/KNIRV_NETWORK/KNIRVSDK/go/gateway/services.go:116.88,119.16 3 0
github.com/guiperry/KNIRV_NETWORK/KNIRVSDK/go/gateway/services.go:119.16,121.3 1 0
github.com/guiperry/KNIRV_NETWORK/KNIRVSDK/go/gateway/services.go:122.2,133.67 3 0
github.com/guiperry/KNIRV_NETWORK/KNIRVSDK/go/gateway/services.go:133.67,135.3 1 0
github.com/guiperry/KNIRV_NETWORK/KNIRVSDK/go/gateway/services.go:137.2,137.21 1 0
github.com/guiperry/KNIRV_NETWORK/KNIRVSDK/go/gateway/services.go:137.21,139.3 1 0
github.com/guiperry/KNIRV_NETWORK/KNIRVSDK/go/gateway/services.go:141.2,141.36 1 0
github.com/guiperry/KNIRV_NETWORK/KNIRVSDK/go/gateway/services.go:145.69,147.16 2 0
github.com/guiperry/KNIRV_NETWORK/KNIRVSDK/go/gateway/services.go:147.16,149.3 1 0
github.com/guiperry/KNIRV_NETWORK/KNIRVSDK/go/gateway/services.go:150.2,161.67 3 0
github.com/guiperry/KNIRV_NETWORK/KNIRVSDK/go/gateway/services.go:161.67,163.3 1 0
github.com/guiperry/KNIRV_NETWORK/KNIRVSDK/go/gateway/services.go:165.2,165.21 1 0
github.com/guiperry/KNIRV_NETWORK/KNIRVSDK/go/gateway/services.go:165.21,167.3 1 0
github.com/guiperry/KNIRV_NETWORK/KNIRVSDK/go/gateway/services.go:169.2,169.37 1 0
github.com/guiperry/KNIRV_NETWORK/KNIRVSDK/go/gateway/services.go:175.73,177.16 2 0
github.com/guiperry/KNIRV_NETWORK/KNIRVSDK/go/gateway/services.go:177.16,179.3 1 0
github.com/guiperry/KNIRV_NETWORK/KNIRVSDK/go/gateway/services.go:180.2,188.67 3 0
github.com/guiperry/KNIRV_NETWORK/KNIRVSDK/go/gateway/services.go:188.67,190.3 1 0
github.com/guiperry/KNIRV_NETWORK/KNIRVSDK/go/gateway/services.go:192.2,192.21 1 0
github.com/guiperry/KNIRV_NETWORK/KNIRVSDK/go/gateway/services.go:192.21,194.3 1 0
github.com/guiperry/KNIRV_NETWORK/KNIRVSDK/go/gateway/services.go:196.2,196.25 1 0
github.com/guiperry/KNIRV_NETWORK/KNIRVSDK/go/gateway/services.go:200.98,202.16 2 0
github.com/guiperry/KNIRV_NETWORK/KNIRVSDK/go/gateway/services.go:202.16,204.3 1 0
github.com/guiperry/KNIRV_NETWORK/KNIRVSDK/go/gateway/services.go:205.2,216.67 3 0
github.com/guiperry/KNIRV_NETWORK/KNIRVSDK/go/gateway/services.go:216.67,218.3 1 0
github.com/guiperry/KNIRV_NETWORK/KNIRVSDK/go/gateway/services.go:220.2,220.21 1 0
github.com/guiperry/KNIRV_NETWORK/KNIRVSDK/go/gateway/services.go:220.21,222.3 1 0
github.com/guiperry/KNIRV_NETWORK/KNIRVSDK/go/gateway/services.go:224.2,224.31 1 0
github.com/guiperry/KNIRV_NETWORK/KNIRVSDK/go/gateway/services.go:230.74,232.16 2 0
github.com/guiperry/KNIRV_NETWORK/KNIRVSDK/go/gateway/services.go:232.16,234.3 1 0
github.com/guiperry/KNIRV_NETWORK/KNIRVSDK/go/gateway/services.go:235.2,243.67 3 0
github.com/guiperry/KNIRV_NETWORK/KNIRVSDK/go/gateway/services.go:243.67,245.3 1 0
github.com/guiperry/KNIRV_NETWORK/KNIRVSDK/go/gateway/services.go:247.2,247.21 1 0
github.com/guiperry/KNIRV_NETWORK/KNIRVSDK/go/gateway/services.go:247.21,249.3 1 0
github.com/guiperry/KNIRV_NETWORK/KNIRVSDK/go/gateway/services.go:251.2,251.25 1 0
github.com/guiperry/KNIRV_NETWORK/KNIRVSDK/go/gateway/services.go:255.80,257.16 2 0
github.com/guiperry/KNIRV_NETWORK/KNIRVSDK/go/gateway/services.go:257.16,259.3 1 0
github.com/guiperry/KNIRV_NETWORK/KNIRVSDK/go/gateway/services.go:260.2,268.67 3 0
github.com/guiperry/KNIRV_NETWORK/KNIRVSDK/go/gateway/services.go:268.67,270.3 1 0
github.com/guiperry/KNIRV_NETWORK/KNIRVSDK/go/gateway/services.go:272.2,272.21 1 0
github.com/guiperry/KNIRV_NETWORK/KNIRVSDK/go/gateway/services.go:272.21,274.3 1 0
github.com/guiperry/KNIRV_NETWORK/KNIRVSDK/go/gateway/services.go:276.2,276.25 1 0
github.com/guiperry/KNIRV_NETWORK/KNIRVSDK/go/gateway/services.go:282.66,284.16 2 0
github.com/guiperry/KNIRV_NETWORK/KNIRVSDK/go/gateway/services.go:284.16,286.3 1 0
github.com/guiperry/KNIRV_NETWORK/KNIRVSDK/go/gateway/services.go:287.2,294.67 3 0
github.com/guiperry/KNIRV_NETWORK/KNIRVSDK/go/gateway/services.go:294.67,296.3 1 0
github.com/guiperry/KNIRV_NETWORK/KNIRVSDK/go/gateway/services.go:298.2,298.28 1 0
github.com/guiperry/KNIRV_NETWORK/KNIRVSDK/go/gateway/services.go:304.89,306.16 2 0
github.com/guiperry/KNIRV_NETWORK/KNIRVSDK/go/gateway/services.go:306.16,308.3 1 0
github.com/guiperry/KNIRV_NETWORK/KNIRVSDK/go/gateway/services.go:309.2,317.67 3 0
github.com/guiperry/KNIRV_NETWORK/KNIRVSDK/go/gateway/services.go:317.67,319.3 1 0
github.com/guiperry/KNIRV_NETWORK/KNIRVSDK/go/gateway/services.go:321.2,321.21 1 0
github.com/guiperry/KNIRV_NETWORK/KNIRVSDK/go/gateway/services.go:321.21,323.3 1 0
github.com/guiperry/KNIRV_NETWORK/KNIRVSDK/go/gateway/services.go:325.2,325.25 1 0
github.com/guiperry/KNIRV_NETWORK/KNIRVSDK/go/gateway/internal/requestconfig/requestconfig.go:69.77,72.19 2 1
github.com/guiperry/KNIRV_NETWORK/KNIRVSDK/go/gateway/internal/requestconfig/requestconfig.go:72.19,74.3 1 0
github.com/guiperry/KNIRV_NETWORK/KNIRVSDK/go/gateway/internal/requestconfig/requestconfig.go:77.2,78.16 2 1
github.com/guiperry/KNIRV_NETWORK/KNIRVSDK/go/gateway/internal/requestconfig/requestconfig.go:78.16,80.3 1 0
github.com/guiperry/KNIRV_NETWORK/KNIRVSDK/go/gateway/internal/requestconfig/requestconfig.go:83.2,84.21 2 1
github.com/guiperry/KNIRV_NETWORK/KNIRVSDK/go/gateway/internal/requestconfig/requestconfig.go:84.21,86.17 2 1
github.com/guiperry/KNIRV_NETWORK/KNIRVSDK/go/gateway/internal/requestconfig/requestconfig.go:86.17,88.4 1 0
github.com/guiperry/KNIRV_NETWORK/KNIRVSDK/go/gateway/internal/requestconfig/requestconfig.go:89.3,89.42 1 1
github.com/guiperry/KNIRV_NETWORK/KNIRVSDK/go/gateway/internal/requestconfig/requestconfig.go:93.2,94.23 2 1
github.com/guiperry/KNIRV_NETWORK/KNIRVSDK/go/gateway/internal/requestconfig/requestconfig.go:94.23,96.3 1 1
github.com/guiperry/KNIRV_NETWORK/KNIRVSDK/go/gateway/internal/requestconfig/requestconfig.go:96.8,98.3 1 1
github.com/guiperry/KNIRV_NETWORK/KNIRVSDK/go/gateway/internal/requestconfig/requestconfig.go:99.2,99.16 1 1
github.com/guiperry/KNIRV_NETWORK/KNIRVSDK/go/gateway/internal/requestconfig/requestconfig.go:99.16,101.3 1 0
github.com/guiperry/KNIRV_NETWORK/KNIRVSDK/go/gateway/internal/requestconfig/requestconfig.go:104.2,109.17 3 1
github.com/guiperry/KNIRV_NETWORK/KNIRVSDK/go/gateway/internal/requestconfig/requestconfig.go:113.47,115.47 1 1
github.com/guiperry/KNIRV_NETWORK/KNIRVSDK/go/gateway/internal/requestconfig/requestconfig.go:115.47,116.29 1 0
github.com/guiperry/KNIRV_NETWORK/KNIRVSDK/go/gateway/internal/requestconfig/requestconfig.go:116.29,118.4 1 0
github.com/guiperry/KNIRV_NETWORK/KNIRVSDK/go/gateway/internal/requestconfig/requestconfig.go:122.2,122.23 1 1
github.com/guiperry/KNIRV_NETWORK/KNIRVSDK/go/gateway/internal/requestconfig/requestconfig.go:122.23,124.3 1 1
github.com/guiperry/KNIRV_NETWORK/KNIRVSDK/go/gateway/internal/requestconfig/requestconfig.go:127.2,127.47 1 0
github.com/guiperry/KNIRV_NETWORK/KNIRVSDK/go/gateway/internal/requestconfig/requestconfig.go:127.47,129.3 1 0
github.com/guiperry/KNIRV_NETWORK/KNIRVSDK/go/gateway/internal/requestconfig/requestconfig.go:130.2,130.32 1 0
github.com/guiperry/KNIRV_NETWORK/KNIRVSDK/go/gateway/internal/requestconfig/requestconfig.go:134.68,137.16 2 1
github.com/guiperry/KNIRV_NETWORK/KNIRVSDK/go/gateway/internal/requestconfig/requestconfig.go:137.16,139.3 1 0
github.com/guiperry/KNIRV_NETWORK/KNIRVSDK/go/gateway/internal/requestconfig/requestconfig.go:142.2,145.30 2 1
github.com/guiperry/KNIRV_NETWORK/KNIRVSDK/go/gateway/internal/requestconfig/requestconfig.go:145.30,147.43 2 0
github.com/guiperry/KNIRV_NETWORK/KNIRVSDK/go/gateway/internal/requestconfig/requestconfig.go:147.43,149.4 1 0
github.com/guiperry/KNIRV_NETWORK/KNIRVSDK/go/gateway/internal/requestconfig/requestconfig.go:150.3,150.26 1 0
github.com/guiperry/KNIRV_NETWORK/KNIRVSDK/go/gateway/internal/requestconfig/requestconfig.go:153.2,153.24 1 1
github.com/guiperry/KNIRV_NETWORK/KNIRVSDK/go/gateway/internal/requestconfig/requestconfig.go:157.57,158.21 1 1
github.com/guiperry/KNIRV_NETWORK/KNIRVSDK/go/gateway/internal/requestconfig/requestconfig.go:158.21,160.3 1 0
github.com/guiperry/KNIRV_NETWORK/KNIRVSDK/go/gateway/internal/requestconfig/requestconfig.go:163.2,163.40 1 1
github.com/guiperry/KNIRV_NETWORK/KNIRVSDK/go/gateway/internal/requestconfig/requestconfig.go:163.40,165.3 1 0
github.com/guiperry/KNIRV_NETWORK/KNIRVSDK/go/gateway/internal/requestconfig/requestconfig.go:168.2,168.38 1 1
github.com/guiperry/KNIRV_NETWORK/KNIRVSDK/go/gateway/internal/requestconfig/requestconfig.go:168.38,170.3 1 0
github.com/guiperry/KNIRV_NETWORK/KNIRVSDK/go/gateway/internal/requestconfig/requestconfig.go:173.2,173.31 1 1
github.com/guiperry/KNIRV_NETWORK/KNIRVSDK/go/gateway/internal/requestconfig/requestconfig.go:177.57,183.61 3 1
github.com/guiperry/KNIRV_NETWORK/KNIRVSDK/go/gateway/internal/requestconfig/requestconfig.go:183.61,185.3 1 1
github.com/guiperry/KNIRV_NETWORK/KNIRVSDK/go/gateway/internal/requestconfig/requestconfig.go:188.2,188.38 1 1
github.com/guiperry/KNIRV_NETWORK/KNIRVSDK/go/gateway/internal/requestconfig/requestconfig.go:188.38,190.3 1 0
github.com/guiperry/KNIRV_NETWORK/KNIRVSDK/go/gateway/internal/requestconfig/requestconfig.go:193.2,193.22 1 1
github.com/guiperry/KNIRV_NETWORK/KNIRVSDK/go/gateway/internal/requestconfig/requestconfig.go:193.22,195.3 1 1
github.com/guiperry/KNIRV_NETWORK/KNIRVSDK/go/gateway/internal/requestconfig/requestconfig.go:198.2,198.27 1 1
github.com/guiperry/KNIRV_NETWORK/KNIRVSDK/go/gateway/internal/requestconfig/requestconfig.go:198.27,200.3 1 0
github.com/guiperry/KNIRV_NETWORK/KNIRVSDK/go/gateway/internal/requestconfig/requestconfig.go:203.2,203.27 1 1
github.com/guiperry/KNIRV_NETWORK/KNIRVSDK/go/gateway/internal/requestconfig/requestconfig.go:203.27,205.3 1 0
github.com/guiperry/KNIRV_NETWORK/KNIRVSDK/go/gateway/internal/requestconfig/requestconfig.go:208.2,208.27 1 1
github.com/guiperry/KNIRV_NETWORK/KNIRVSDK/go/gateway/internal/requestconfig/requestconfig.go:208.27,210.3 1 1
github.com/guiperry/KNIRV_NETWORK/KNIRVSDK/go/gateway/internal/requestconfig/requestconfig.go:213.2,213.15 1 1
github.com/guiperry/KNIRV_NETWORK/KNIRVSDK/go/gateway/internal/requestconfig/requestconfig.go:213.15,215.3 1 0
github.com/guiperry/KNIRV_NETWORK/KNIRVSDK/go/gateway/internal/requestconfig/requestconfig.go:216.2,216.17 1 1
github.com/guiperry/KNIRV_NETWORK/KNIRVSDK/go/gateway/internal/requestconfig/requestconfig.go:216.17,218.3 1 0
github.com/guiperry/KNIRV_NETWORK/KNIRVSDK/go/gateway/internal/requestconfig/requestconfig.go:222.54,224.26 1 1
github.com/guiperry/KNIRV_NETWORK/KNIRVSDK/go/gateway/internal/requestconfig/requestconfig.go:224.26,226.3 1 0
github.com/guiperry/KNIRV_NETWORK/KNIRVSDK/go/gateway/internal/requestconfig/requestconfig.go:230.56,231.27 1 1
github.com/guiperry/KNIRV_NETWORK/KNIRVSDK/go/gateway/internal/requestconfig/requestconfig.go:231.27,233.3 1 1
github.com/guiperry/KNIRV_NETWORK/KNIRVSDK/go/gateway/internal/requestconfig/requestconfig.go:236.2,237.18 2 1
github.com/guiperry/KNIRV_NETWORK/KNIRVSDK/go/gateway/internal/requestconfig/requestconfig.go:237.18,239.3 1 1
github.com/guiperry/KNIRV_NETWORK/KNIRVSDK/go/gateway/internal/requestconfig/requestconfig.go:241.2,243.3 1 1
github.com/guiperry/KNIRV_NETWORK/KNIRVSDK/go/gateway/internal/requestconfig/requestconfig.go:247.50,276.24 2 0
github.com/guiperry/KNIRV_NETWORK/KNIRVSDK/go/gateway/internal/requestconfig/requestconfig.go:276.24,278.33 2 0
github.com/guiperry/KNIRV_NETWORK/KNIRVSDK/go/gateway/internal/requestconfig/requestconfig.go:278.33,280.4 1 0
github.com/guiperry/KNIRV_NETWORK/KNIRVSDK/go/gateway/internal/requestconfig/requestconfig.go:283.2,283.28 1 0
github.com/guiperry/KNIRV_NETWORK/KNIRVSDK/go/gateway/internal/requestconfig/requestconfig.go:283.28,285.37 2 0
github.com/guiperry/KNIRV_NETWORK/KNIRVSDK/go/gateway/internal/requestconfig/requestconfig.go:285.37,287.4 1 0
github.com/guiperry/KNIRV_NETWORK/KNIRVSDK/go/gateway/internal/requestconfig/requestconfig.go:290.2,290.28 1 0
github.com/guiperry/KNIRV_NETWORK/KNIRVSDK/go/gateway/internal/requestconfig/requestconfig.go:290.28,292.37 2 0
github.com/guiperry/KNIRV_NETWORK/KNIRVSDK/go/gateway/internal/requestconfig/requestconfig.go:292.37,294.4 1 0
github.com/guiperry/KNIRV_NETWORK/KNIRVSDK/go/gateway/internal/requestconfig/requestconfig.go:298.2,298.26 1 0
github.com/guiperry/KNIRV_NETWORK/KNIRVSDK/go/gateway/internal/requestconfig/requestconfig.go:298.26,303.3 1 0
github.com/guiperry/KNIRV_NETWORK/KNIRVSDK/go/gateway/internal/requestconfig/requestconfig.go:305.2,305.14 1 0
github.com/guiperry/KNIRV_NETWORK/KNIRVSDK/go/gateway/internal/requestconfig/requestconfig.go:309.44,310.22 1 0
github.com/guiperry/KNIRV_NETWORK/KNIRVSDK/go/gateway/internal/requestconfig/requestconfig.go:310.22,312.3 1 0
github.com/guiperry/KNIRV_NETWORK/KNIRVSDK/go/gateway/internal/requestconfig/requestconfig.go:314.2,314.20 1 0
github.com/guiperry/KNIRV_NETWORK/KNIRVSDK/go/gateway/internal/requestconfig/requestconfig.go:314.20,316.3 1 0
github.com/guiperry/KNIRV_NETWORK/KNIRVSDK/go/gateway/internal/requestconfig/requestconfig.go:318.2,318.49 1 0
github.com/guiperry/KNIRV_NETWORK/KNIRVSDK/go/gateway/internal/requestconfig/requestconfig.go:318.49,320.3 1 0
github.com/guiperry/KNIRV_NETWORK/KNIRVSDK/go/gateway/internal/requestconfig/requestconfig.go:322.2,322.12 1 0
github.com/guiperry/KNIRV_NETWORK/KNIRVSDK/go/gateway/internal/requestconfig/requestconfig.go:329.131,341.27 2 0
github.com/guiperry/KNIRV_NETWORK/KNIRVSDK/go/gateway/internal/requestconfig/requestconfig.go:341.27,343.3 1 0
github.com/guiperry/KNIRV_NETWORK/KNIRVSDK/go/gateway/internal/requestconfig/requestconfig.go:345.2,345.12 1 0
github.com/guiperry/KNIRV_NETWORK/KNIRVSDK/go/gateway/internal/requestconfig/requestconfig.go:349.62,358.16 5 0
github.com/guiperry/KNIRV_NETWORK/KNIRVSDK/go/gateway/internal/requestconfig/requestconfig.go:358.16,360.3 1 0
github.com/guiperry/KNIRV_NETWORK/KNIRVSDK/go/gateway/internal/requestconfig/requestconfig.go:363.2,365.16 3 0
github.com/guiperry/KNIRV_NETWORK/KNIRVSDK/go/gateway/internal/requestconfig/requestconfig.go:365.16,367.3 1 0
github.com/guiperry/KNIRV_NETWORK/KNIRVSDK/go/gateway/internal/requestconfig/requestconfig.go:368.2,372.16 3 0
github.com/guiperry/KNIRV_NETWORK/KNIRVSDK/go/gateway/internal/requestconfig/requestconfig.go:372.16,374.3 1 0
github.com/guiperry/KNIRV_NETWORK/KNIRVSDK/go/gateway/internal/requestconfig/requestconfig.go:377.2,377.28 1 0
github.com/guiperry/KNIRV_NETWORK/KNIRVSDK/go/gateway/internal/requestconfig/requestconfig.go:377.28,379.3 1 0
github.com/guiperry/KNIRV_NETWORK/KNIRVSDK/go/gateway/internal/requestconfig/requestconfig.go:382.2,382.23 1 0
github.com/guiperry/KNIRV_NETWORK/KNIRVSDK/go/gateway/internal/requestconfig/requestconfig.go:382.23,383.59 1 0
github.com/guiperry/KNIRV_NETWORK/KNIRVSDK/go/gateway/internal/requestconfig/requestconfig.go:383.59,385.4 1 0
github.com/guiperry/KNIRV_NETWORK/KNIRVSDK/go/gateway/internal/requestconfig/requestconfig.go:388.2,388.20 1 0
github.com/guiperry/KNIRV_NETWORK/KNIRVSDK/go/gateway/option/option.go:16.48,17.48 1 1
github.com/guiperry/KNIRV_NETWORK/KNIRVSDK/go/gateway/option/option.go:17.48,19.3 1 1
github.com/guiperry/KNIRV_NETWORK/KNIRVSDK/go/gateway/option/option.go:23.58,24.48 1 1
github.com/guiperry/KNIRV_NETWORK/KNIRVSDK/go/gateway/option/option.go:24.48,26.3 1 1
github.com/guiperry/KNIRV_NETWORK/KNIRVSDK/go/gateway/option/option.go:30.46,31.48 1 1
github.com/guiperry/KNIRV_NETWORK/KNIRVSDK/go/gateway/option/option.go:31.48,33.3 1 1
github.com/guiperry/KNIRV_NETWORK/KNIRVSDK/go/gateway/option/option.go:37.53,38.48 1 0
github.com/guiperry/KNIRV_NETWORK/KNIRVSDK/go/gateway/option/option.go:38.48,40.3 1 0
github.com/guiperry/KNIRV_NETWORK/KNIRVSDK/go/gateway/option/option.go:44.55,45.48 1 0
github.com/guiperry/KNIRV_NETWORK/KNIRVSDK/go/gateway/option/option.go:45.48,47.3 1 0
github.com/guiperry/KNIRV_NETWORK/KNIRVSDK/go/gateway/option/option.go:51.50,52.48 1 0
github.com/guiperry/KNIRV_NETWORK/KNIRVSDK/go/gateway/option/option.go:52.48,53.25 1 0
github.com/guiperry/KNIRV_NETWORK/KNIRVSDK/go/gateway/option/option.go:53.25,55.4 1 0
github.com/guiperry/KNIRV_NETWORK/KNIRVSDK/go/gateway/option/option.go:56.3,56.27 1 0
github.com/guiperry/KNIRV_NETWORK/KNIRVSDK/go/gateway/option/option.go:61.52,63.2 1 0
github.com/guiperry/KNIRV_NETWORK/KNIRVSDK/go/gateway/option/option.go:66.56,68.2 1 0
github.com/guiperry/KNIRV_NETWORK/KNIRVSDK/go/gateway/option/option.go:71.42,73.2 1 0
github.com/guiperry/KNIRV_NETWORK/KNIRVSDK/go/gateway/option/option.go:76.43,78.2 1 0
github.com/guiperry/KNIRV_NETWORK/KNIRVSDK/go/gateway/option/option.go:81.61,82.48 1 0
github.com/guiperry/KNIRV_NETWORK/KNIRVSDK/go/gateway/option/option.go:82.48,87.3 1 0
github.com/guiperry/KNIRV_NETWORK/KNIRVSDK/go/gateway/option/option.go:91.56,92.48 1 1
github.com/guiperry/KNIRV_NETWORK/KNIRVSDK/go/gateway/option/option.go:92.48,94.3 1 1
github.com/guiperry/KNIRV_NETWORK/KNIRVSDK/go/gateway/option/option.go:98.45,99.48 1 0
github.com/guiperry/KNIRV_NETWORK/KNIRVSDK/go/gateway/option/option.go:99.48,101.3 1 0
github.com/guiperry/KNIRV_NETWORK/KNIRVSDK/go/gateway/option/option.go:105.56,106.48 1 0
github.com/guiperry/KNIRV_NETWORK/KNIRVSDK/go/gateway/option/option.go:106.48,108.3 1 0
github.com/guiperry/KNIRV_NETWORK/KNIRVSDK/go/gateway/option/option.go:112.70,113.48 1 1
github.com/guiperry/KNIRV_NETWORK/KNIRVSDK/go/gateway/option/option.go:113.48,116.3 2 1
github.com/guiperry/KNIRV_NETWORK/KNIRVSDK/go/gateway/option/option.go:120.48,121.48 1 1
github.com/guiperry/KNIRV_NETWORK/KNIRVSDK/go/gateway/option/option.go:121.48,125.3 3 1
github.com/guiperry/KNIRV_NETWORK/KNIRVSDK/go/gateway/option/option.go:129.45,130.48 1 0
github.com/guiperry/KNIRV_NETWORK/KNIRVSDK/go/gateway/option/option.go:130.48,134.3 3 0
github.com/guiperry/KNIRV_NETWORK/KNIRVSDK/go/gateway/option/option.go:138.49,139.48 1 0
github.com/guiperry/KNIRV_NETWORK/KNIRVSDK/go/gateway/option/option.go:139.48,143.3 3 0
github.com/guiperry/KNIRV_NETWORK/KNIRVSDK/go/gateway/option/option.go:147.42,148.48 1 0
github.com/guiperry/KNIRV_NETWORK/KNIRVSDK/go/gateway/option/option.go:148.48,150.3 1 0
github.com/guiperry/KNIRV_NETWORK/KNIRVSDK/go/gateway/option/option.go:154.46,155.48 1 0
github.com/guiperry/KNIRV_NETWORK/KNIRVSDK/go/gateway/option/option.go:155.48,157.3 1 0
github.com/guiperry/KNIRV_NETWORK/KNIRVSDK/go/gateway/option/option.go:161.50,162.48 1 0
github.com/guiperry/KNIRV_NETWORK/KNIRVSDK/go/gateway/option/option.go:162.48,163.29 1 0
github.com/guiperry/KNIRV_NETWORK/KNIRVSDK/go/gateway/option/option.go:163.29,165.4 1 0
github.com/guiperry/KNIRV_NETWORK/KNIRVSDK/go/gateway/option/option.go:166.3,166.38 1 0
github.com/guiperry/KNIRV_NETWORK/KNIRVSDK/go/gateway/option/option.go:171.50,172.48 1 0
github.com/guiperry/KNIRV_NETWORK/KNIRVSDK/go/gateway/option/option.go:172.48,173.29 1 0
github.com/guiperry/KNIRV_NETWORK/KNIRVSDK/go/gateway/option/option.go:173.29,175.4 1 0
github.com/guiperry/KNIRV_NETWORK/KNIRVSDK/go/gateway/option/option.go:176.3,176.38 1 0
github.com/guiperry/KNIRV_NETWORK/KNIRVSDK/go/gateway/option/option.go:181.49,182.48 1 0
github.com/guiperry/KNIRV_NETWORK/KNIRVSDK/go/gateway/option/option.go:182.48,183.29 1 0
github.com/guiperry/KNIRV_NETWORK/KNIRVSDK/go/gateway/option/option.go:183.29,185.4 1 0
github.com/guiperry/KNIRV_NETWORK/KNIRVSDK/go/gateway/option/option.go:186.3,186.37 1 0
github.com/guiperry/KNIRV_NETWORK/KNIRVSDK/go/gateway/option/option.go:191.50,192.48 1 0
github.com/guiperry/KNIRV_NETWORK/KNIRVSDK/go/gateway/option/option.go:192.48,193.29 1 0
github.com/guiperry/KNIRV_NETWORK/KNIRVSDK/go/gateway/option/option.go:193.29,195.4 1 0
github.com/guiperry/KNIRV_NETWORK/KNIRVSDK/go/gateway/option/option.go:196.3,196.38 1 0
github.com/guiperry/KNIRV_NETWORK/KNIRVSDK/go/gateway/option/option.go:201.87,202.48 1 0
github.com/guiperry/KNIRV_NETWORK/KNIRVSDK/go/gateway/option/option.go:202.48,203.29 1 0
github.com/guiperry/KNIRV_NETWORK/KNIRVSDK/go/gateway/option/option.go:203.29,205.4 1 0
github.com/guiperry/KNIRV_NETWORK/KNIRVSDK/go/gateway/option/option.go:206.3,209.43 4 0
github.com/guiperry/KNIRV_NETWORK/KNIRVSDK/go/gateway/option/option.go:214.47,221.2 1 0
github.com/guiperry/KNIRV_NETWORK/KNIRVSDK/go/gateway/option/option.go:224.74,225.48 1 0
github.com/guiperry/KNIRV_NETWORK/KNIRVSDK/go/gateway/option/option.go:225.48,228.3 2 0
github.com/guiperry/KNIRV_NETWORK/KNIRVSDK/go/gateway/option/option.go:232.98,233.48 1 0
github.com/guiperry/KNIRV_NETWORK/KNIRVSDK/go/gateway/option/option.go:233.48,237.3 3 0
github.com/guiperry/KNIRV_NETWORK/KNIRVSDK/go/gateway/option/option.go:241.46,242.48 1 0
github.com/guiperry/KNIRV_NETWORK/KNIRVSDK/go/gateway/option/option.go:242.48,244.3 1 0
github.com/guiperry/KNIRV_NETWORK/KNIRVSDK/go/gateway/option/option.go:248.66,249.48 1 0
github.com/guiperry/KNIRV_NETWORK/KNIRVSDK/go/gateway/option/option.go:249.48,252.3 2 0
github.com/guiperry/KNIRV_NETWORK/KNIRVSDK/go/gateway/option/option.go:256.74,257.48 1 0
github.com/guiperry/KNIRV_NETWORK/KNIRVSDK/go/gateway/option/option.go:257.48,260.3 2 0
