mode: count
github.com/knirvchain/internal/indexing/hnsw.go:35.64,47.2 1 16
github.com/knirvchain/internal/indexing/hnsw.go:50.35,54.2 3 1
github.com/knirvchain/internal/indexing/hnsw.go:57.63,61.32 3 1013
github.com/knirvchain/internal/indexing/hnsw.go:61.32,63.3 1 1
github.com/knirvchain/internal/indexing/hnsw.go:66.2,77.30 3 1012
github.com/knirvchain/internal/indexing/hnsw.go:77.30,79.3 1 2023
github.com/knirvchain/internal/indexing/hnsw.go:82.2,82.25 1 1012
github.com/knirvchain/internal/indexing/hnsw.go:82.25,86.3 3 12
github.com/knirvchain/internal/indexing/hnsw.go:89.2,92.49 2 1000
github.com/knirvchain/internal/indexing/hnsw.go:92.49,94.3 1 5817
github.com/knirvchain/internal/indexing/hnsw.go:97.2,97.33 1 1000
github.com/knirvchain/internal/indexing/hnsw.go:97.33,102.14 3 2002
github.com/knirvchain/internal/indexing/hnsw.go:102.14,104.4 1 1000
github.com/knirvchain/internal/indexing/hnsw.go:106.3,109.40 2 2002
github.com/knirvchain/internal/indexing/hnsw.go:109.40,115.45 4 22628
github.com/knirvchain/internal/indexing/hnsw.go:115.45,117.5 1 689
github.com/knirvchain/internal/indexing/hnsw.go:120.3,120.18 1 2002
github.com/knirvchain/internal/indexing/hnsw.go:124.2,124.32 1 1000
github.com/knirvchain/internal/indexing/hnsw.go:124.32,126.3 1 26
github.com/knirvchain/internal/indexing/hnsw.go:128.2,129.12 2 1000
github.com/knirvchain/internal/indexing/hnsw.go:133.73,137.31 3 16
github.com/knirvchain/internal/indexing/hnsw.go:137.31,139.3 1 0
github.com/knirvchain/internal/indexing/hnsw.go:141.2,141.25 1 16
github.com/knirvchain/internal/indexing/hnsw.go:141.25,143.3 1 1
github.com/knirvchain/internal/indexing/hnsw.go:146.2,147.25 2 15
github.com/knirvchain/internal/indexing/hnsw.go:147.25,149.27 1 3
github.com/knirvchain/internal/indexing/hnsw.go:149.27,151.4 1 11
github.com/knirvchain/internal/indexing/hnsw.go:152.8,156.46 2 12
github.com/knirvchain/internal/indexing/hnsw.go:156.46,158.4 1 50
github.com/knirvchain/internal/indexing/hnsw.go:162.2,165.17 2 15
github.com/knirvchain/internal/indexing/hnsw.go:165.17,167.3 1 5
github.com/knirvchain/internal/indexing/hnsw.go:169.2,169.16 1 15
github.com/knirvchain/internal/indexing/hnsw.go:173.106,183.33 6 7884
github.com/knirvchain/internal/indexing/hnsw.go:183.33,184.34 1 19099
github.com/knirvchain/internal/indexing/hnsw.go:184.34,189.4 4 19099
github.com/knirvchain/internal/indexing/hnsw.go:192.2,192.27 1 7884
github.com/knirvchain/internal/indexing/hnsw.go:192.27,197.72 2 46307
github.com/knirvchain/internal/indexing/hnsw.go:197.72,198.9 1 169
github.com/knirvchain/internal/indexing/hnsw.go:202.3,202.42 1 46137
github.com/knirvchain/internal/indexing/hnsw.go:202.42,203.62 1 46138
github.com/knirvchain/internal/indexing/hnsw.go:203.62,204.44 1 46093
github.com/knirvchain/internal/indexing/hnsw.go:204.44,205.30 1 440388
github.com/knirvchain/internal/indexing/hnsw.go:205.30,208.50 2 38021
github.com/knirvchain/internal/indexing/hnsw.go:208.50,212.64 2 38021
github.com/knirvchain/internal/indexing/hnsw.go:212.64,217.31 3 27786
github.com/knirvchain/internal/indexing/hnsw.go:217.31,219.10 1 1931
github.com/knirvchain/internal/indexing/hnsw.go:229.2,231.24 3 7884
github.com/knirvchain/internal/indexing/hnsw.go:231.24,233.3 1 44954
github.com/knirvchain/internal/indexing/hnsw.go:236.2,236.39 1 7884
github.com/knirvchain/internal/indexing/hnsw.go:236.39,238.3 1 44954
github.com/knirvchain/internal/indexing/hnsw.go:240.2,240.12 1 7884
github.com/knirvchain/internal/indexing/hnsw.go:244.97,245.26 1 2002
github.com/knirvchain/internal/indexing/hnsw.go:245.26,247.3 1 1538
github.com/knirvchain/internal/indexing/hnsw.go:250.2,251.32 2 464
github.com/knirvchain/internal/indexing/hnsw.go:251.32,252.34 1 27708
github.com/knirvchain/internal/indexing/hnsw.go:252.34,255.4 2 27708
github.com/knirvchain/internal/indexing/hnsw.go:260.2,263.43 3 464
github.com/knirvchain/internal/indexing/hnsw.go:263.43,265.3 1 11424
github.com/knirvchain/internal/indexing/hnsw.go:267.2,267.17 1 464
github.com/knirvchain/internal/indexing/hnsw.go:271.60,272.35 1 45256
github.com/knirvchain/internal/indexing/hnsw.go:272.35,274.48 1 22628
github.com/knirvchain/internal/indexing/hnsw.go:274.48,275.18 1 199857
github.com/knirvchain/internal/indexing/hnsw.go:275.18,277.5 1 0
github.com/knirvchain/internal/indexing/hnsw.go:279.3,279.64 1 22628
github.com/knirvchain/internal/indexing/hnsw.go:284.70,286.9 2 689
github.com/knirvchain/internal/indexing/hnsw.go:286.9,288.3 1 0
github.com/knirvchain/internal/indexing/hnsw.go:290.2,291.27 2 689
github.com/knirvchain/internal/indexing/hnsw.go:291.27,293.3 1 0
github.com/knirvchain/internal/indexing/hnsw.go:296.2,302.37 3 689
github.com/knirvchain/internal/indexing/hnsw.go:302.37,303.42 1 18017
github.com/knirvchain/internal/indexing/hnsw.go:303.42,306.4 2 17328
github.com/knirvchain/internal/indexing/hnsw.go:310.2,310.40 1 689
github.com/knirvchain/internal/indexing/hnsw.go:310.40,311.43 1 16639
github.com/knirvchain/internal/indexing/hnsw.go:311.43,312.45 1 230824
github.com/knirvchain/internal/indexing/hnsw.go:312.45,314.5 1 21535
github.com/knirvchain/internal/indexing/hnsw.go:319.2,320.47 2 689
github.com/knirvchain/internal/indexing/hnsw.go:320.47,322.3 1 17328
github.com/knirvchain/internal/indexing/hnsw.go:324.2,324.42 1 689
github.com/knirvchain/internal/indexing/hnsw.go:328.39,330.41 2 1012
github.com/knirvchain/internal/indexing/hnsw.go:330.41,332.3 1 1011
github.com/knirvchain/internal/indexing/hnsw.go:333.2,333.14 1 1012
github.com/knirvchain/internal/indexing/hnsw.go:337.48,342.9 4 3
github.com/knirvchain/internal/indexing/hnsw.go:342.9,344.3 1 1
github.com/knirvchain/internal/indexing/hnsw.go:347.2,347.47 1 2
github.com/knirvchain/internal/indexing/hnsw.go:347.47,348.54 1 9
github.com/knirvchain/internal/indexing/hnsw.go:348.54,349.47 1 16
github.com/knirvchain/internal/indexing/hnsw.go:349.47,351.54 2 16
github.com/knirvchain/internal/indexing/hnsw.go:351.54,352.20 1 35
github.com/knirvchain/internal/indexing/hnsw.go:352.20,354.7 1 35
github.com/knirvchain/internal/indexing/hnsw.go:356.5,356.43 1 16
github.com/knirvchain/internal/indexing/hnsw.go:362.2,365.50 2 2
github.com/knirvchain/internal/indexing/hnsw.go:365.50,367.3 1 1
github.com/knirvchain/internal/indexing/hnsw.go:369.2,369.12 1 2
github.com/knirvchain/internal/indexing/hnsw.go:373.51,377.31 3 1
github.com/knirvchain/internal/indexing/hnsw.go:377.31,378.28 1 49
github.com/knirvchain/internal/indexing/hnsw.go:378.28,381.4 2 5
github.com/knirvchain/internal/indexing/hnsw.go:384.2,384.19 1 1
github.com/knirvchain/internal/indexing/hnsw.go:388.32,392.2 3 6
github.com/knirvchain/internal/indexing/hnsw.go:396.50,397.24 1 102157
github.com/knirvchain/internal/indexing/hnsw.go:397.24,399.3 1 1
github.com/knirvchain/internal/indexing/hnsw.go:401.2,402.20 2 102155
github.com/knirvchain/internal/indexing/hnsw.go:402.20,405.3 2 1268109
github.com/knirvchain/internal/indexing/hnsw.go:407.2,407.23 1 102157
github.com/knirvchain/internal/indexing/hnsw.go:415.40,417.36 1 464
github.com/knirvchain/internal/indexing/hnsw.go:417.36,418.39 1 27244
github.com/knirvchain/internal/indexing/hnsw.go:418.39,419.37 1 1271509
github.com/knirvchain/internal/indexing/hnsw.go:419.37,421.5 1 0
github.com/knirvchain/internal/indexing/hnsw.go:426.24,427.11 1 15
github.com/knirvchain/internal/indexing/hnsw.go:427.11,429.3 1 15
github.com/knirvchain/internal/indexing/hnsw.go:430.2,430.10 1 0
github.com/knirvchain/internal/indexing/hnsw.go:442.43,442.60 1 437439
github.com/knirvchain/internal/indexing/hnsw.go:443.43,443.83 1 644447
github.com/knirvchain/internal/indexing/hnsw.go:444.43,444.70 1 428166
github.com/knirvchain/internal/indexing/hnsw.go:446.44,448.2 1 93772
github.com/knirvchain/internal/indexing/hnsw.go:450.42,456.2 5 93193
github.com/knirvchain/internal/indexing/hnsw.go:458.44,459.18 1 21742
github.com/knirvchain/internal/indexing/hnsw.go:459.18,461.3 1 0
github.com/knirvchain/internal/indexing/hnsw.go:462.2,462.16 1 21742
github.com/knirvchain/internal/indexing/hnsw.go:476.36,478.2 1 0
github.com/knirvchain/internal/indexing/indexing.go:33.48,37.2 1 0
github.com/knirvchain/internal/indexing/indexing.go:39.79,43.2 3 0
github.com/knirvchain/internal/indexing/indexing.go:45.67,49.2 3 0
github.com/knirvchain/internal/indexing/indexing.go:51.92,58.36 5 0
github.com/knirvchain/internal/indexing/indexing.go:58.36,60.22 2 0
github.com/knirvchain/internal/indexing/indexing.go:60.22,62.46 2 0
github.com/knirvchain/internal/indexing/indexing.go:62.46,64.5 1 0
github.com/knirvchain/internal/indexing/indexing.go:68.2,71.27 3 0
github.com/knirvchain/internal/indexing/indexing.go:71.27,72.17 1 0
github.com/knirvchain/internal/indexing/indexing.go:72.17,74.4 1 0
github.com/knirvchain/internal/indexing/indexing.go:77.2,77.12 1 0
github.com/knirvchain/internal/indexing/indexing.go:87.53,92.2 1 0
github.com/knirvchain/internal/indexing/indexing.go:94.82,100.2 4 0
github.com/knirvchain/internal/indexing/indexing.go:102.94,107.9 4 0
github.com/knirvchain/internal/indexing/indexing.go:107.9,109.3 1 0
github.com/knirvchain/internal/indexing/indexing.go:111.2,111.36 1 0
github.com/knirvchain/internal/indexing/indexing.go:114.79,120.2 4 0
github.com/knirvchain/internal/indexing/indexing.go:122.61,128.37 4 0
github.com/knirvchain/internal/indexing/indexing.go:128.37,129.49 1 0
github.com/knirvchain/internal/indexing/indexing.go:129.49,131.4 1 0
github.com/knirvchain/internal/indexing/indexing.go:134.2,134.12 1 0
github.com/knirvchain/internal/indexing/indexing.go:143.40,147.2 1 0
github.com/knirvchain/internal/indexing/indexing.go:149.82,155.2 4 0
github.com/knirvchain/internal/indexing/indexing.go:162.94,167.9 4 0
github.com/knirvchain/internal/indexing/indexing.go:167.9,169.3 1 0
github.com/knirvchain/internal/indexing/indexing.go:171.2,172.42 2 0
github.com/knirvchain/internal/indexing/indexing.go:172.42,173.73 1 0
github.com/knirvchain/internal/indexing/indexing.go:173.73,175.4 1 0
github.com/knirvchain/internal/indexing/indexing.go:178.2,178.21 1 0
github.com/knirvchain/internal/indexing/indexing.go:181.79,185.42 3 0
github.com/knirvchain/internal/indexing/indexing.go:185.42,186.26 1 0
github.com/knirvchain/internal/indexing/indexing.go:186.26,187.21 1 0
github.com/knirvchain/internal/indexing/indexing.go:187.21,189.10 2 0
github.com/knirvchain/internal/indexing/indexing.go:194.2,194.12 1 0
github.com/knirvchain/internal/indexing/indexing.go:197.61,199.2 1 0
github.com/knirvchain/internal/indexing/indexing.go:207.40,211.2 1 0
github.com/knirvchain/internal/indexing/indexing.go:213.82,219.2 4 0
github.com/knirvchain/internal/indexing/indexing.go:221.94,226.9 4 0
github.com/knirvchain/internal/indexing/indexing.go:226.9,228.3 1 0
github.com/knirvchain/internal/indexing/indexing.go:230.2,230.37 1 0
github.com/knirvchain/internal/indexing/indexing.go:233.79,237.43 3 0
github.com/knirvchain/internal/indexing/indexing.go:237.43,238.26 1 0
github.com/knirvchain/internal/indexing/indexing.go:238.26,239.21 1 0
github.com/knirvchain/internal/indexing/indexing.go:239.21,241.10 2 0
github.com/knirvchain/internal/indexing/indexing.go:246.2,246.12 1 0
github.com/knirvchain/internal/indexing/indexing.go:249.61,251.2 1 0
