mode: set
KNIRVENGINE/desktop-client/database/chromem_auth_db.go:67.62,70.16 2 0
KNIRVENGINE/desktop-client/database/chromem_auth_db.go:70.16,72.3 1 0
KNIRVENGINE/desktop-client/database/chromem_auth_db.go:75.2,79.16 3 0
KNIRVENGINE/desktop-client/database/chromem_auth_db.go:79.16,81.3 1 0
KNIRVENGINE/desktop-client/database/chromem_auth_db.go:83.2,84.16 2 0
KNIRVENGINE/desktop-client/database/chromem_auth_db.go:84.16,86.3 1 0
KNIRVENGINE/desktop-client/database/chromem_auth_db.go:88.2,89.16 2 0
KNIRVENGINE/desktop-client/database/chromem_auth_db.go:89.16,91.3 1 0
KNIRVENGINE/desktop-client/database/chromem_auth_db.go:93.2,101.55 2 0
KNIRVENGINE/desktop-client/database/chromem_auth_db.go:101.55,103.3 1 0
KNIRVENGINE/desktop-client/database/chromem_auth_db.go:105.2,105.20 1 0
KNIRVENGINE/desktop-client/database/chromem_auth_db.go:109.67,110.67 1 0
KNIRVENGINE/desktop-client/database/chromem_auth_db.go:110.67,113.29 2 0
KNIRVENGINE/desktop-client/database/chromem_auth_db.go:113.29,115.4 1 0
KNIRVENGINE/desktop-client/database/chromem_auth_db.go:118.3,119.28 2 0
KNIRVENGINE/desktop-client/database/chromem_auth_db.go:119.28,121.4 1 0
KNIRVENGINE/desktop-client/database/chromem_auth_db.go:123.3,123.24 1 0
KNIRVENGINE/desktop-client/database/chromem_auth_db.go:128.56,158.36 3 0
KNIRVENGINE/desktop-client/database/chromem_auth_db.go:158.36,159.61 1 0
KNIRVENGINE/desktop-client/database/chromem_auth_db.go:159.61,161.4 1 0
KNIRVENGINE/desktop-client/database/chromem_auth_db.go:165.2,166.16 2 0
KNIRVENGINE/desktop-client/database/chromem_auth_db.go:166.16,183.67 3 0
KNIRVENGINE/desktop-client/database/chromem_auth_db.go:183.67,185.4 1 0
KNIRVENGINE/desktop-client/database/chromem_auth_db.go:187.3,187.58 1 0
KNIRVENGINE/desktop-client/database/chromem_auth_db.go:190.2,190.12 1 0
KNIRVENGINE/desktop-client/database/chromem_auth_db.go:194.94,197.16 2 0
KNIRVENGINE/desktop-client/database/chromem_auth_db.go:197.16,200.3 1 0
KNIRVENGINE/desktop-client/database/chromem_auth_db.go:203.2,204.16 2 0
KNIRVENGINE/desktop-client/database/chromem_auth_db.go:204.16,206.3 1 0
KNIRVENGINE/desktop-client/database/chromem_auth_db.go:208.2,220.73 2 0
KNIRVENGINE/desktop-client/database/chromem_auth_db.go:224.105,230.41 3 0
KNIRVENGINE/desktop-client/database/chromem_auth_db.go:230.41,231.32 1 0
KNIRVENGINE/desktop-client/database/chromem_auth_db.go:231.32,233.18 2 0
KNIRVENGINE/desktop-client/database/chromem_auth_db.go:233.18,236.36 2 0
KNIRVENGINE/desktop-client/database/chromem_auth_db.go:236.36,238.49 2 0
KNIRVENGINE/desktop-client/database/chromem_auth_db.go:238.49,243.69 3 0
KNIRVENGINE/desktop-client/database/chromem_auth_db.go:243.69,245.8 1 0
KNIRVENGINE/desktop-client/database/chromem_auth_db.go:247.7,247.24 1 0
KNIRVENGINE/desktop-client/database/chromem_auth_db.go:251.5,251.25 1 0
KNIRVENGINE/desktop-client/database/chromem_auth_db.go:251.25,252.14 1 0
KNIRVENGINE/desktop-client/database/chromem_auth_db.go:254.10,254.56 1 0
KNIRVENGINE/desktop-client/database/chromem_auth_db.go:254.56,256.13 1 0
KNIRVENGINE/desktop-client/database/chromem_auth_db.go:257.10,259.10 1 0
KNIRVENGINE/desktop-client/database/chromem_auth_db.go:264.2,264.56 1 0
KNIRVENGINE/desktop-client/database/chromem_auth_db.go:268.97,270.16 2 0
KNIRVENGINE/desktop-client/database/chromem_auth_db.go:270.16,272.3 1 0
KNIRVENGINE/desktop-client/database/chromem_auth_db.go:275.2,278.64 3 0
KNIRVENGINE/desktop-client/database/chromem_auth_db.go:278.64,280.3 1 0
KNIRVENGINE/desktop-client/database/chromem_auth_db.go:282.2,282.19 1 0
KNIRVENGINE/desktop-client/database/chromem_auth_db.go:286.101,289.16 2 0
KNIRVENGINE/desktop-client/database/chromem_auth_db.go:289.16,291.3 1 0
KNIRVENGINE/desktop-client/database/chromem_auth_db.go:293.2,299.16 5 0
KNIRVENGINE/desktop-client/database/chromem_auth_db.go:299.16,301.3 1 0
KNIRVENGINE/desktop-client/database/chromem_auth_db.go:302.2,306.16 3 0
KNIRVENGINE/desktop-client/database/chromem_auth_db.go:306.16,308.3 1 0
KNIRVENGINE/desktop-client/database/chromem_auth_db.go:311.2,325.73 2 0
KNIRVENGINE/desktop-client/database/chromem_auth_db.go:329.103,331.16 2 0
KNIRVENGINE/desktop-client/database/chromem_auth_db.go:331.16,333.3 1 0
KNIRVENGINE/desktop-client/database/chromem_auth_db.go:335.2,336.24 2 0
KNIRVENGINE/desktop-client/database/chromem_auth_db.go:340.101,342.16 2 0
KNIRVENGINE/desktop-client/database/chromem_auth_db.go:342.16,344.3 1 0
KNIRVENGINE/desktop-client/database/chromem_auth_db.go:347.2,350.64 3 0
KNIRVENGINE/desktop-client/database/chromem_auth_db.go:350.64,352.3 1 0
KNIRVENGINE/desktop-client/database/chromem_auth_db.go:354.2,354.19 1 0
KNIRVENGINE/desktop-client/database/chromem_auth_db.go:358.40,361.2 1 0
KNIRVENGINE/desktop-client/database/migration.go:25.61,33.16 2 0
KNIRVENGINE/desktop-client/database/migration.go:33.16,35.3 1 0
KNIRVENGINE/desktop-client/database/migration.go:37.2,40.8 1 0
KNIRVENGINE/desktop-client/database/migration.go:44.88,51.2 1 0
KNIRVENGINE/desktop-client/database/migration.go:54.59,57.16 3 0
KNIRVENGINE/desktop-client/database/migration.go:57.16,59.3 1 0
KNIRVENGINE/desktop-client/database/migration.go:60.2,60.21 1 0
KNIRVENGINE/desktop-client/database/migration.go:64.44,66.16 2 0
KNIRVENGINE/desktop-client/database/migration.go:66.16,68.3 1 0
KNIRVENGINE/desktop-client/database/migration.go:70.2,76.41 3 0
KNIRVENGINE/desktop-client/database/migration.go:76.41,77.42 1 0
KNIRVENGINE/desktop-client/database/migration.go:77.42,78.12 1 0
KNIRVENGINE/desktop-client/database/migration.go:81.3,85.17 3 0
KNIRVENGINE/desktop-client/database/migration.go:85.17,87.4 1 0
KNIRVENGINE/desktop-client/database/migration.go:90.3,91.17 2 0
KNIRVENGINE/desktop-client/database/migration.go:91.17,94.4 2 0
KNIRVENGINE/desktop-client/database/migration.go:97.3,103.17 2 0
KNIRVENGINE/desktop-client/database/migration.go:103.17,106.4 2 0
KNIRVENGINE/desktop-client/database/migration.go:109.3,109.37 1 0
KNIRVENGINE/desktop-client/database/migration.go:109.37,111.4 1 0
KNIRVENGINE/desktop-client/database/migration.go:113.3,113.69 1 0
KNIRVENGINE/desktop-client/database/migration.go:116.2,117.16 2 0
KNIRVENGINE/desktop-client/database/migration.go:117.16,119.3 1 0
KNIRVENGINE/desktop-client/database/migration.go:121.2,122.12 2 0
KNIRVENGINE/desktop-client/database/migration.go:126.63,128.16 2 0
KNIRVENGINE/desktop-client/database/migration.go:128.16,130.3 1 0
KNIRVENGINE/desktop-client/database/migration.go:132.2,132.37 1 0
KNIRVENGINE/desktop-client/database/migration.go:132.37,135.3 2 0
KNIRVENGINE/desktop-client/database/migration.go:137.2,143.41 3 0
KNIRVENGINE/desktop-client/database/migration.go:143.41,144.79 1 0
KNIRVENGINE/desktop-client/database/migration.go:144.79,145.12 1 0
KNIRVENGINE/desktop-client/database/migration.go:148.3,152.17 3 0
KNIRVENGINE/desktop-client/database/migration.go:152.17,154.4 1 0
KNIRVENGINE/desktop-client/database/migration.go:157.3,158.17 2 0
KNIRVENGINE/desktop-client/database/migration.go:158.17,161.4 2 0
KNIRVENGINE/desktop-client/database/migration.go:164.3,165.17 2 0
KNIRVENGINE/desktop-client/database/migration.go:165.17,168.4 2 0
KNIRVENGINE/desktop-client/database/migration.go:171.3,171.37 1 0
KNIRVENGINE/desktop-client/database/migration.go:171.37,173.4 1 0
KNIRVENGINE/desktop-client/database/migration.go:175.3,175.73 1 0
KNIRVENGINE/desktop-client/database/migration.go:178.2,179.16 2 0
KNIRVENGINE/desktop-client/database/migration.go:179.16,181.3 1 0
KNIRVENGINE/desktop-client/database/migration.go:183.2,184.12 2 0
KNIRVENGINE/desktop-client/database/migration.go:192.11,194.16 2 0
KNIRVENGINE/desktop-client/database/migration.go:194.16,196.3 1 0
KNIRVENGINE/desktop-client/database/migration.go:197.2,205.18 3 0
KNIRVENGINE/desktop-client/database/migration.go:205.18,211.101 2 0
KNIRVENGINE/desktop-client/database/migration.go:211.101,213.4 1 0
KNIRVENGINE/desktop-client/database/migration.go:214.3,214.45 1 0
KNIRVENGINE/desktop-client/database/migration.go:217.2,217.35 1 0
KNIRVENGINE/desktop-client/database/migration.go:217.35,219.3 1 0
KNIRVENGINE/desktop-client/database/migration.go:221.2,221.24 1 0
KNIRVENGINE/desktop-client/database/migration.go:225.45,227.39 1 0
KNIRVENGINE/desktop-client/database/migration.go:227.39,228.44 1 0
KNIRVENGINE/desktop-client/database/migration.go:228.44,229.53 1 0
KNIRVENGINE/desktop-client/database/migration.go:229.53,231.5 1 0
KNIRVENGINE/desktop-client/database/migration.go:236.49,238.39 1 0
KNIRVENGINE/desktop-client/database/migration.go:238.39,239.44 1 0
KNIRVENGINE/desktop-client/database/migration.go:239.44,240.53 1 0
KNIRVENGINE/desktop-client/database/migration.go:240.53,242.5 1 0
KNIRVENGINE/desktop-client/database/permission_repository.go:22.64,26.2 1 0
KNIRVENGINE/desktop-client/database/permission_repository.go:29.102,39.16 4 0
KNIRVENGINE/desktop-client/database/permission_repository.go:39.16,40.27 1 0
KNIRVENGINE/desktop-client/database/permission_repository.go:40.27,42.4 1 0
KNIRVENGINE/desktop-client/database/permission_repository.go:43.3,43.62 1 0
KNIRVENGINE/desktop-client/database/permission_repository.go:46.2,46.25 1 0
KNIRVENGINE/desktop-client/database/permission_repository.go:50.107,60.16 4 0
KNIRVENGINE/desktop-client/database/permission_repository.go:60.16,61.27 1 0
KNIRVENGINE/desktop-client/database/permission_repository.go:61.27,63.4 1 0
KNIRVENGINE/desktop-client/database/permission_repository.go:64.3,64.62 1 0
KNIRVENGINE/desktop-client/database/permission_repository.go:67.2,67.25 1 0
KNIRVENGINE/desktop-client/database/permission_repository.go:71.92,75.16 3 0
KNIRVENGINE/desktop-client/database/permission_repository.go:75.16,77.3 1 0
KNIRVENGINE/desktop-client/database/permission_repository.go:78.2,81.18 3 0
KNIRVENGINE/desktop-client/database/permission_repository.go:81.18,88.17 3 0
KNIRVENGINE/desktop-client/database/permission_repository.go:88.17,90.4 1 0
KNIRVENGINE/desktop-client/database/permission_repository.go:91.3,91.49 1 0
KNIRVENGINE/desktop-client/database/permission_repository.go:94.2,94.35 1 0
KNIRVENGINE/desktop-client/database/permission_repository.go:94.35,96.3 1 0
KNIRVENGINE/desktop-client/database/permission_repository.go:98.2,98.25 1 0
KNIRVENGINE/desktop-client/database/permission_repository.go:102.100,109.16 3 0
KNIRVENGINE/desktop-client/database/permission_repository.go:109.16,111.3 1 0
KNIRVENGINE/desktop-client/database/permission_repository.go:113.2,114.16 2 0
KNIRVENGINE/desktop-client/database/permission_repository.go:114.16,116.3 1 0
KNIRVENGINE/desktop-client/database/permission_repository.go:118.2,119.12 2 0
KNIRVENGINE/desktop-client/database/permission_repository.go:123.100,131.16 3 0
KNIRVENGINE/desktop-client/database/permission_repository.go:131.16,133.3 1 0
KNIRVENGINE/desktop-client/database/permission_repository.go:135.2,135.12 1 0
KNIRVENGINE/desktop-client/database/permission_repository.go:139.86,143.16 3 0
KNIRVENGINE/desktop-client/database/permission_repository.go:143.16,145.3 1 0
KNIRVENGINE/desktop-client/database/permission_repository.go:147.2,147.12 1 0
KNIRVENGINE/desktop-client/database/permission_repository.go:151.115,160.16 3 0
KNIRVENGINE/desktop-client/database/permission_repository.go:160.16,162.3 1 0
KNIRVENGINE/desktop-client/database/permission_repository.go:163.2,166.18 3 0
KNIRVENGINE/desktop-client/database/permission_repository.go:166.18,173.17 3 0
KNIRVENGINE/desktop-client/database/permission_repository.go:173.17,175.4 1 0
KNIRVENGINE/desktop-client/database/permission_repository.go:176.3,176.49 1 0
KNIRVENGINE/desktop-client/database/permission_repository.go:179.2,179.35 1 0
KNIRVENGINE/desktop-client/database/permission_repository.go:179.35,181.3 1 0
KNIRVENGINE/desktop-client/database/permission_repository.go:183.2,183.25 1 0
KNIRVENGINE/desktop-client/database/permission_repository.go:187.112,197.16 3 0
KNIRVENGINE/desktop-client/database/permission_repository.go:197.16,199.3 1 0
KNIRVENGINE/desktop-client/database/permission_repository.go:200.2,203.18 3 0
KNIRVENGINE/desktop-client/database/permission_repository.go:203.18,210.17 3 0
KNIRVENGINE/desktop-client/database/permission_repository.go:210.17,212.4 1 0
KNIRVENGINE/desktop-client/database/permission_repository.go:213.3,213.49 1 0
KNIRVENGINE/desktop-client/database/permission_repository.go:216.2,216.35 1 0
KNIRVENGINE/desktop-client/database/permission_repository.go:216.35,218.3 1 0
KNIRVENGINE/desktop-client/database/permission_repository.go:220.2,220.25 1 0
KNIRVENGINE/desktop-client/database/permission_repository.go:224.118,235.16 4 0
KNIRVENGINE/desktop-client/database/permission_repository.go:235.16,237.3 1 0
KNIRVENGINE/desktop-client/database/permission_repository.go:239.2,239.23 1 0
KNIRVENGINE/desktop-client/database/role_repository.go:23.52,27.2 1 0
KNIRVENGINE/desktop-client/database/role_repository.go:30.89,40.16 4 0
KNIRVENGINE/desktop-client/database/role_repository.go:40.16,41.27 1 0
KNIRVENGINE/desktop-client/database/role_repository.go:41.27,43.4 1 0
KNIRVENGINE/desktop-client/database/role_repository.go:44.3,44.56 1 0
KNIRVENGINE/desktop-client/database/role_repository.go:47.2,47.19 1 0
KNIRVENGINE/desktop-client/database/role_repository.go:51.74,55.16 3 0
KNIRVENGINE/desktop-client/database/role_repository.go:55.16,57.3 1 0
KNIRVENGINE/desktop-client/database/role_repository.go:58.2,61.18 3 0
KNIRVENGINE/desktop-client/database/role_repository.go:61.18,68.17 3 0
KNIRVENGINE/desktop-client/database/role_repository.go:68.17,70.4 1 0
KNIRVENGINE/desktop-client/database/role_repository.go:71.3,71.31 1 0
KNIRVENGINE/desktop-client/database/role_repository.go:74.2,74.35 1 0
KNIRVENGINE/desktop-client/database/role_repository.go:74.35,76.3 1 0
KNIRVENGINE/desktop-client/database/role_repository.go:78.2,78.19 1 0
KNIRVENGINE/desktop-client/database/role_repository.go:82.76,92.16 4 0
KNIRVENGINE/desktop-client/database/role_repository.go:92.16,94.3 1 0
KNIRVENGINE/desktop-client/database/role_repository.go:96.2,96.12 1 0
KNIRVENGINE/desktop-client/database/role_repository.go:100.76,108.16 3 0
KNIRVENGINE/desktop-client/database/role_repository.go:108.16,110.3 1 0
KNIRVENGINE/desktop-client/database/role_repository.go:112.2,112.12 1 0
KNIRVENGINE/desktop-client/database/role_repository.go:116.77,120.16 3 0
KNIRVENGINE/desktop-client/database/role_repository.go:120.16,122.3 1 0
KNIRVENGINE/desktop-client/database/role_repository.go:124.2,124.12 1 0
KNIRVENGINE/desktop-client/database/role_repository.go:128.113,135.16 3 0
KNIRVENGINE/desktop-client/database/role_repository.go:135.16,137.3 1 0
KNIRVENGINE/desktop-client/database/role_repository.go:139.2,139.12 1 0
KNIRVENGINE/desktop-client/database/role_repository.go:143.115,150.16 3 0
KNIRVENGINE/desktop-client/database/role_repository.go:150.16,152.3 1 0
KNIRVENGINE/desktop-client/database/role_repository.go:154.2,154.12 1 0
KNIRVENGINE/desktop-client/database/role_repository.go:158.100,166.16 3 0
KNIRVENGINE/desktop-client/database/role_repository.go:166.16,168.3 1 0
KNIRVENGINE/desktop-client/database/role_repository.go:169.2,172.18 3 0
KNIRVENGINE/desktop-client/database/role_repository.go:172.18,175.17 3 0
KNIRVENGINE/desktop-client/database/role_repository.go:175.17,177.4 1 0
KNIRVENGINE/desktop-client/database/role_repository.go:178.3,178.44 1 0
KNIRVENGINE/desktop-client/database/role_repository.go:181.2,181.35 1 0
KNIRVENGINE/desktop-client/database/role_repository.go:181.35,183.3 1 0
KNIRVENGINE/desktop-client/database/role_repository.go:185.2,185.27 1 0
KNIRVENGINE/desktop-client/database/simple_domain_db.go:23.73,27.27 2 1
KNIRVENGINE/desktop-client/database/simple_domain_db.go:27.27,30.17 3 1
KNIRVENGINE/desktop-client/database/simple_domain_db.go:30.17,32.4 1 0
KNIRVENGINE/desktop-client/database/simple_domain_db.go:33.8,36.3 1 0
KNIRVENGINE/desktop-client/database/simple_domain_db.go:38.2,40.8 1 1
KNIRVENGINE/desktop-client/database/simple_domain_db.go:44.48,46.2 1 0
KNIRVENGINE/desktop-client/database/simple_domain_db.go:49.92,52.18 2 1
KNIRVENGINE/desktop-client/database/simple_domain_db.go:52.18,55.3 1 1
KNIRVENGINE/desktop-client/database/simple_domain_db.go:57.2,57.18 1 1
KNIRVENGINE/desktop-client/database/simple_domain_db.go:57.18,59.78 1 0
KNIRVENGINE/desktop-client/database/simple_domain_db.go:59.78,61.4 1 0
KNIRVENGINE/desktop-client/database/simple_domain_db.go:62.3,62.64 1 0
KNIRVENGINE/desktop-client/database/simple_domain_db.go:66.2,67.16 2 1
KNIRVENGINE/desktop-client/database/simple_domain_db.go:67.16,70.77 2 0
KNIRVENGINE/desktop-client/database/simple_domain_db.go:70.77,72.4 1 0
KNIRVENGINE/desktop-client/database/simple_domain_db.go:73.3,73.63 1 0
KNIRVENGINE/desktop-client/database/simple_domain_db.go:76.2,76.63 1 1
KNIRVENGINE/desktop-client/database/simple_domain_db.go:80.94,84.67 1 1
KNIRVENGINE/desktop-client/database/simple_domain_db.go:84.67,87.17 2 1
KNIRVENGINE/desktop-client/database/simple_domain_db.go:87.17,91.4 2 0
KNIRVENGINE/desktop-client/database/simple_domain_db.go:92.3,92.24 1 1
KNIRVENGINE/desktop-client/database/simple_domain_db.go:99.70,113.28 3 1
KNIRVENGINE/desktop-client/database/simple_domain_db.go:113.28,115.3 1 1
KNIRVENGINE/desktop-client/database/simple_domain_db.go:118.2,120.29 3 1
KNIRVENGINE/desktop-client/database/simple_domain_db.go:120.29,121.29 1 1
KNIRVENGINE/desktop-client/database/simple_domain_db.go:121.29,123.4 1 1
KNIRVENGINE/desktop-client/database/simple_domain_db.go:124.3,124.29 1 1
KNIRVENGINE/desktop-client/database/simple_domain_db.go:128.2,132.35 3 1
KNIRVENGINE/desktop-client/database/simple_domain_db.go:132.35,133.23 1 1
KNIRVENGINE/desktop-client/database/simple_domain_db.go:133.23,135.33 2 1
KNIRVENGINE/desktop-client/database/simple_domain_db.go:135.33,137.5 1 1
KNIRVENGINE/desktop-client/database/simple_domain_db.go:142.2,142.27 1 1
KNIRVENGINE/desktop-client/database/simple_domain_db.go:142.27,145.16 2 1
KNIRVENGINE/desktop-client/database/simple_domain_db.go:146.10,147.34 1 1
KNIRVENGINE/desktop-client/database/simple_domain_db.go:148.10,149.35 1 1
KNIRVENGINE/desktop-client/database/simple_domain_db.go:150.10,151.37 1 1
KNIRVENGINE/desktop-client/database/simple_domain_db.go:152.10,153.36 1 1
KNIRVENGINE/desktop-client/database/simple_domain_db.go:157.3,161.20 3 1
KNIRVENGINE/desktop-client/database/simple_domain_db.go:161.20,164.4 2 1
KNIRVENGINE/desktop-client/database/simple_domain_db.go:167.3,167.25 1 1
KNIRVENGINE/desktop-client/database/simple_domain_db.go:167.25,169.4 1 0
KNIRVENGINE/desktop-client/database/simple_domain_db.go:169.9,169.33 1 1
KNIRVENGINE/desktop-client/database/simple_domain_db.go:169.33,171.4 1 0
KNIRVENGINE/desktop-client/database/simple_domain_db.go:175.2,176.32 2 1
KNIRVENGINE/desktop-client/database/simple_domain_db.go:176.32,178.3 1 1
KNIRVENGINE/desktop-client/database/simple_domain_db.go:179.2,181.19 2 1
KNIRVENGINE/desktop-client/database/simple_domain_db.go:181.19,182.28 1 1
KNIRVENGINE/desktop-client/database/simple_domain_db.go:182.28,184.4 1 1
KNIRVENGINE/desktop-client/database/simple_domain_db.go:187.2,188.23 2 1
KNIRVENGINE/desktop-client/database/simple_domain_db.go:192.42,195.2 1 1
KNIRVENGINE/desktop-client/database/simple_domain_db.go:217.86,221.2 1 1
KNIRVENGINE/desktop-client/database/simple_domain_db.go:224.92,226.20 1 1
KNIRVENGINE/desktop-client/database/simple_domain_db.go:226.20,228.3 1 1
KNIRVENGINE/desktop-client/database/simple_domain_db.go:231.2,231.30 1 1
KNIRVENGINE/desktop-client/database/simple_domain_db.go:231.30,233.3 1 0
KNIRVENGINE/desktop-client/database/simple_domain_db.go:236.2,256.67 3 1
KNIRVENGINE/desktop-client/database/simple_domain_db.go:260.100,263.16 2 1
KNIRVENGINE/desktop-client/database/simple_domain_db.go:263.16,265.3 1 0
KNIRVENGINE/desktop-client/database/simple_domain_db.go:268.2,268.38 1 1
KNIRVENGINE/desktop-client/database/simple_domain_db.go:272.92,275.16 2 0
KNIRVENGINE/desktop-client/database/simple_domain_db.go:275.16,277.3 1 0
KNIRVENGINE/desktop-client/database/simple_domain_db.go:280.2,302.16 4 0
KNIRVENGINE/desktop-client/database/simple_domain_db.go:302.16,304.3 1 0
KNIRVENGINE/desktop-client/database/simple_domain_db.go:307.2,307.67 1 0
KNIRVENGINE/desktop-client/database/simple_domain_db.go:311.83,314.16 2 0
KNIRVENGINE/desktop-client/database/simple_domain_db.go:314.16,316.3 1 0
KNIRVENGINE/desktop-client/database/simple_domain_db.go:319.2,320.16 2 0
KNIRVENGINE/desktop-client/database/simple_domain_db.go:320.16,323.3 2 0
KNIRVENGINE/desktop-client/database/simple_domain_db.go:325.2,326.12 2 0
KNIRVENGINE/desktop-client/database/simple_domain_db.go:330.110,341.16 4 1
KNIRVENGINE/desktop-client/database/simple_domain_db.go:341.16,344.3 1 0
KNIRVENGINE/desktop-client/database/simple_domain_db.go:347.2,347.23 1 1
KNIRVENGINE/desktop-client/database/simple_domain_db.go:347.23,349.3 1 0
KNIRVENGINE/desktop-client/database/simple_domain_db.go:353.2,353.43 1 1
KNIRVENGINE/desktop-client/database/simple_domain_db.go:353.43,355.17 2 1
KNIRVENGINE/desktop-client/database/simple_domain_db.go:355.17,357.9 1 1
KNIRVENGINE/desktop-client/database/simple_domain_db.go:360.3,363.27 2 0
KNIRVENGINE/desktop-client/database/simple_domain_db.go:363.27,364.9 1 0
KNIRVENGINE/desktop-client/database/simple_domain_db.go:369.2,370.33 2 1
KNIRVENGINE/desktop-client/database/simple_domain_db.go:370.33,376.17 2 1
KNIRVENGINE/desktop-client/database/simple_domain_db.go:376.17,378.4 1 0
KNIRVENGINE/desktop-client/database/simple_domain_db.go:379.3,379.20 1 1
KNIRVENGINE/desktop-client/database/simple_domain_db.go:382.2,382.20 1 1
KNIRVENGINE/desktop-client/database/simple_domain_db.go:386.72,388.16 2 1
KNIRVENGINE/desktop-client/database/simple_domain_db.go:388.16,390.3 1 0
KNIRVENGINE/desktop-client/database/simple_domain_db.go:392.2,393.16 2 1
KNIRVENGINE/desktop-client/database/simple_domain_db.go:393.16,395.3 1 0
KNIRVENGINE/desktop-client/database/simple_domain_db.go:397.2,398.58 2 1
KNIRVENGINE/desktop-client/database/simple_domain_db.go:398.58,400.3 1 1
KNIRVENGINE/desktop-client/database/simple_domain_db.go:402.2,415.19 2 1
KNIRVENGINE/desktop-client/database/simple_domain_db_test_additional.go:12.42,13.57 1 0
KNIRVENGINE/desktop-client/database/simple_domain_db_test_additional.go:13.57,19.3 5 0
KNIRVENGINE/desktop-client/database/simple_domain_db_test_additional.go:21.2,21.58 1 0
KNIRVENGINE/desktop-client/database/simple_domain_db_test_additional.go:21.58,34.3 9 0
KNIRVENGINE/desktop-client/database/simple_domain_db_test_additional.go:36.2,36.63 1 0
KNIRVENGINE/desktop-client/database/simple_domain_db_test_additional.go:36.63,43.17 3 0
KNIRVENGINE/desktop-client/database/simple_domain_db_test_additional.go:43.17,46.4 2 0
KNIRVENGINE/desktop-client/database/simple_domain_db_test_additional.go:46.9,48.4 1 0
KNIRVENGINE/desktop-client/database/simple_domain_db_test_additional.go:52.45,53.58 1 0
KNIRVENGINE/desktop-client/database/simple_domain_db_test_additional.go:53.58,60.3 5 0
KNIRVENGINE/desktop-client/database/simple_domain_db_test_additional.go:63.61,64.53 1 0
KNIRVENGINE/desktop-client/database/simple_domain_db_test_additional.go:64.53,72.17 4 0
KNIRVENGINE/desktop-client/database/simple_domain_db_test_additional.go:72.17,76.4 2 0
KNIRVENGINE/desktop-client/database/simple_domain_db_test_additional.go:76.9,78.4 1 0
KNIRVENGINE/desktop-client/database/simple_domain_db_test_additional.go:81.2,81.60 1 0
KNIRVENGINE/desktop-client/database/simple_domain_db_test_additional.go:81.60,88.17 4 0
KNIRVENGINE/desktop-client/database/simple_domain_db_test_additional.go:88.17,91.4 2 0
KNIRVENGINE/desktop-client/database/simple_domain_db_test_additional.go:91.9,93.4 1 0
KNIRVENGINE/desktop-client/database/simple_domain_db_test_additional.go:96.2,96.55 1 0
KNIRVENGINE/desktop-client/database/simple_domain_db_test_additional.go:96.55,109.18 6 0
KNIRVENGINE/desktop-client/database/simple_domain_db_test_additional.go:109.18,111.4 1 0
KNIRVENGINE/desktop-client/database/simple_domain_db_test_additional.go:111.9,115.4 3 0
KNIRVENGINE/desktop-client/database/simple_domain_db_test_additional.go:120.49,121.66 1 0
KNIRVENGINE/desktop-client/database/simple_domain_db_test_additional.go:121.66,142.3 12 0
KNIRVENGINE/desktop-client/database/simple_domain_db_test_additional.go:144.2,144.75 1 0
KNIRVENGINE/desktop-client/database/simple_domain_db_test_additional.go:144.75,153.3 5 0
KNIRVENGINE/desktop-client/database/simple_domain_db_test_additional.go:157.55,158.74 1 0
KNIRVENGINE/desktop-client/database/simple_domain_db_test_additional.go:158.74,169.3 5 0
KNIRVENGINE/desktop-client/database/simple_domain_db_test_additional.go:173.53,174.68 1 0
KNIRVENGINE/desktop-client/database/simple_domain_db_test_additional.go:174.68,177.16 2 0
KNIRVENGINE/desktop-client/database/simple_domain_db_test_additional.go:177.16,178.33 1 0
KNIRVENGINE/desktop-client/database/simple_domain_db_test_additional.go:178.33,180.5 1 0
KNIRVENGINE/desktop-client/database/simple_domain_db_test_additional.go:180.10,182.5 1 0
KNIRVENGINE/desktop-client/database/simple_domain_db_test_additional.go:186.3,195.17 5 0
KNIRVENGINE/desktop-client/database/simple_domain_db_test_additional.go:195.17,197.4 1 0
KNIRVENGINE/desktop-client/database/simple_domain_db_test_additional.go:197.9,199.4 1 0
KNIRVENGINE/desktop-client/database/simple_domain_db_test_additional.go:202.2,202.60 1 0
KNIRVENGINE/desktop-client/database/simple_domain_db_test_additional.go:202.60,205.16 2 0
KNIRVENGINE/desktop-client/database/simple_domain_db_test_additional.go:205.16,206.33 1 0
KNIRVENGINE/desktop-client/database/simple_domain_db_test_additional.go:206.33,208.5 1 0
KNIRVENGINE/desktop-client/database/simple_domain_db_test_additional.go:208.10,210.5 1 0
KNIRVENGINE/desktop-client/database/simple_domain_db_test_additional.go:214.3,221.31 5 0
KNIRVENGINE/desktop-client/database/simple_domain_db_test_additional.go:226.51,227.67 1 0
KNIRVENGINE/desktop-client/database/simple_domain_db_test_additional.go:227.67,236.13 6 0
KNIRVENGINE/desktop-client/database/simple_domain_db_test_additional.go:236.13,239.4 2 0
KNIRVENGINE/desktop-client/database/simple_domain_db_test_additional.go:241.3,241.13 1 0
KNIRVENGINE/desktop-client/database/simple_domain_db_test_additional.go:241.13,244.4 2 0
KNIRVENGINE/desktop-client/database/simple_domain_db_test_additional.go:247.3,254.24 6 0
KNIRVENGINE/desktop-client/database/token_repository.go:26.54,30.2 1 0
KNIRVENGINE/desktop-client/database/token_repository.go:33.90,46.16 4 0
KNIRVENGINE/desktop-client/database/token_repository.go:46.16,47.27 1 0
KNIRVENGINE/desktop-client/database/token_repository.go:47.27,49.4 1 0
KNIRVENGINE/desktop-client/database/token_repository.go:50.3,50.57 1 0
KNIRVENGINE/desktop-client/database/token_repository.go:53.2,53.20 1 0
KNIRVENGINE/desktop-client/database/token_repository.go:57.102,70.16 4 0
KNIRVENGINE/desktop-client/database/token_repository.go:70.16,71.27 1 0
KNIRVENGINE/desktop-client/database/token_repository.go:71.27,73.4 1 0
KNIRVENGINE/desktop-client/database/token_repository.go:74.3,74.57 1 0
KNIRVENGINE/desktop-client/database/token_repository.go:78.2,78.66 1 0
KNIRVENGINE/desktop-client/database/token_repository.go:78.66,80.3 1 0
KNIRVENGINE/desktop-client/database/token_repository.go:82.2,82.20 1 0
KNIRVENGINE/desktop-client/database/token_repository.go:86.101,90.16 3 0
KNIRVENGINE/desktop-client/database/token_repository.go:90.16,92.3 1 0
KNIRVENGINE/desktop-client/database/token_repository.go:93.2,96.18 3 0
KNIRVENGINE/desktop-client/database/token_repository.go:96.18,106.17 3 0
KNIRVENGINE/desktop-client/database/token_repository.go:106.17,108.4 1 0
KNIRVENGINE/desktop-client/database/token_repository.go:109.3,109.34 1 0
KNIRVENGINE/desktop-client/database/token_repository.go:112.2,112.35 1 0
KNIRVENGINE/desktop-client/database/token_repository.go:112.35,114.3 1 0
KNIRVENGINE/desktop-client/database/token_repository.go:116.2,116.20 1 0
KNIRVENGINE/desktop-client/database/token_repository.go:120.83,130.16 4 0
KNIRVENGINE/desktop-client/database/token_repository.go:130.16,132.3 1 0
KNIRVENGINE/desktop-client/database/token_repository.go:134.2,135.16 2 0
KNIRVENGINE/desktop-client/database/token_repository.go:135.16,137.3 1 0
KNIRVENGINE/desktop-client/database/token_repository.go:139.2,140.12 2 0
KNIRVENGINE/desktop-client/database/token_repository.go:144.83,152.16 3 0
KNIRVENGINE/desktop-client/database/token_repository.go:152.16,154.3 1 0
KNIRVENGINE/desktop-client/database/token_repository.go:156.2,156.12 1 0
KNIRVENGINE/desktop-client/database/token_repository.go:160.76,164.16 3 0
KNIRVENGINE/desktop-client/database/token_repository.go:164.16,166.3 1 0
KNIRVENGINE/desktop-client/database/token_repository.go:168.2,168.12 1 0
KNIRVENGINE/desktop-client/database/token_repository.go:172.83,176.16 3 0
KNIRVENGINE/desktop-client/database/token_repository.go:176.16,178.3 1 0
KNIRVENGINE/desktop-client/database/token_repository.go:180.2,181.16 2 0
KNIRVENGINE/desktop-client/database/token_repository.go:181.16,183.3 1 0
KNIRVENGINE/desktop-client/database/token_repository.go:185.2,185.19 1 0
KNIRVENGINE/desktop-client/database/user_repository.go:29.52,33.2 1 1
KNIRVENGINE/desktop-client/database/user_repository.go:36.84,49.16 4 1
KNIRVENGINE/desktop-client/database/user_repository.go:49.16,50.36 1 1
KNIRVENGINE/desktop-client/database/user_repository.go:50.36,52.4 1 1
KNIRVENGINE/desktop-client/database/user_repository.go:53.3,53.56 1 1
KNIRVENGINE/desktop-client/database/user_repository.go:56.2,56.19 1 1
KNIRVENGINE/desktop-client/database/user_repository.go:60.76,73.16 4 1
KNIRVENGINE/desktop-client/database/user_repository.go:73.16,74.36 1 1
KNIRVENGINE/desktop-client/database/user_repository.go:74.36,76.4 1 1
KNIRVENGINE/desktop-client/database/user_repository.go:77.3,77.56 1 0
KNIRVENGINE/desktop-client/database/user_repository.go:80.2,80.19 1 1
KNIRVENGINE/desktop-client/database/user_repository.go:84.72,87.16 2 1
KNIRVENGINE/desktop-client/database/user_repository.go:87.16,89.3 1 0
KNIRVENGINE/desktop-client/database/user_repository.go:92.2,98.16 5 1
KNIRVENGINE/desktop-client/database/user_repository.go:98.16,100.3 1 0
KNIRVENGINE/desktop-client/database/user_repository.go:101.2,110.16 4 1
KNIRVENGINE/desktop-client/database/user_repository.go:110.16,112.3 1 1
KNIRVENGINE/desktop-client/database/user_repository.go:115.2,116.16 2 1
KNIRVENGINE/desktop-client/database/user_repository.go:116.16,118.3 1 0
KNIRVENGINE/desktop-client/database/user_repository.go:119.2,128.16 4 1
KNIRVENGINE/desktop-client/database/user_repository.go:128.16,130.3 1 0
KNIRVENGINE/desktop-client/database/user_repository.go:133.2,133.36 1 1
KNIRVENGINE/desktop-client/database/user_repository.go:133.36,135.3 1 0
KNIRVENGINE/desktop-client/database/user_repository.go:137.2,137.12 1 1
KNIRVENGINE/desktop-client/database/user_repository.go:141.55,151.16 4 1
KNIRVENGINE/desktop-client/database/user_repository.go:151.16,153.3 1 0
KNIRVENGINE/desktop-client/database/user_repository.go:155.2,155.12 1 1
KNIRVENGINE/desktop-client/database/user_repository.go:159.81,162.16 2 0
KNIRVENGINE/desktop-client/database/user_repository.go:162.16,164.3 1 0
KNIRVENGINE/desktop-client/database/user_repository.go:166.2,173.16 3 0
KNIRVENGINE/desktop-client/database/user_repository.go:173.16,175.3 1 0
KNIRVENGINE/desktop-client/database/user_repository.go:177.2,177.12 1 0
KNIRVENGINE/desktop-client/database/user_repository.go:181.57,184.16 2 0
KNIRVENGINE/desktop-client/database/user_repository.go:184.16,186.3 1 0
KNIRVENGINE/desktop-client/database/user_repository.go:187.2,191.16 3 0
KNIRVENGINE/desktop-client/database/user_repository.go:191.16,193.3 1 0
KNIRVENGINE/desktop-client/database/user_repository.go:196.2,197.16 2 0
KNIRVENGINE/desktop-client/database/user_repository.go:197.16,199.3 1 0
KNIRVENGINE/desktop-client/database/user_repository.go:202.2,202.36 1 0
KNIRVENGINE/desktop-client/database/user_repository.go:202.36,204.3 1 0
KNIRVENGINE/desktop-client/database/user_repository.go:206.2,206.12 1 0
KNIRVENGINE/desktop-client/database/user_repository.go:210.82,220.16 4 0
KNIRVENGINE/desktop-client/database/user_repository.go:220.16,221.36 1 0
KNIRVENGINE/desktop-client/database/user_repository.go:221.36,223.4 1 0
KNIRVENGINE/desktop-client/database/user_repository.go:224.3,224.67 1 0
KNIRVENGINE/desktop-client/database/user_repository.go:228.2,229.16 2 0
KNIRVENGINE/desktop-client/database/user_repository.go:229.16,230.58 1 0
KNIRVENGINE/desktop-client/database/user_repository.go:230.58,232.4 1 0
KNIRVENGINE/desktop-client/database/user_repository.go:233.3,233.66 1 0
KNIRVENGINE/desktop-client/database/user_repository.go:236.2,236.18 1 0
KNIRVENGINE/desktop-client/database/user_repository.go:240.74,244.16 3 0
KNIRVENGINE/desktop-client/database/user_repository.go:244.16,246.3 1 0
KNIRVENGINE/desktop-client/database/user_repository.go:247.2,250.18 3 0
KNIRVENGINE/desktop-client/database/user_repository.go:250.18,260.17 3 0
KNIRVENGINE/desktop-client/database/user_repository.go:260.17,262.4 1 0
KNIRVENGINE/desktop-client/database/user_repository.go:263.3,263.31 1 0
KNIRVENGINE/desktop-client/database/user_repository.go:266.2,266.35 1 0
KNIRVENGINE/desktop-client/database/user_repository.go:266.35,268.3 1 0
KNIRVENGINE/desktop-client/database/user_repository.go:270.2,270.19 1 0
KNIRVENGINE/desktop-client/database/validation_storage.go:16.46,28.2 6 0
KNIRVENGINE/desktop-client/database/validation_storage.go:31.95,32.50 1 0
KNIRVENGINE/desktop-client/database/validation_storage.go:32.50,34.3 1 0
KNIRVENGINE/desktop-client/database/validation_storage.go:35.2,35.12 1 0
KNIRVENGINE/desktop-client/database/validation_storage.go:39.95,40.50 1 0
KNIRVENGINE/desktop-client/database/validation_storage.go:40.50,42.3 1 0
KNIRVENGINE/desktop-client/database/validation_storage.go:43.2,43.12 1 0
KNIRVENGINE/desktop-client/database/validation_storage.go:47.88,48.14 1 0
KNIRVENGINE/desktop-client/database/validation_storage.go:48.14,50.3 1 0
KNIRVENGINE/desktop-client/database/validation_storage.go:53.2,53.53 1 0
KNIRVENGINE/desktop-client/database/validation_storage.go:53.53,55.3 1 0
KNIRVENGINE/desktop-client/database/validation_storage.go:57.2,57.12 1 0
KNIRVENGINE/desktop-client/database/validation_storage.go:61.93,63.2 1 0
KNIRVENGINE/desktop-client/database/validation_storage.go:66.99,68.2 1 0
KNIRVENGINE/desktop-client/database/validation_storage.go:71.91,73.2 1 0
KNIRVENGINE/desktop-client/database/validation_storage.go:78.54,82.39 3 0
KNIRVENGINE/desktop-client/database/validation_storage.go:82.39,83.29 1 0
KNIRVENGINE/desktop-client/database/validation_storage.go:83.29,85.4 1 0
KNIRVENGINE/desktop-client/database/validation_storage.go:88.2,88.14 1 0
KNIRVENGINE/desktop-client/database/validation_storage.go:92.56,96.43 3 0
KNIRVENGINE/desktop-client/database/validation_storage.go:96.43,97.33 1 0
KNIRVENGINE/desktop-client/database/validation_storage.go:97.33,99.4 1 0
KNIRVENGINE/desktop-client/database/validation_storage.go:102.2,102.14 1 0
KNIRVENGINE/desktop-client/database/validation_storage.go:106.51,110.44 3 0
KNIRVENGINE/desktop-client/database/validation_storage.go:110.44,111.28 1 0
KNIRVENGINE/desktop-client/database/validation_storage.go:111.28,113.4 1 0
KNIRVENGINE/desktop-client/database/validation_storage.go:116.2,116.14 1 0
KNIRVENGINE/desktop-client/database/validation_storage.go:120.55,124.51 2 0
KNIRVENGINE/desktop-client/database/validation_storage.go:124.51,126.3 1 0
KNIRVENGINE/desktop-client/database/validation_storage.go:129.2,129.34 1 0
KNIRVENGINE/desktop-client/database/validation_storage.go:129.34,133.48 1 0
KNIRVENGINE/desktop-client/database/validation_storage.go:133.48,135.4 1 0
KNIRVENGINE/desktop-client/database/validation_storage.go:138.2,138.13 1 0
KNIRVENGINE/desktop-client/database/validation_storage.go:151.97,154.65 2 0
KNIRVENGINE/desktop-client/database/validation_storage.go:154.65,155.46 1 0
KNIRVENGINE/desktop-client/database/validation_storage.go:155.46,164.4 2 0
KNIRVENGINE/desktop-client/database/validation_storage.go:167.2,167.25 1 0
KNIRVENGINE/desktop-client/database/validation_storage.go:171.85,176.13 4 0
KNIRVENGINE/desktop-client/database/validation_storage.go:177.18,178.46 1 0
KNIRVENGINE/desktop-client/database/validation_storage.go:179.13,180.77 1 0
KNIRVENGINE/desktop-client/database/validation_storage.go:181.13,182.76 1 0
KNIRVENGINE/desktop-client/database/validation_storage.go:183.15,184.64 1 0
KNIRVENGINE/desktop-client/database/validation_storage.go:185.13,186.54 1 0
KNIRVENGINE/desktop-client/database/validation_storage.go:187.14,188.55 1 0
KNIRVENGINE/desktop-client/database/validation_storage.go:189.20,190.102 1 0
KNIRVENGINE/desktop-client/database/validation_storage.go:191.22,192.88 1 0
KNIRVENGINE/desktop-client/database/validation_storage.go:193.16,194.57 1 0
KNIRVENGINE/desktop-client/database/validation_storage.go:195.20,196.61 1 0
KNIRVENGINE/desktop-client/database/validation_storage.go:197.15,198.60 1 0
KNIRVENGINE/desktop-client/database/validation_storage.go:199.13,200.77 1 0
KNIRVENGINE/desktop-client/database/validation_storage.go:201.13,202.74 1 0
KNIRVENGINE/desktop-client/database/validation_storage.go:203.10,204.45 1 0
KNIRVENGINE/desktop-client/database/validation_storage.go:209.64,211.2 1 0
KNIRVENGINE/desktop-client/database/validation_storage.go:214.91,216.2 1 0
KNIRVENGINE/desktop-client/database/validation_storage.go:219.80,221.2 1 0
KNIRVENGINE/desktop-client/database/validation_storage.go:230.75,235.2 1 0
KNIRVENGINE/desktop-client/database/validation_storage.go:238.99,240.68 1 0
KNIRVENGINE/desktop-client/database/validation_storage.go:240.68,242.3 1 0
KNIRVENGINE/desktop-client/database/validation_storage.go:247.2,247.12 1 0
KNIRVENGINE/desktop-client/database/validation_storage.go:251.99,253.71 1 0
KNIRVENGINE/desktop-client/database/validation_storage.go:253.71,255.3 1 0
KNIRVENGINE/desktop-client/database/validation_storage.go:258.2,258.12 1 0
KNIRVENGINE/desktop-client/database/validation_storage.go:262.91,264.68 1 0
KNIRVENGINE/desktop-client/database/validation_storage.go:264.68,266.3 1 0
KNIRVENGINE/desktop-client/database/validation_storage.go:269.2,269.12 1 0
KNIRVENGINE/desktop-client/database/workflow_repository.go:19.83,23.2 1 0
KNIRVENGINE/desktop-client/database/workflow_repository.go:26.105,28.23 1 0
KNIRVENGINE/desktop-client/database/workflow_repository.go:28.23,30.3 1 0
KNIRVENGINE/desktop-client/database/workflow_repository.go:33.2,33.33 1 0
KNIRVENGINE/desktop-client/database/workflow_repository.go:33.33,35.3 1 0
KNIRVENGINE/desktop-client/database/workflow_repository.go:38.2,48.32 2 0
KNIRVENGINE/desktop-client/database/workflow_repository.go:48.32,50.3 1 0
KNIRVENGINE/desktop-client/database/workflow_repository.go:52.2,52.27 1 0
KNIRVENGINE/desktop-client/database/workflow_repository.go:52.27,54.3 1 0
KNIRVENGINE/desktop-client/database/workflow_repository.go:57.2,64.43 2 0
KNIRVENGINE/desktop-client/database/workflow_repository.go:68.110,71.16 2 0
KNIRVENGINE/desktop-client/database/workflow_repository.go:71.16,73.3 1 0
KNIRVENGINE/desktop-client/database/workflow_repository.go:76.2,76.32 1 0
KNIRVENGINE/desktop-client/database/workflow_repository.go:80.105,83.16 2 0
KNIRVENGINE/desktop-client/database/workflow_repository.go:83.16,85.3 1 0
KNIRVENGINE/desktop-client/database/workflow_repository.go:88.2,98.32 2 0
KNIRVENGINE/desktop-client/database/workflow_repository.go:98.32,100.3 1 0
KNIRVENGINE/desktop-client/database/workflow_repository.go:102.2,102.27 1 0
KNIRVENGINE/desktop-client/database/workflow_repository.go:102.27,104.3 1 0
KNIRVENGINE/desktop-client/database/workflow_repository.go:107.2,114.46 2 0
KNIRVENGINE/desktop-client/database/workflow_repository.go:118.89,120.2 1 0
KNIRVENGINE/desktop-client/database/workflow_repository.go:123.120,130.16 3 0
KNIRVENGINE/desktop-client/database/workflow_repository.go:130.16,132.3 1 0
KNIRVENGINE/desktop-client/database/workflow_repository.go:135.2,136.27 2 0
KNIRVENGINE/desktop-client/database/workflow_repository.go:136.27,138.17 2 0
KNIRVENGINE/desktop-client/database/workflow_repository.go:138.17,140.4 1 0
KNIRVENGINE/desktop-client/database/workflow_repository.go:141.3,141.26 1 0
KNIRVENGINE/desktop-client/database/workflow_repository.go:144.2,144.23 1 0
KNIRVENGINE/desktop-client/database/workflow_repository.go:148.121,155.16 3 0
KNIRVENGINE/desktop-client/database/workflow_repository.go:155.16,157.3 1 0
KNIRVENGINE/desktop-client/database/workflow_repository.go:160.2,161.27 2 0
KNIRVENGINE/desktop-client/database/workflow_repository.go:161.27,163.17 2 0
KNIRVENGINE/desktop-client/database/workflow_repository.go:163.17,165.4 1 0
KNIRVENGINE/desktop-client/database/workflow_repository.go:166.3,166.26 1 0
KNIRVENGINE/desktop-client/database/workflow_repository.go:169.2,169.23 1 0
KNIRVENGINE/desktop-client/database/workflow_repository.go:173.65,175.16 2 0
KNIRVENGINE/desktop-client/database/workflow_repository.go:175.16,177.3 1 0
KNIRVENGINE/desktop-client/database/workflow_repository.go:179.2,180.16 2 0
KNIRVENGINE/desktop-client/database/workflow_repository.go:180.16,182.3 1 0
KNIRVENGINE/desktop-client/database/workflow_repository.go:184.2,196.72 2 0
KNIRVENGINE/desktop-client/database/workflow_repository.go:196.72,198.17 2 0
KNIRVENGINE/desktop-client/database/workflow_repository.go:198.17,200.4 1 0
KNIRVENGINE/desktop-client/database/workflow_repository.go:201.3,201.29 1 0
KNIRVENGINE/desktop-client/database/workflow_repository.go:204.2,204.22 1 0
KNIRVENGINE/desktop-client/database/workflow_repository.go:208.42,209.13 1 0
KNIRVENGINE/desktop-client/database/workflow_repository.go:209.13,211.3 1 0
KNIRVENGINE/desktop-client/database/workflow_repository.go:212.2,214.20 3 0
KNIRVENGINE/desktop-client/database/workflow_repository.go:218.120,221.16 2 0
KNIRVENGINE/desktop-client/database/workflow_repository.go:221.16,223.3 1 0
KNIRVENGINE/desktop-client/database/workflow_repository.go:226.2,240.37 8 0
KNIRVENGINE/desktop-client/database/workflow_repository.go:240.37,242.73 1 0
KNIRVENGINE/desktop-client/database/workflow_repository.go:242.73,244.4 1 0
KNIRVENGINE/desktop-client/database/workflow_repository.go:247.3,250.37 2 0
KNIRVENGINE/desktop-client/database/workflow_repository.go:250.37,254.34 2 0
KNIRVENGINE/desktop-client/database/workflow_repository.go:254.34,258.5 3 0
KNIRVENGINE/desktop-client/database/workflow_repository.go:263.2,263.26 1 0
KNIRVENGINE/desktop-client/database/workflow_repository.go:263.26,265.3 1 0
KNIRVENGINE/desktop-client/database/workflow_repository.go:268.2,268.24 1 0
KNIRVENGINE/desktop-client/database/workflow_repository.go:268.24,270.3 1 0
KNIRVENGINE/desktop-client/database/workflow_repository.go:273.2,275.19 2 0
KNIRVENGINE/desktop-client/database/workflow_repository.go:279.134,282.16 2 0
KNIRVENGINE/desktop-client/database/workflow_repository.go:282.16,284.3 1 0
KNIRVENGINE/desktop-client/database/workflow_repository.go:287.2,288.37 2 0
KNIRVENGINE/desktop-client/database/workflow_repository.go:288.37,290.3 1 0
KNIRVENGINE/desktop-client/database/workflow_repository.go:293.2,294.42 2 0
KNIRVENGINE/desktop-client/database/workflow_repository.go:294.42,299.3 1 0
KNIRVENGINE/desktop-client/database/workflow_repository.go:302.2,302.44 1 0
KNIRVENGINE/desktop-client/database/workflow_repository.go:302.44,303.49 1 0
KNIRVENGINE/desktop-client/database/workflow_repository.go:303.49,304.59 1 0
KNIRVENGINE/desktop-client/database/workflow_repository.go:304.59,306.5 1 0
KNIRVENGINE/desktop-client/database/workflow_repository.go:311.2,311.34 1 0
KNIRVENGINE/desktop-client/database/workflow_repository.go:311.34,313.3 1 0
KNIRVENGINE/desktop-client/database/workflow_repository.go:315.2,315.29 1 0
