mode: set
KNIRVENGINE/desktop-client/inference/cerebras_provider.go:182.13,187.2 3 1
KNIRVENGINE/desktop-client/inference/cerebras_provider.go:193.99,206.26 3 0
KNIRVENGINE/desktop-client/inference/cerebras_provider.go:206.26,209.21 2 0
KNIRVENGINE/desktop-client/inference/cerebras_provider.go:209.21,212.4 2 0
KNIRVENGINE/desktop-client/inference/cerebras_provider.go:212.9,216.4 2 0
KNIRVENGINE/desktop-client/inference/cerebras_provider.go:219.2,219.33 1 0
KNIRVENGINE/desktop-client/inference/cerebras_provider.go:219.33,221.3 1 0
KNIRVENGINE/desktop-client/inference/cerebras_provider.go:222.2,223.17 2 0
KNIRVENGINE/desktop-client/inference/cerebras_provider.go:227.42,229.2 1 0
KNIRVENGINE/desktop-client/inference/cerebras_provider.go:232.46,234.64 1 0
KNIRVENGINE/desktop-client/inference/cerebras_provider.go:234.64,237.3 2 0
KNIRVENGINE/desktop-client/inference/cerebras_provider.go:239.2,239.54 1 0
KNIRVENGINE/desktop-client/inference/cerebras_provider.go:243.56,252.20 4 0
KNIRVENGINE/desktop-client/inference/cerebras_provider.go:252.20,254.3 1 0
KNIRVENGINE/desktop-client/inference/cerebras_provider.go:254.8,257.3 1 0
KNIRVENGINE/desktop-client/inference/cerebras_provider.go:258.2,258.35 1 0
KNIRVENGINE/desktop-client/inference/cerebras_provider.go:258.35,260.3 1 0
KNIRVENGINE/desktop-client/inference/cerebras_provider.go:261.2,261.16 1 0
KNIRVENGINE/desktop-client/inference/cerebras_provider.go:266.88,268.31 2 0
KNIRVENGINE/desktop-client/inference/cerebras_provider.go:268.31,270.36 2 0
KNIRVENGINE/desktop-client/inference/cerebras_provider.go:271.38,272.36 1 0
KNIRVENGINE/desktop-client/inference/cerebras_provider.go:273.13,274.22 1 0
KNIRVENGINE/desktop-client/inference/cerebras_provider.go:279.3,284.44 2 0
KNIRVENGINE/desktop-client/inference/cerebras_provider.go:286.2,286.20 1 0
KNIRVENGINE/desktop-client/inference/cerebras_provider.go:290.78,291.26 1 0
KNIRVENGINE/desktop-client/inference/cerebras_provider.go:291.26,293.3 1 0
KNIRVENGINE/desktop-client/inference/cerebras_provider.go:294.2,295.34 2 0
KNIRVENGINE/desktop-client/inference/cerebras_provider.go:295.34,296.30 1 0
KNIRVENGINE/desktop-client/inference/cerebras_provider.go:296.30,298.12 2 0
KNIRVENGINE/desktop-client/inference/cerebras_provider.go:302.3,308.38 2 0
KNIRVENGINE/desktop-client/inference/cerebras_provider.go:308.38,310.76 2 0
KNIRVENGINE/desktop-client/inference/cerebras_provider.go:310.76,312.5 1 0
KNIRVENGINE/desktop-client/inference/cerebras_provider.go:312.10,314.5 1 0
KNIRVENGINE/desktop-client/inference/cerebras_provider.go:317.3,329.39 2 0
KNIRVENGINE/desktop-client/inference/cerebras_provider.go:331.2,331.22 1 0
KNIRVENGINE/desktop-client/inference/cerebras_provider.go:336.65,337.24 1 0
KNIRVENGINE/desktop-client/inference/cerebras_provider.go:337.24,339.3 1 0
KNIRVENGINE/desktop-client/inference/cerebras_provider.go:340.2,340.47 1 0
KNIRVENGINE/desktop-client/inference/cerebras_provider.go:340.47,342.82 2 0
KNIRVENGINE/desktop-client/inference/cerebras_provider.go:342.82,344.4 1 0
KNIRVENGINE/desktop-client/inference/cerebras_provider.go:346.3,352.4 2 0
KNIRVENGINE/desktop-client/inference/cerebras_provider.go:355.2,355.63 1 0
KNIRVENGINE/desktop-client/inference/cerebras_provider.go:355.63,356.77 1 0
KNIRVENGINE/desktop-client/inference/cerebras_provider.go:356.77,357.73 1 0
KNIRVENGINE/desktop-client/inference/cerebras_provider.go:357.73,358.46 1 0
KNIRVENGINE/desktop-client/inference/cerebras_provider.go:358.46,360.6 1 0
KNIRVENGINE/desktop-client/inference/cerebras_provider.go:364.2,365.15 2 0
KNIRVENGINE/desktop-client/inference/cerebras_provider.go:369.106,391.55 10 0
KNIRVENGINE/desktop-client/inference/cerebras_provider.go:391.55,393.3 1 0
KNIRVENGINE/desktop-client/inference/cerebras_provider.go:394.2,394.44 1 0
KNIRVENGINE/desktop-client/inference/cerebras_provider.go:394.44,395.29 1 0
KNIRVENGINE/desktop-client/inference/cerebras_provider.go:396.12,397.14 1 0
KNIRVENGINE/desktop-client/inference/cerebras_provider.go:397.14,399.5 1 0
KNIRVENGINE/desktop-client/inference/cerebras_provider.go:400.16,401.14 1 0
KNIRVENGINE/desktop-client/inference/cerebras_provider.go:401.14,403.5 1 0
KNIRVENGINE/desktop-client/inference/cerebras_provider.go:406.2,406.54 1 0
KNIRVENGINE/desktop-client/inference/cerebras_provider.go:406.54,408.3 1 0
KNIRVENGINE/desktop-client/inference/cerebras_provider.go:409.2,409.48 1 0
KNIRVENGINE/desktop-client/inference/cerebras_provider.go:409.48,411.3 1 0
KNIRVENGINE/desktop-client/inference/cerebras_provider.go:412.2,412.37 1 0
KNIRVENGINE/desktop-client/inference/cerebras_provider.go:412.37,413.27 1 0
KNIRVENGINE/desktop-client/inference/cerebras_provider.go:414.12,416.22 2 0
KNIRVENGINE/desktop-client/inference/cerebras_provider.go:417.14,418.17 1 0
KNIRVENGINE/desktop-client/inference/cerebras_provider.go:419.16,421.22 2 0
KNIRVENGINE/desktop-client/inference/cerebras_provider.go:424.2,424.51 1 0
KNIRVENGINE/desktop-client/inference/cerebras_provider.go:424.51,426.3 1 0
KNIRVENGINE/desktop-client/inference/cerebras_provider.go:429.2,429.57 1 0
KNIRVENGINE/desktop-client/inference/cerebras_provider.go:429.57,431.17 2 0
KNIRVENGINE/desktop-client/inference/cerebras_provider.go:431.17,433.4 1 0
KNIRVENGINE/desktop-client/inference/cerebras_provider.go:434.3,434.23 1 0
KNIRVENGINE/desktop-client/inference/cerebras_provider.go:436.2,436.53 1 0
KNIRVENGINE/desktop-client/inference/cerebras_provider.go:436.53,440.43 2 0
KNIRVENGINE/desktop-client/inference/cerebras_provider.go:440.43,442.4 1 0
KNIRVENGINE/desktop-client/inference/cerebras_provider.go:442.9,442.58 1 0
KNIRVENGINE/desktop-client/inference/cerebras_provider.go:442.58,450.4 2 0
KNIRVENGINE/desktop-client/inference/cerebras_provider.go:450.9,453.4 1 0
KNIRVENGINE/desktop-client/inference/cerebras_provider.go:457.2,457.58 1 0
KNIRVENGINE/desktop-client/inference/cerebras_provider.go:457.58,459.3 1 0
KNIRVENGINE/desktop-client/inference/cerebras_provider.go:462.2,462.54 1 0
KNIRVENGINE/desktop-client/inference/cerebras_provider.go:462.54,463.58 1 0
KNIRVENGINE/desktop-client/inference/cerebras_provider.go:463.58,482.4 1 0
KNIRVENGINE/desktop-client/inference/cerebras_provider.go:482.9,484.4 1 0
KNIRVENGINE/desktop-client/inference/cerebras_provider.go:487.2,488.18 2 0
KNIRVENGINE/desktop-client/inference/cerebras_provider.go:488.18,490.3 1 0
KNIRVENGINE/desktop-client/inference/cerebras_provider.go:492.2,492.26 1 0
KNIRVENGINE/desktop-client/inference/cerebras_provider.go:496.136,497.29 1 0
KNIRVENGINE/desktop-client/inference/cerebras_provider.go:497.29,499.3 1 0
KNIRVENGINE/desktop-client/inference/cerebras_provider.go:501.2,502.46 2 0
KNIRVENGINE/desktop-client/inference/cerebras_provider.go:502.46,504.3 1 0
KNIRVENGINE/desktop-client/inference/cerebras_provider.go:504.8,507.23 3 0
KNIRVENGINE/desktop-client/inference/cerebras_provider.go:507.23,509.4 1 0
KNIRVENGINE/desktop-client/inference/cerebras_provider.go:512.2,512.20 1 0
KNIRVENGINE/desktop-client/inference/cerebras_provider.go:512.20,514.3 1 0
KNIRVENGINE/desktop-client/inference/cerebras_provider.go:515.2,517.42 2 0
KNIRVENGINE/desktop-client/inference/cerebras_provider.go:522.141,542.55 10 0
KNIRVENGINE/desktop-client/inference/cerebras_provider.go:542.55,544.3 1 0
KNIRVENGINE/desktop-client/inference/cerebras_provider.go:545.2,545.44 1 0
KNIRVENGINE/desktop-client/inference/cerebras_provider.go:545.44,546.29 1 0
KNIRVENGINE/desktop-client/inference/cerebras_provider.go:547.12,548.14 1 0
KNIRVENGINE/desktop-client/inference/cerebras_provider.go:548.14,550.5 1 0
KNIRVENGINE/desktop-client/inference/cerebras_provider.go:551.16,552.14 1 0
KNIRVENGINE/desktop-client/inference/cerebras_provider.go:552.14,554.5 1 0
KNIRVENGINE/desktop-client/inference/cerebras_provider.go:557.2,557.54 1 0
KNIRVENGINE/desktop-client/inference/cerebras_provider.go:557.54,559.3 1 0
KNIRVENGINE/desktop-client/inference/cerebras_provider.go:560.2,560.48 1 0
KNIRVENGINE/desktop-client/inference/cerebras_provider.go:560.48,562.3 1 0
KNIRVENGINE/desktop-client/inference/cerebras_provider.go:563.2,563.37 1 0
KNIRVENGINE/desktop-client/inference/cerebras_provider.go:563.37,564.27 1 0
KNIRVENGINE/desktop-client/inference/cerebras_provider.go:565.12,567.22 2 0
KNIRVENGINE/desktop-client/inference/cerebras_provider.go:568.14,569.17 1 0
KNIRVENGINE/desktop-client/inference/cerebras_provider.go:570.16,572.22 2 0
KNIRVENGINE/desktop-client/inference/cerebras_provider.go:575.2,575.51 1 0
KNIRVENGINE/desktop-client/inference/cerebras_provider.go:575.51,577.3 1 0
KNIRVENGINE/desktop-client/inference/cerebras_provider.go:580.2,580.57 1 0
KNIRVENGINE/desktop-client/inference/cerebras_provider.go:580.57,582.17 2 0
KNIRVENGINE/desktop-client/inference/cerebras_provider.go:582.17,584.4 1 0
KNIRVENGINE/desktop-client/inference/cerebras_provider.go:585.3,585.23 1 0
KNIRVENGINE/desktop-client/inference/cerebras_provider.go:587.2,587.53 1 0
KNIRVENGINE/desktop-client/inference/cerebras_provider.go:587.53,589.43 2 0
KNIRVENGINE/desktop-client/inference/cerebras_provider.go:589.43,591.4 1 0
KNIRVENGINE/desktop-client/inference/cerebras_provider.go:591.9,595.4 2 0
KNIRVENGINE/desktop-client/inference/cerebras_provider.go:599.2,599.58 1 0
KNIRVENGINE/desktop-client/inference/cerebras_provider.go:599.58,601.3 1 0
KNIRVENGINE/desktop-client/inference/cerebras_provider.go:604.2,604.54 1 0
KNIRVENGINE/desktop-client/inference/cerebras_provider.go:604.54,605.58 1 0
KNIRVENGINE/desktop-client/inference/cerebras_provider.go:605.58,624.4 1 0
KNIRVENGINE/desktop-client/inference/cerebras_provider.go:624.9,626.4 1 0
KNIRVENGINE/desktop-client/inference/cerebras_provider.go:629.2,630.18 2 0
KNIRVENGINE/desktop-client/inference/cerebras_provider.go:630.18,632.3 1 0
KNIRVENGINE/desktop-client/inference/cerebras_provider.go:634.2,634.26 1 0
KNIRVENGINE/desktop-client/inference/cerebras_provider.go:638.71,640.56 2 0
KNIRVENGINE/desktop-client/inference/cerebras_provider.go:640.56,643.3 2 0
KNIRVENGINE/desktop-client/inference/cerebras_provider.go:645.2,645.32 1 0
KNIRVENGINE/desktop-client/inference/cerebras_provider.go:645.32,648.56 3 0
KNIRVENGINE/desktop-client/inference/cerebras_provider.go:648.56,649.42 1 0
KNIRVENGINE/desktop-client/inference/cerebras_provider.go:649.42,651.5 1 0
KNIRVENGINE/desktop-client/inference/cerebras_provider.go:653.3,653.70 1 0
KNIRVENGINE/desktop-client/inference/cerebras_provider.go:656.2,658.41 2 0
KNIRVENGINE/desktop-client/inference/cerebras_provider.go:658.41,661.3 2 0
KNIRVENGINE/desktop-client/inference/cerebras_provider.go:663.2,663.36 1 0
KNIRVENGINE/desktop-client/inference/cerebras_provider.go:667.76,670.27 3 0
KNIRVENGINE/desktop-client/inference/cerebras_provider.go:670.27,672.3 1 0
KNIRVENGINE/desktop-client/inference/cerebras_provider.go:673.2,673.33 1 0
KNIRVENGINE/desktop-client/inference/cerebras_provider.go:673.33,675.3 1 0
KNIRVENGINE/desktop-client/inference/cerebras_provider.go:676.2,676.64 1 0
KNIRVENGINE/desktop-client/inference/cerebras_provider.go:680.77,682.56 2 0
KNIRVENGINE/desktop-client/inference/cerebras_provider.go:682.56,684.3 1 0
KNIRVENGINE/desktop-client/inference/cerebras_provider.go:686.2,686.83 1 0
KNIRVENGINE/desktop-client/inference/cerebras_provider.go:686.83,688.25 2 0
KNIRVENGINE/desktop-client/inference/cerebras_provider.go:688.25,693.33 3 0
KNIRVENGINE/desktop-client/inference/cerebras_provider.go:693.33,702.5 1 0
KNIRVENGINE/desktop-client/inference/cerebras_provider.go:704.4,705.18 2 0
KNIRVENGINE/desktop-client/inference/cerebras_provider.go:705.18,708.5 2 0
KNIRVENGINE/desktop-client/inference/cerebras_provider.go:710.4,710.29 1 0
KNIRVENGINE/desktop-client/inference/cerebras_provider.go:714.2,714.18 1 0
KNIRVENGINE/desktop-client/inference/cerebras_provider.go:718.54,720.2 1 0
KNIRVENGINE/desktop-client/inference/cerebras_provider.go:723.66,734.16 9 0
KNIRVENGINE/desktop-client/inference/cerebras_provider.go:734.16,736.3 1 0
KNIRVENGINE/desktop-client/inference/cerebras_provider.go:738.2,738.24 1 0
KNIRVENGINE/desktop-client/inference/cerebras_provider.go:738.24,739.46 1 0
KNIRVENGINE/desktop-client/inference/cerebras_provider.go:739.46,741.4 1 0
KNIRVENGINE/desktop-client/inference/cerebras_provider.go:745.2,745.91 1 0
KNIRVENGINE/desktop-client/inference/cerebras_provider.go:745.91,747.3 1 0
KNIRVENGINE/desktop-client/inference/cerebras_provider.go:748.2,748.44 1 0
KNIRVENGINE/desktop-client/inference/cerebras_provider.go:748.44,750.3 1 0
KNIRVENGINE/desktop-client/inference/cerebras_provider.go:751.2,751.72 1 0
KNIRVENGINE/desktop-client/inference/cerebras_provider.go:751.72,753.3 1 0
KNIRVENGINE/desktop-client/inference/cerebras_provider.go:754.2,754.26 1 0
KNIRVENGINE/desktop-client/inference/cerebras_provider.go:754.26,756.3 1 0
KNIRVENGINE/desktop-client/inference/cerebras_provider.go:757.2,757.19 1 0
KNIRVENGINE/desktop-client/inference/cerebras_provider.go:757.19,759.3 1 0
KNIRVENGINE/desktop-client/inference/cerebras_provider.go:760.2,760.19 1 0
KNIRVENGINE/desktop-client/inference/cerebras_provider.go:760.19,762.3 1 0
KNIRVENGINE/desktop-client/inference/cerebras_provider.go:765.2,765.87 1 0
KNIRVENGINE/desktop-client/inference/cerebras_provider.go:765.87,767.3 1 0
KNIRVENGINE/desktop-client/inference/cerebras_provider.go:768.2,768.68 1 0
KNIRVENGINE/desktop-client/inference/cerebras_provider.go:768.68,770.3 1 0
KNIRVENGINE/desktop-client/inference/cerebras_provider.go:773.2,773.49 1 0
KNIRVENGINE/desktop-client/inference/cerebras_provider.go:773.49,775.3 1 0
KNIRVENGINE/desktop-client/inference/cerebras_provider.go:776.2,776.38 1 0
KNIRVENGINE/desktop-client/inference/cerebras_provider.go:776.38,778.3 1 0
KNIRVENGINE/desktop-client/inference/cerebras_provider.go:780.2,780.86 1 0
KNIRVENGINE/desktop-client/inference/cerebras_provider.go:784.77,785.13 1 0
KNIRVENGINE/desktop-client/inference/cerebras_provider.go:786.17,787.34 1 0
KNIRVENGINE/desktop-client/inference/cerebras_provider.go:787.34,789.4 1 0
KNIRVENGINE/desktop-client/inference/cerebras_provider.go:790.15,791.34 1 0
KNIRVENGINE/desktop-client/inference/cerebras_provider.go:791.34,793.4 1 0
KNIRVENGINE/desktop-client/inference/cerebras_provider.go:794.20,795.28 1 0
KNIRVENGINE/desktop-client/inference/cerebras_provider.go:796.12,797.13 1 0
KNIRVENGINE/desktop-client/inference/cerebras_provider.go:797.13,799.5 1 0
KNIRVENGINE/desktop-client/inference/cerebras_provider.go:800.16,801.13 1 0
KNIRVENGINE/desktop-client/inference/cerebras_provider.go:801.13,803.5 1 0
KNIRVENGINE/desktop-client/inference/cerebras_provider.go:805.21,806.35 1 0
KNIRVENGINE/desktop-client/inference/cerebras_provider.go:806.35,808.4 1 0
KNIRVENGINE/desktop-client/inference/cerebras_provider.go:809.15,810.35 1 0
KNIRVENGINE/desktop-client/inference/cerebras_provider.go:810.35,812.4 1 0
KNIRVENGINE/desktop-client/inference/cerebras_provider.go:813.14,814.28 1 0
KNIRVENGINE/desktop-client/inference/cerebras_provider.go:815.12,817.21 2 0
KNIRVENGINE/desktop-client/inference/cerebras_provider.go:818.14,819.15 1 0
KNIRVENGINE/desktop-client/inference/cerebras_provider.go:820.16,822.21 2 0
KNIRVENGINE/desktop-client/inference/cerebras_provider.go:824.10,825.84 1 0
KNIRVENGINE/desktop-client/inference/cerebras_provider.go:830.69,835.2 4 0
KNIRVENGINE/desktop-client/inference/cerebras_provider.go:838.59,841.19 3 0
KNIRVENGINE/desktop-client/inference/cerebras_provider.go:841.19,844.3 2 0
KNIRVENGINE/desktop-client/inference/cerebras_provider.go:848.53,850.2 1 0
KNIRVENGINE/desktop-client/inference/cerebras_provider.go:853.112,854.20 1 0
KNIRVENGINE/desktop-client/inference/cerebras_provider.go:854.20,856.3 1 0
KNIRVENGINE/desktop-client/inference/cerebras_provider.go:857.2,860.42 2 0
KNIRVENGINE/desktop-client/inference/cerebras_provider.go:864.78,866.30 2 0
KNIRVENGINE/desktop-client/inference/cerebras_provider.go:866.30,868.3 1 0
KNIRVENGINE/desktop-client/inference/cerebras_provider.go:869.2,869.24 1 0
KNIRVENGINE/desktop-client/inference/cerebras_provider.go:869.24,871.3 1 0
KNIRVENGINE/desktop-client/inference/cerebras_provider.go:873.2,874.73 2 0
KNIRVENGINE/desktop-client/inference/cerebras_provider.go:874.73,877.81 2 0
KNIRVENGINE/desktop-client/inference/cerebras_provider.go:877.81,878.43 1 0
KNIRVENGINE/desktop-client/inference/cerebras_provider.go:878.43,880.58 2 0
KNIRVENGINE/desktop-client/inference/cerebras_provider.go:880.58,881.51 1 0
KNIRVENGINE/desktop-client/inference/cerebras_provider.go:881.51,883.7 1 0
KNIRVENGINE/desktop-client/inference/cerebras_provider.go:885.5,885.86 1 0
KNIRVENGINE/desktop-client/inference/cerebras_provider.go:888.3,889.69 2 0
KNIRVENGINE/desktop-client/inference/cerebras_provider.go:892.2,892.33 1 0
KNIRVENGINE/desktop-client/inference/cerebras_provider.go:892.33,894.3 1 0
KNIRVENGINE/desktop-client/inference/cerebras_provider.go:896.2,899.37 2 0
KNIRVENGINE/desktop-client/inference/cerebras_provider.go:899.37,907.3 2 0
KNIRVENGINE/desktop-client/inference/cerebras_provider.go:909.2,909.32 1 0
KNIRVENGINE/desktop-client/inference/cerebras_provider.go:909.32,912.3 2 0
KNIRVENGINE/desktop-client/inference/cerebras_provider.go:914.2,914.34 1 0
KNIRVENGINE/desktop-client/inference/cerebras_provider.go:938.42,943.2 1 0
KNIRVENGINE/desktop-client/inference/cerebras_provider.go:946.70,948.31 2 0
KNIRVENGINE/desktop-client/inference/cerebras_provider.go:948.31,953.3 1 0
KNIRVENGINE/desktop-client/inference/cerebras_provider.go:954.2,954.25 1 0
KNIRVENGINE/desktop-client/inference/cerebras_provider.go:959.146,960.18 1 0
KNIRVENGINE/desktop-client/inference/cerebras_provider.go:960.18,962.3 1 0
KNIRVENGINE/desktop-client/inference/cerebras_provider.go:963.2,963.17 1 0
KNIRVENGINE/desktop-client/inference/cerebras_provider.go:963.17,965.3 1 0
KNIRVENGINE/desktop-client/inference/cerebras_provider.go:966.2,966.24 1 0
KNIRVENGINE/desktop-client/inference/cerebras_provider.go:966.24,968.3 1 0
KNIRVENGINE/desktop-client/inference/cerebras_provider.go:971.2,983.16 4 0
KNIRVENGINE/desktop-client/inference/cerebras_provider.go:983.16,985.3 1 0
KNIRVENGINE/desktop-client/inference/cerebras_provider.go:988.2,989.16 2 0
KNIRVENGINE/desktop-client/inference/cerebras_provider.go:989.16,991.3 1 0
KNIRVENGINE/desktop-client/inference/cerebras_provider.go:994.2,1000.16 5 0
KNIRVENGINE/desktop-client/inference/cerebras_provider.go:1000.16,1002.39 1 0
KNIRVENGINE/desktop-client/inference/cerebras_provider.go:1002.39,1005.4 2 0
KNIRVENGINE/desktop-client/inference/cerebras_provider.go:1006.3,1006.47 1 0
KNIRVENGINE/desktop-client/inference/cerebras_provider.go:1006.47,1009.4 2 0
KNIRVENGINE/desktop-client/inference/cerebras_provider.go:1010.3,1010.75 1 0
KNIRVENGINE/desktop-client/inference/cerebras_provider.go:1012.2,1016.16 3 0
KNIRVENGINE/desktop-client/inference/cerebras_provider.go:1016.16,1018.3 1 0
KNIRVENGINE/desktop-client/inference/cerebras_provider.go:1021.2,1021.38 1 0
KNIRVENGINE/desktop-client/inference/cerebras_provider.go:1021.38,1024.3 2 0
KNIRVENGINE/desktop-client/inference/cerebras_provider.go:1027.2,1028.56 2 0
KNIRVENGINE/desktop-client/inference/cerebras_provider.go:1028.56,1030.3 1 0
KNIRVENGINE/desktop-client/inference/cerebras_provider.go:1033.2,1033.77 1 0
KNIRVENGINE/desktop-client/inference/cerebras_provider.go:1033.77,1036.3 2 0
KNIRVENGINE/desktop-client/inference/cerebras_provider.go:1039.2,1039.49 1 0
KNIRVENGINE/desktop-client/inference/context_manager.go:51.67,52.34 1 1
KNIRVENGINE/desktop-client/inference/context_manager.go:52.34,54.3 1 1
KNIRVENGINE/desktop-client/inference/context_manager.go:58.54,59.34 1 1
KNIRVENGINE/desktop-client/inference/context_manager.go:59.34,61.3 1 1
KNIRVENGINE/desktop-client/inference/context_manager.go:65.57,66.34 1 1
KNIRVENGINE/desktop-client/inference/context_manager.go:66.34,68.3 1 1
KNIRVENGINE/desktop-client/inference/context_manager.go:72.59,73.34 1 1
KNIRVENGINE/desktop-client/inference/context_manager.go:73.34,75.3 1 1
KNIRVENGINE/desktop-client/inference/context_manager.go:79.62,80.34 1 0
KNIRVENGINE/desktop-client/inference/context_manager.go:80.34,82.3 1 0
KNIRVENGINE/desktop-client/inference/context_manager.go:94.97,107.27 2 1
KNIRVENGINE/desktop-client/inference/context_manager.go:107.27,109.3 1 1
KNIRVENGINE/desktop-client/inference/context_manager.go:111.2,111.11 1 1
KNIRVENGINE/desktop-client/inference/context_manager.go:115.65,116.21 1 1
KNIRVENGINE/desktop-client/inference/context_manager.go:117.24,121.32 3 1
KNIRVENGINE/desktop-client/inference/context_manager.go:121.32,123.21 2 1
KNIRVENGINE/desktop-client/inference/context_manager.go:123.21,125.5 1 1
KNIRVENGINE/desktop-client/inference/context_manager.go:127.3,127.24 1 1
KNIRVENGINE/desktop-client/inference/context_manager.go:129.23,136.38 4 1
KNIRVENGINE/desktop-client/inference/context_manager.go:136.38,138.21 2 1
KNIRVENGINE/desktop-client/inference/context_manager.go:138.21,140.53 1 1
KNIRVENGINE/desktop-client/inference/context_manager.go:140.53,142.71 2 1
KNIRVENGINE/desktop-client/inference/context_manager.go:142.71,144.73 2 1
KNIRVENGINE/desktop-client/inference/context_manager.go:144.73,146.8 1 1
KNIRVENGINE/desktop-client/inference/context_manager.go:149.5,149.59 1 1
KNIRVENGINE/desktop-client/inference/context_manager.go:154.3,154.56 1 1
KNIRVENGINE/desktop-client/inference/context_manager.go:156.25,158.36 1 1
KNIRVENGINE/desktop-client/inference/context_manager.go:160.10,164.34 3 0
KNIRVENGINE/desktop-client/inference/context_manager.go:169.81,170.25 1 1
KNIRVENGINE/desktop-client/inference/context_manager.go:170.25,172.3 1 0
KNIRVENGINE/desktop-client/inference/context_manager.go:174.2,178.37 4 1
KNIRVENGINE/desktop-client/inference/context_manager.go:178.37,182.74 2 1
KNIRVENGINE/desktop-client/inference/context_manager.go:182.74,186.4 3 0
KNIRVENGINE/desktop-client/inference/context_manager.go:189.3,189.24 1 1
KNIRVENGINE/desktop-client/inference/context_manager.go:189.24,191.4 1 1
KNIRVENGINE/desktop-client/inference/context_manager.go:192.3,193.34 2 1
KNIRVENGINE/desktop-client/inference/context_manager.go:197.2,197.28 1 1
KNIRVENGINE/desktop-client/inference/context_manager.go:197.28,199.3 1 1
KNIRVENGINE/desktop-client/inference/context_manager.go:201.2,201.15 1 1
KNIRVENGINE/desktop-client/inference/context_manager.go:205.67,213.39 5 1
KNIRVENGINE/desktop-client/inference/context_manager.go:213.39,215.20 2 1
KNIRVENGINE/desktop-client/inference/context_manager.go:215.20,216.12 1 0
KNIRVENGINE/desktop-client/inference/context_manager.go:219.3,222.40 2 1
KNIRVENGINE/desktop-client/inference/context_manager.go:222.40,224.30 1 1
KNIRVENGINE/desktop-client/inference/context_manager.go:224.30,228.5 3 0
KNIRVENGINE/desktop-client/inference/context_manager.go:231.4,232.45 2 1
KNIRVENGINE/desktop-client/inference/context_manager.go:232.45,237.13 5 1
KNIRVENGINE/desktop-client/inference/context_manager.go:242.4,246.39 4 0
KNIRVENGINE/desktop-client/inference/context_manager.go:246.39,248.30 2 0
KNIRVENGINE/desktop-client/inference/context_manager.go:248.30,249.14 1 0
KNIRVENGINE/desktop-client/inference/context_manager.go:252.5,252.72 1 0
KNIRVENGINE/desktop-client/inference/context_manager.go:252.72,254.82 2 0
KNIRVENGINE/desktop-client/inference/context_manager.go:254.82,256.73 2 0
KNIRVENGINE/desktop-client/inference/context_manager.go:256.73,258.8 1 0
KNIRVENGINE/desktop-client/inference/context_manager.go:262.5,265.92 2 0
KNIRVENGINE/desktop-client/inference/context_manager.go:265.92,269.6 3 0
KNIRVENGINE/desktop-client/inference/context_manager.go:272.5,272.34 1 0
KNIRVENGINE/desktop-client/inference/context_manager.go:272.34,274.6 1 0
KNIRVENGINE/desktop-client/inference/context_manager.go:275.5,276.44 2 0
KNIRVENGINE/desktop-client/inference/context_manager.go:280.4,280.38 1 0
KNIRVENGINE/desktop-client/inference/context_manager.go:280.38,282.5 1 0
KNIRVENGINE/desktop-client/inference/context_manager.go:283.9,283.61 1 1
KNIRVENGINE/desktop-client/inference/context_manager.go:283.61,289.4 4 0
KNIRVENGINE/desktop-client/inference/context_manager.go:289.9,291.25 1 1
KNIRVENGINE/desktop-client/inference/context_manager.go:291.25,293.5 1 0
KNIRVENGINE/desktop-client/inference/context_manager.go:294.4,295.36 2 1
KNIRVENGINE/desktop-client/inference/context_manager.go:300.2,300.28 1 1
KNIRVENGINE/desktop-client/inference/context_manager.go:300.28,302.3 1 1
KNIRVENGINE/desktop-client/inference/context_manager.go:308.2,308.15 1 1
KNIRVENGINE/desktop-client/inference/context_manager.go:314.150,315.16 1 1
KNIRVENGINE/desktop-client/inference/context_manager.go:315.16,317.3 1 0
KNIRVENGINE/desktop-client/inference/context_manager.go:319.2,320.22 2 1
KNIRVENGINE/desktop-client/inference/context_manager.go:320.22,322.3 1 0
KNIRVENGINE/desktop-client/inference/context_manager.go:324.2,326.17 1 1
KNIRVENGINE/desktop-client/inference/context_manager.go:326.17,327.47 1 1
KNIRVENGINE/desktop-client/inference/context_manager.go:327.47,329.5 1 1
KNIRVENGINE/desktop-client/inference/context_manager.go:330.4,330.23 1 1
KNIRVENGINE/desktop-client/inference/context_manager.go:334.2,334.47 1 1
KNIRVENGINE/desktop-client/inference/context_manager.go:334.47,336.3 1 1
KNIRVENGINE/desktop-client/inference/context_manager.go:339.2,339.68 1 1
KNIRVENGINE/desktop-client/inference/context_manager.go:344.144,350.31 5 1
KNIRVENGINE/desktop-client/inference/context_manager.go:350.31,352.40 2 1
KNIRVENGINE/desktop-client/inference/context_manager.go:352.40,360.18 5 1
KNIRVENGINE/desktop-client/inference/context_manager.go:360.18,367.5 6 1
KNIRVENGINE/desktop-client/inference/context_manager.go:368.4,369.62 2 1
KNIRVENGINE/desktop-client/inference/context_manager.go:373.2,379.31 4 1
KNIRVENGINE/desktop-client/inference/context_manager.go:387.146,391.40 3 1
KNIRVENGINE/desktop-client/inference/context_manager.go:391.40,397.34 4 1
KNIRVENGINE/desktop-client/inference/context_manager.go:397.34,400.4 2 1
KNIRVENGINE/desktop-client/inference/context_manager.go:401.3,409.17 7 1
KNIRVENGINE/desktop-client/inference/context_manager.go:409.17,415.4 3 1
KNIRVENGINE/desktop-client/inference/context_manager.go:417.3,425.43 5 1
KNIRVENGINE/desktop-client/inference/context_manager.go:425.43,427.34 1 0
KNIRVENGINE/desktop-client/inference/context_manager.go:427.34,430.5 2 0
KNIRVENGINE/desktop-client/inference/context_manager.go:435.2,435.50 1 1
KNIRVENGINE/desktop-client/inference/context_manager.go:442.79,443.17 1 1
KNIRVENGINE/desktop-client/inference/context_manager.go:443.17,445.3 1 0
KNIRVENGINE/desktop-client/inference/context_manager.go:446.2,457.41 7 1
KNIRVENGINE/desktop-client/inference/context_manager.go:457.41,459.21 2 1
KNIRVENGINE/desktop-client/inference/context_manager.go:459.21,460.12 1 1
KNIRVENGINE/desktop-client/inference/context_manager.go:463.3,464.69 2 1
KNIRVENGINE/desktop-client/inference/context_manager.go:464.69,466.70 2 1
KNIRVENGINE/desktop-client/inference/context_manager.go:466.70,468.5 1 1
KNIRVENGINE/desktop-client/inference/context_manager.go:471.3,473.45 2 1
KNIRVENGINE/desktop-client/inference/context_manager.go:473.45,476.4 2 1
KNIRVENGINE/desktop-client/inference/context_manager.go:476.9,478.9 1 0
KNIRVENGINE/desktop-client/inference/context_manager.go:483.2,483.65 1 1
KNIRVENGINE/desktop-client/inference/context_manager.go:483.65,485.3 1 0
KNIRVENGINE/desktop-client/inference/context_manager.go:488.2,488.32 1 1
KNIRVENGINE/desktop-client/inference/context_manager.go:488.32,490.3 1 0
KNIRVENGINE/desktop-client/inference/context_manager.go:491.2,491.44 1 1
KNIRVENGINE/desktop-client/inference/context_manager.go:496.73,497.52 1 1
KNIRVENGINE/desktop-client/inference/context_manager.go:497.52,499.3 1 0
KNIRVENGINE/desktop-client/inference/context_manager.go:501.2,506.33 3 1
KNIRVENGINE/desktop-client/inference/context_manager.go:506.33,508.15 1 1
KNIRVENGINE/desktop-client/inference/context_manager.go:508.15,510.4 1 1
KNIRVENGINE/desktop-client/inference/context_manager.go:512.3,512.34 1 1
KNIRVENGINE/desktop-client/inference/context_manager.go:512.34,514.21 1 1
KNIRVENGINE/desktop-client/inference/context_manager.go:514.21,516.5 1 1
KNIRVENGINE/desktop-client/inference/context_manager.go:519.4,519.40 1 1
KNIRVENGINE/desktop-client/inference/context_manager.go:523.3,523.52 1 1
KNIRVENGINE/desktop-client/inference/context_manager.go:523.52,525.4 1 0
KNIRVENGINE/desktop-client/inference/context_manager.go:525.9,525.85 1 1
KNIRVENGINE/desktop-client/inference/context_manager.go:525.85,527.66 1 1
KNIRVENGINE/desktop-client/inference/context_manager.go:527.66,529.5 1 1
KNIRVENGINE/desktop-client/inference/context_manager.go:534.2,534.18 1 0
KNIRVENGINE/desktop-client/inference/context_manager.go:545.19,549.15 3 1
KNIRVENGINE/desktop-client/inference/context_manager.go:549.15,549.49 1 1
KNIRVENGINE/desktop-client/inference/context_manager.go:552.2,554.20 2 1
KNIRVENGINE/desktop-client/inference/context_manager.go:565.19,569.15 3 1
KNIRVENGINE/desktop-client/inference/context_manager.go:569.15,569.51 1 1
KNIRVENGINE/desktop-client/inference/context_manager.go:572.2,574.20 2 1
KNIRVENGINE/desktop-client/inference/context_manager.go:578.66,580.2 1 0
KNIRVENGINE/desktop-client/inference/context_manager.go:583.74,586.2 2 1
KNIRVENGINE/desktop-client/inference/context_manager.go:589.62,591.2 1 0
KNIRVENGINE/desktop-client/inference/context_manager.go:594.66,597.2 2 1
KNIRVENGINE/desktop-client/inference/context_manager.go:600.53,603.2 2 0
KNIRVENGINE/desktop-client/inference/context_manager.go:606.56,609.2 2 0
KNIRVENGINE/desktop-client/inference/context_manager.go:618.24,619.11 1 1
KNIRVENGINE/desktop-client/inference/context_manager.go:619.11,621.3 1 1
KNIRVENGINE/desktop-client/inference/context_manager.go:622.2,622.10 1 0
KNIRVENGINE/desktop-client/inference/context_manager.go:626.24,627.11 1 1
KNIRVENGINE/desktop-client/inference/context_manager.go:627.11,629.3 1 0
KNIRVENGINE/desktop-client/inference/context_manager.go:630.2,630.10 1 1
KNIRVENGINE/desktop-client/inference/conversation_memory.go:32.73,37.2 1 1
KNIRVENGINE/desktop-client/inference/conversation_memory.go:40.76,45.2 4 1
KNIRVENGINE/desktop-client/inference/conversation_memory.go:49.113,57.21 6 1
KNIRVENGINE/desktop-client/inference/conversation_memory.go:57.21,59.3 1 1
KNIRVENGINE/desktop-client/inference/conversation_memory.go:61.2,61.44 1 1
KNIRVENGINE/desktop-client/inference/conversation_memory.go:61.44,65.43 3 1
KNIRVENGINE/desktop-client/inference/conversation_memory.go:65.43,69.4 2 1
KNIRVENGINE/desktop-client/inference/conversation_memory.go:69.9,72.9 2 1
KNIRVENGINE/desktop-client/inference/conversation_memory.go:75.2,75.24 1 1
KNIRVENGINE/desktop-client/inference/conversation_memory.go:79.38,84.2 4 1
KNIRVENGINE/desktop-client/inference/conversation_memory.go:87.71,94.2 5 1
KNIRVENGINE/desktop-client/inference/deepseek_provider.go:71.13,75.2 3 1
KNIRVENGINE/desktop-client/inference/deepseek_provider.go:78.99,90.26 3 0
KNIRVENGINE/desktop-client/inference/deepseek_provider.go:90.26,93.21 2 0
KNIRVENGINE/desktop-client/inference/deepseek_provider.go:93.21,96.4 2 0
KNIRVENGINE/desktop-client/inference/deepseek_provider.go:96.9,100.4 2 0
KNIRVENGINE/desktop-client/inference/deepseek_provider.go:103.2,103.33 1 0
KNIRVENGINE/desktop-client/inference/deepseek_provider.go:103.33,105.3 1 0
KNIRVENGINE/desktop-client/inference/deepseek_provider.go:106.2,107.17 2 0
KNIRVENGINE/desktop-client/inference/deepseek_provider.go:111.42,113.2 1 0
KNIRVENGINE/desktop-client/inference/deepseek_provider.go:116.46,118.64 1 0
KNIRVENGINE/desktop-client/inference/deepseek_provider.go:118.64,121.3 2 0
KNIRVENGINE/desktop-client/inference/deepseek_provider.go:123.2,123.55 1 0
KNIRVENGINE/desktop-client/inference/deepseek_provider.go:127.56,136.20 4 0
KNIRVENGINE/desktop-client/inference/deepseek_provider.go:136.20,138.3 1 0
KNIRVENGINE/desktop-client/inference/deepseek_provider.go:138.8,140.3 1 0
KNIRVENGINE/desktop-client/inference/deepseek_provider.go:141.2,141.35 1 0
KNIRVENGINE/desktop-client/inference/deepseek_provider.go:141.35,143.3 1 0
KNIRVENGINE/desktop-client/inference/deepseek_provider.go:144.2,144.16 1 0
KNIRVENGINE/desktop-client/inference/deepseek_provider.go:148.88,151.2 1 0
KNIRVENGINE/desktop-client/inference/deepseek_provider.go:154.78,157.2 1 0
KNIRVENGINE/desktop-client/inference/deepseek_provider.go:160.65,163.2 1 0
KNIRVENGINE/desktop-client/inference/deepseek_provider.go:166.106,188.55 10 0
KNIRVENGINE/desktop-client/inference/deepseek_provider.go:188.55,190.3 1 0
KNIRVENGINE/desktop-client/inference/deepseek_provider.go:191.2,191.44 1 0
KNIRVENGINE/desktop-client/inference/deepseek_provider.go:191.44,192.29 1 0
KNIRVENGINE/desktop-client/inference/deepseek_provider.go:193.12,194.14 1 0
KNIRVENGINE/desktop-client/inference/deepseek_provider.go:194.14,196.5 1 0
KNIRVENGINE/desktop-client/inference/deepseek_provider.go:197.16,198.14 1 0
KNIRVENGINE/desktop-client/inference/deepseek_provider.go:198.14,200.5 1 0
KNIRVENGINE/desktop-client/inference/deepseek_provider.go:203.2,203.54 1 0
KNIRVENGINE/desktop-client/inference/deepseek_provider.go:203.54,205.3 1 0
KNIRVENGINE/desktop-client/inference/deepseek_provider.go:206.2,206.48 1 0
KNIRVENGINE/desktop-client/inference/deepseek_provider.go:206.48,208.3 1 0
KNIRVENGINE/desktop-client/inference/deepseek_provider.go:209.2,209.37 1 0
KNIRVENGINE/desktop-client/inference/deepseek_provider.go:209.37,210.27 1 0
KNIRVENGINE/desktop-client/inference/deepseek_provider.go:211.12,213.22 2 0
KNIRVENGINE/desktop-client/inference/deepseek_provider.go:214.14,215.17 1 0
KNIRVENGINE/desktop-client/inference/deepseek_provider.go:216.16,218.22 2 0
KNIRVENGINE/desktop-client/inference/deepseek_provider.go:221.2,221.51 1 0
KNIRVENGINE/desktop-client/inference/deepseek_provider.go:221.51,223.3 1 0
KNIRVENGINE/desktop-client/inference/deepseek_provider.go:226.2,226.57 1 0
KNIRVENGINE/desktop-client/inference/deepseek_provider.go:226.57,228.17 2 0
KNIRVENGINE/desktop-client/inference/deepseek_provider.go:228.17,230.4 1 0
KNIRVENGINE/desktop-client/inference/deepseek_provider.go:231.3,231.23 1 0
KNIRVENGINE/desktop-client/inference/deepseek_provider.go:233.2,233.53 1 0
KNIRVENGINE/desktop-client/inference/deepseek_provider.go:233.53,235.43 2 0
KNIRVENGINE/desktop-client/inference/deepseek_provider.go:235.43,237.4 1 0
KNIRVENGINE/desktop-client/inference/deepseek_provider.go:237.9,240.4 2 0
KNIRVENGINE/desktop-client/inference/deepseek_provider.go:244.2,244.58 1 0
KNIRVENGINE/desktop-client/inference/deepseek_provider.go:244.58,246.3 1 0
KNIRVENGINE/desktop-client/inference/deepseek_provider.go:249.2,249.75 1 0
KNIRVENGINE/desktop-client/inference/deepseek_provider.go:249.75,270.3 1 0
KNIRVENGINE/desktop-client/inference/deepseek_provider.go:270.8,270.53 1 0
KNIRVENGINE/desktop-client/inference/deepseek_provider.go:270.53,272.3 1 0
KNIRVENGINE/desktop-client/inference/deepseek_provider.go:274.2,275.18 2 0
KNIRVENGINE/desktop-client/inference/deepseek_provider.go:275.18,277.3 1 0
KNIRVENGINE/desktop-client/inference/deepseek_provider.go:279.2,279.26 1 0
KNIRVENGINE/desktop-client/inference/deepseek_provider.go:283.136,284.29 1 0
KNIRVENGINE/desktop-client/inference/deepseek_provider.go:284.29,286.3 1 0
KNIRVENGINE/desktop-client/inference/deepseek_provider.go:288.2,289.46 2 0
KNIRVENGINE/desktop-client/inference/deepseek_provider.go:289.46,291.3 1 0
KNIRVENGINE/desktop-client/inference/deepseek_provider.go:291.8,294.23 3 0
KNIRVENGINE/desktop-client/inference/deepseek_provider.go:294.23,296.4 1 0
KNIRVENGINE/desktop-client/inference/deepseek_provider.go:299.2,299.20 1 0
KNIRVENGINE/desktop-client/inference/deepseek_provider.go:299.20,301.3 1 0
KNIRVENGINE/desktop-client/inference/deepseek_provider.go:302.2,304.42 2 0
KNIRVENGINE/desktop-client/inference/deepseek_provider.go:308.141,329.55 10 0
KNIRVENGINE/desktop-client/inference/deepseek_provider.go:329.55,331.3 1 0
KNIRVENGINE/desktop-client/inference/deepseek_provider.go:332.2,332.44 1 0
KNIRVENGINE/desktop-client/inference/deepseek_provider.go:332.44,333.29 1 0
KNIRVENGINE/desktop-client/inference/deepseek_provider.go:334.12,335.14 1 0
KNIRVENGINE/desktop-client/inference/deepseek_provider.go:335.14,337.5 1 0
KNIRVENGINE/desktop-client/inference/deepseek_provider.go:338.16,339.14 1 0
KNIRVENGINE/desktop-client/inference/deepseek_provider.go:339.14,341.5 1 0
KNIRVENGINE/desktop-client/inference/deepseek_provider.go:344.2,344.54 1 0
KNIRVENGINE/desktop-client/inference/deepseek_provider.go:344.54,346.3 1 0
KNIRVENGINE/desktop-client/inference/deepseek_provider.go:347.2,347.48 1 0
KNIRVENGINE/desktop-client/inference/deepseek_provider.go:347.48,349.3 1 0
KNIRVENGINE/desktop-client/inference/deepseek_provider.go:350.2,350.37 1 0
KNIRVENGINE/desktop-client/inference/deepseek_provider.go:350.37,351.27 1 0
KNIRVENGINE/desktop-client/inference/deepseek_provider.go:352.12,354.22 2 0
KNIRVENGINE/desktop-client/inference/deepseek_provider.go:355.14,356.17 1 0
KNIRVENGINE/desktop-client/inference/deepseek_provider.go:357.16,359.22 2 0
KNIRVENGINE/desktop-client/inference/deepseek_provider.go:362.2,362.51 1 0
KNIRVENGINE/desktop-client/inference/deepseek_provider.go:362.51,364.3 1 0
KNIRVENGINE/desktop-client/inference/deepseek_provider.go:365.2,365.57 1 0
KNIRVENGINE/desktop-client/inference/deepseek_provider.go:365.57,367.17 2 0
KNIRVENGINE/desktop-client/inference/deepseek_provider.go:367.17,369.4 1 0
KNIRVENGINE/desktop-client/inference/deepseek_provider.go:371.2,371.53 1 0
KNIRVENGINE/desktop-client/inference/deepseek_provider.go:371.53,373.43 2 0
KNIRVENGINE/desktop-client/inference/deepseek_provider.go:373.43,375.4 1 0
KNIRVENGINE/desktop-client/inference/deepseek_provider.go:375.9,377.4 1 0
KNIRVENGINE/desktop-client/inference/deepseek_provider.go:379.2,379.58 1 0
KNIRVENGINE/desktop-client/inference/deepseek_provider.go:379.58,381.3 1 0
KNIRVENGINE/desktop-client/inference/deepseek_provider.go:382.2,382.75 1 0
KNIRVENGINE/desktop-client/inference/deepseek_provider.go:382.75,401.3 1 0
KNIRVENGINE/desktop-client/inference/deepseek_provider.go:401.8,401.53 1 0
KNIRVENGINE/desktop-client/inference/deepseek_provider.go:401.53,403.3 1 0
KNIRVENGINE/desktop-client/inference/deepseek_provider.go:405.2,406.18 2 0
KNIRVENGINE/desktop-client/inference/deepseek_provider.go:406.18,408.3 1 0
KNIRVENGINE/desktop-client/inference/deepseek_provider.go:410.2,410.26 1 0
KNIRVENGINE/desktop-client/inference/deepseek_provider.go:414.71,417.2 1 0
KNIRVENGINE/desktop-client/inference/deepseek_provider.go:420.76,423.27 3 0
KNIRVENGINE/desktop-client/inference/deepseek_provider.go:423.27,425.3 1 0
KNIRVENGINE/desktop-client/inference/deepseek_provider.go:426.2,426.33 1 0
KNIRVENGINE/desktop-client/inference/deepseek_provider.go:426.33,428.3 1 0
KNIRVENGINE/desktop-client/inference/deepseek_provider.go:429.2,429.73 1 0
KNIRVENGINE/desktop-client/inference/deepseek_provider.go:433.77,436.2 1 0
KNIRVENGINE/desktop-client/inference/deepseek_provider.go:439.54,441.2 1 0
KNIRVENGINE/desktop-client/inference/deepseek_provider.go:444.66,448.16 3 0
KNIRVENGINE/desktop-client/inference/deepseek_provider.go:448.16,450.3 1 0
KNIRVENGINE/desktop-client/inference/deepseek_provider.go:453.2,454.24 2 0
KNIRVENGINE/desktop-client/inference/deepseek_provider.go:454.24,455.46 1 0
KNIRVENGINE/desktop-client/inference/deepseek_provider.go:455.46,457.4 1 0
KNIRVENGINE/desktop-client/inference/deepseek_provider.go:461.2,461.44 1 0
KNIRVENGINE/desktop-client/inference/deepseek_provider.go:461.44,463.3 1 0
KNIRVENGINE/desktop-client/inference/deepseek_provider.go:466.2,466.70 1 0
KNIRVENGINE/desktop-client/inference/deepseek_provider.go:466.70,468.3 1 0
KNIRVENGINE/desktop-client/inference/deepseek_provider.go:469.2,469.68 1 0
KNIRVENGINE/desktop-client/inference/deepseek_provider.go:469.68,471.3 1 0
KNIRVENGINE/desktop-client/inference/deepseek_provider.go:472.2,472.49 1 0
KNIRVENGINE/desktop-client/inference/deepseek_provider.go:472.49,474.3 1 0
KNIRVENGINE/desktop-client/inference/deepseek_provider.go:475.2,475.35 1 0
KNIRVENGINE/desktop-client/inference/deepseek_provider.go:475.35,477.3 1 0
KNIRVENGINE/desktop-client/inference/deepseek_provider.go:478.2,478.38 1 0
KNIRVENGINE/desktop-client/inference/deepseek_provider.go:478.38,480.3 1 0
KNIRVENGINE/desktop-client/inference/deepseek_provider.go:482.2,482.95 1 0
KNIRVENGINE/desktop-client/inference/deepseek_provider.go:486.77,488.13 1 0
KNIRVENGINE/desktop-client/inference/deepseek_provider.go:489.17,490.34 1 0
KNIRVENGINE/desktop-client/inference/deepseek_provider.go:490.34,492.4 1 0
KNIRVENGINE/desktop-client/inference/deepseek_provider.go:493.15,494.34 1 0
KNIRVENGINE/desktop-client/inference/deepseek_provider.go:494.34,496.4 1 0
KNIRVENGINE/desktop-client/inference/deepseek_provider.go:497.20,498.28 1 0
KNIRVENGINE/desktop-client/inference/deepseek_provider.go:499.12,500.13 1 0
KNIRVENGINE/desktop-client/inference/deepseek_provider.go:500.13,502.5 1 0
KNIRVENGINE/desktop-client/inference/deepseek_provider.go:503.16,504.13 1 0
KNIRVENGINE/desktop-client/inference/deepseek_provider.go:504.13,506.5 1 0
KNIRVENGINE/desktop-client/inference/deepseek_provider.go:508.21,509.35 1 0
KNIRVENGINE/desktop-client/inference/deepseek_provider.go:509.35,511.4 1 0
KNIRVENGINE/desktop-client/inference/deepseek_provider.go:512.15,513.35 1 0
KNIRVENGINE/desktop-client/inference/deepseek_provider.go:513.35,515.4 1 0
KNIRVENGINE/desktop-client/inference/deepseek_provider.go:516.14,517.28 1 0
KNIRVENGINE/desktop-client/inference/deepseek_provider.go:518.12,520.21 2 0
KNIRVENGINE/desktop-client/inference/deepseek_provider.go:521.14,522.15 1 0
KNIRVENGINE/desktop-client/inference/deepseek_provider.go:523.16,525.21 2 0
KNIRVENGINE/desktop-client/inference/deepseek_provider.go:527.10,528.84 1 0
KNIRVENGINE/desktop-client/inference/deepseek_provider.go:533.69,538.2 4 0
KNIRVENGINE/desktop-client/inference/deepseek_provider.go:541.59,544.19 3 0
KNIRVENGINE/desktop-client/inference/deepseek_provider.go:544.19,547.3 2 0
KNIRVENGINE/desktop-client/inference/deepseek_provider.go:551.53,553.2 1 0
KNIRVENGINE/desktop-client/inference/deepseek_provider.go:556.112,557.20 1 0
KNIRVENGINE/desktop-client/inference/deepseek_provider.go:557.20,559.3 1 0
KNIRVENGINE/desktop-client/inference/deepseek_provider.go:560.2,561.42 2 0
KNIRVENGINE/desktop-client/inference/deepseek_provider.go:565.78,568.2 1 0
KNIRVENGINE/desktop-client/inference/delegator_service.go:36.192,37.61 1 1
KNIRVENGINE/desktop-client/inference/delegator_service.go:37.61,40.3 2 1
KNIRVENGINE/desktop-client/inference/delegator_service.go:41.2,41.24 1 1
KNIRVENGINE/desktop-client/inference/delegator_service.go:41.24,43.3 1 1
KNIRVENGINE/desktop-client/inference/delegator_service.go:44.2,44.23 1 1
KNIRVENGINE/desktop-client/inference/delegator_service.go:44.23,46.3 1 1
KNIRVENGINE/desktop-client/inference/delegator_service.go:47.2,55.3 1 1
KNIRVENGINE/desktop-client/inference/delegator_service.go:61.68,62.9 1 1
KNIRVENGINE/desktop-client/inference/delegator_service.go:63.76,64.42 1 1
KNIRVENGINE/desktop-client/inference/delegator_service.go:65.43,67.44 1 1
KNIRVENGINE/desktop-client/inference/delegator_service.go:68.41,70.44 1 1
KNIRVENGINE/desktop-client/inference/delegator_service.go:71.10,74.17 2 1
KNIRVENGINE/desktop-client/inference/delegator_service.go:74.17,77.4 2 1
KNIRVENGINE/desktop-client/inference/delegator_service.go:78.3,78.92 1 0
KNIRVENGINE/desktop-client/inference/delegator_service.go:83.55,86.16 2 1
KNIRVENGINE/desktop-client/inference/delegator_service.go:86.16,89.3 2 1
KNIRVENGINE/desktop-client/inference/delegator_service.go:92.2,93.31 2 0
KNIRVENGINE/desktop-client/inference/delegator_service.go:97.82,99.31 2 0
KNIRVENGINE/desktop-client/inference/delegator_service.go:99.31,101.3 1 0
KNIRVENGINE/desktop-client/inference/delegator_service.go:103.2,103.36 1 0
KNIRVENGINE/desktop-client/inference/delegator_service.go:108.74,110.31 2 0
KNIRVENGINE/desktop-client/inference/delegator_service.go:110.31,115.3 1 0
KNIRVENGINE/desktop-client/inference/delegator_service.go:117.2,117.51 1 0
KNIRVENGINE/desktop-client/inference/delegator_service.go:122.66,123.16 1 0
KNIRVENGINE/desktop-client/inference/delegator_service.go:123.16,125.3 1 0
KNIRVENGINE/desktop-client/inference/delegator_service.go:126.2,130.100 3 0
KNIRVENGINE/desktop-client/inference/delegator_service.go:130.100,133.3 2 0
KNIRVENGINE/desktop-client/inference/delegator_service.go:142.2,142.136 1 0
KNIRVENGINE/desktop-client/inference/delegator_service.go:142.136,145.3 2 0
KNIRVENGINE/desktop-client/inference/delegator_service.go:151.2,152.13 2 0
KNIRVENGINE/desktop-client/inference/delegator_service.go:156.194,157.65 1 0
KNIRVENGINE/desktop-client/inference/delegator_service.go:157.65,159.3 1 0
KNIRVENGINE/desktop-client/inference/delegator_service.go:160.2,160.24 1 0
KNIRVENGINE/desktop-client/inference/delegator_service.go:160.24,162.3 1 0
KNIRVENGINE/desktop-client/inference/delegator_service.go:165.2,170.72 3 0
KNIRVENGINE/desktop-client/inference/delegator_service.go:170.72,183.22 9 0
KNIRVENGINE/desktop-client/inference/delegator_service.go:183.22,187.4 3 0
KNIRVENGINE/desktop-client/inference/delegator_service.go:188.3,188.202 1 0
KNIRVENGINE/desktop-client/inference/delegator_service.go:193.2,196.28 3 0
KNIRVENGINE/desktop-client/inference/delegator_service.go:196.28,199.76 3 0
KNIRVENGINE/desktop-client/inference/delegator_service.go:199.76,200.45 1 0
KNIRVENGINE/desktop-client/inference/delegator_service.go:200.45,203.10 3 0
KNIRVENGINE/desktop-client/inference/delegator_service.go:206.3,206.13 1 0
KNIRVENGINE/desktop-client/inference/delegator_service.go:206.13,208.4 1 0
KNIRVENGINE/desktop-client/inference/delegator_service.go:209.8,211.3 1 0
KNIRVENGINE/desktop-client/inference/delegator_service.go:214.2,220.43 5 0
KNIRVENGINE/desktop-client/inference/delegator_service.go:220.43,221.44 1 0
KNIRVENGINE/desktop-client/inference/delegator_service.go:221.44,222.9 1 0
KNIRVENGINE/desktop-client/inference/delegator_service.go:225.3,226.30 2 0
KNIRVENGINE/desktop-client/inference/delegator_service.go:226.30,227.20 1 0
KNIRVENGINE/desktop-client/inference/delegator_service.go:227.20,230.5 2 0
KNIRVENGINE/desktop-client/inference/delegator_service.go:230.10,230.85 1 0
KNIRVENGINE/desktop-client/inference/delegator_service.go:230.85,234.5 3 0
KNIRVENGINE/desktop-client/inference/delegator_service.go:234.10,234.47 1 0
KNIRVENGINE/desktop-client/inference/delegator_service.go:234.47,236.10 2 0
KNIRVENGINE/desktop-client/inference/delegator_service.go:238.9,238.26 1 0
KNIRVENGINE/desktop-client/inference/delegator_service.go:238.26,239.9 1 0
KNIRVENGINE/desktop-client/inference/delegator_service.go:242.3,242.46 1 0
KNIRVENGINE/desktop-client/inference/delegator_service.go:242.46,248.29 4 0
KNIRVENGINE/desktop-client/inference/delegator_service.go:248.29,250.5 1 0
KNIRVENGINE/desktop-client/inference/delegator_service.go:251.4,254.18 3 0
KNIRVENGINE/desktop-client/inference/delegator_service.go:254.18,258.5 3 0
KNIRVENGINE/desktop-client/inference/delegator_service.go:261.4,269.49 5 0
KNIRVENGINE/desktop-client/inference/delegator_service.go:269.49,274.27 3 0
KNIRVENGINE/desktop-client/inference/delegator_service.go:274.27,282.25 5 0
KNIRVENGINE/desktop-client/inference/delegator_service.go:282.25,286.7 3 0
KNIRVENGINE/desktop-client/inference/delegator_service.go:287.6,287.160 1 0
KNIRVENGINE/desktop-client/inference/delegator_service.go:293.4,293.105 1 0
KNIRVENGINE/desktop-client/inference/delegator_service.go:297.3,297.66 1 0
KNIRVENGINE/desktop-client/inference/delegator_service.go:297.66,299.12 1 0
KNIRVENGINE/desktop-client/inference/delegator_service.go:300.9,302.9 1 0
KNIRVENGINE/desktop-client/inference/delegator_service.go:307.2,308.22 2 0
KNIRVENGINE/desktop-client/inference/delegator_service.go:308.22,310.3 1 0
KNIRVENGINE/desktop-client/inference/delegator_service.go:316.2,319.47 3 0
KNIRVENGINE/desktop-client/inference/delegator_service.go:319.47,324.46 3 0
KNIRVENGINE/desktop-client/inference/delegator_service.go:324.46,326.31 1 0
KNIRVENGINE/desktop-client/inference/delegator_service.go:326.31,329.10 3 0
KNIRVENGINE/desktop-client/inference/delegator_service.go:334.3,334.25 1 0
KNIRVENGINE/desktop-client/inference/delegator_service.go:334.25,343.47 4 0
KNIRVENGINE/desktop-client/inference/delegator_service.go:343.47,344.40 1 0
KNIRVENGINE/desktop-client/inference/delegator_service.go:344.40,346.11 2 0
KNIRVENGINE/desktop-client/inference/delegator_service.go:350.4,350.33 1 0
KNIRVENGINE/desktop-client/inference/delegator_service.go:350.33,351.47 1 0
KNIRVENGINE/desktop-client/inference/delegator_service.go:351.47,352.41 1 0
KNIRVENGINE/desktop-client/inference/delegator_service.go:352.41,354.12 2 0
KNIRVENGINE/desktop-client/inference/delegator_service.go:358.4,360.23 3 0
KNIRVENGINE/desktop-client/inference/delegator_service.go:360.23,365.5 3 0
KNIRVENGINE/desktop-client/inference/delegator_service.go:366.4,368.159 2 0
KNIRVENGINE/desktop-client/inference/delegator_service.go:370.3,370.144 1 0
KNIRVENGINE/desktop-client/inference/delegator_service.go:375.2,375.97 1 0
KNIRVENGINE/desktop-client/inference/delegator_service.go:382.141,393.21 5 0
KNIRVENGINE/desktop-client/inference/delegator_service.go:393.21,395.3 1 0
KNIRVENGINE/desktop-client/inference/delegator_service.go:396.2,398.50 2 0
KNIRVENGINE/desktop-client/inference/delegator_service.go:398.50,402.3 2 0
KNIRVENGINE/desktop-client/inference/delegator_service.go:402.8,405.35 2 0
KNIRVENGINE/desktop-client/inference/delegator_service.go:405.35,410.4 2 0
KNIRVENGINE/desktop-client/inference/delegator_service.go:414.2,414.100 1 0
KNIRVENGINE/desktop-client/inference/delegator_service.go:419.100,429.18 3 0
KNIRVENGINE/desktop-client/inference/delegator_service.go:429.18,432.17 3 0
KNIRVENGINE/desktop-client/inference/delegator_service.go:432.17,438.4 2 0
KNIRVENGINE/desktop-client/inference/delegator_service.go:438.9,447.4 3 0
KNIRVENGINE/desktop-client/inference/delegator_service.go:451.2,466.16 4 0
KNIRVENGINE/desktop-client/inference/delegator_service.go:466.16,468.3 1 0
KNIRVENGINE/desktop-client/inference/delegator_service.go:471.2,471.26 1 0
KNIRVENGINE/desktop-client/inference/delegator_service.go:476.107,482.18 4 0
KNIRVENGINE/desktop-client/inference/delegator_service.go:482.18,489.17 4 0
KNIRVENGINE/desktop-client/inference/delegator_service.go:489.17,492.4 1 0
KNIRVENGINE/desktop-client/inference/delegator_service.go:496.2,496.27 1 0
KNIRVENGINE/desktop-client/inference/delegator_service.go:496.27,498.19 1 0
KNIRVENGINE/desktop-client/inference/delegator_service.go:498.19,500.4 1 0
KNIRVENGINE/desktop-client/inference/delegator_service.go:502.3,505.35 3 0
KNIRVENGINE/desktop-client/inference/delegator_service.go:505.35,507.4 1 0
KNIRVENGINE/desktop-client/inference/delegator_service.go:508.3,508.109 1 0
KNIRVENGINE/desktop-client/inference/delegator_service.go:512.2,512.16 1 0
KNIRVENGINE/desktop-client/inference/delegator_service.go:512.16,514.3 1 0
KNIRVENGINE/desktop-client/inference/delegator_service.go:514.8,514.50 1 0
KNIRVENGINE/desktop-client/inference/delegator_service.go:514.50,516.3 1 0
KNIRVENGINE/desktop-client/inference/delegator_service.go:517.2,525.18 5 0
KNIRVENGINE/desktop-client/inference/delegator_service.go:525.18,532.17 4 0
KNIRVENGINE/desktop-client/inference/delegator_service.go:532.17,535.4 1 0
KNIRVENGINE/desktop-client/inference/delegator_service.go:539.2,539.25 1 0
KNIRVENGINE/desktop-client/inference/delegator_service.go:539.25,541.19 1 0
KNIRVENGINE/desktop-client/inference/delegator_service.go:541.19,543.4 1 0
KNIRVENGINE/desktop-client/inference/delegator_service.go:545.3,548.35 3 0
KNIRVENGINE/desktop-client/inference/delegator_service.go:548.35,550.4 1 0
KNIRVENGINE/desktop-client/inference/delegator_service.go:551.3,551.107 1 0
KNIRVENGINE/desktop-client/inference/delegator_service.go:555.2,555.16 1 0
KNIRVENGINE/desktop-client/inference/delegator_service.go:555.16,557.3 1 0
KNIRVENGINE/desktop-client/inference/delegator_service.go:557.8,557.48 1 0
KNIRVENGINE/desktop-client/inference/delegator_service.go:557.48,559.3 1 0
KNIRVENGINE/desktop-client/inference/delegator_service.go:560.2,562.27 2 0
KNIRVENGINE/desktop-client/inference/delegator_service.go:567.121,583.18 6 0
KNIRVENGINE/desktop-client/inference/delegator_service.go:583.18,586.17 3 0
KNIRVENGINE/desktop-client/inference/delegator_service.go:586.17,589.4 1 0
KNIRVENGINE/desktop-client/inference/delegator_service.go:591.3,591.17 1 0
KNIRVENGINE/desktop-client/inference/delegator_service.go:591.17,593.4 1 0
KNIRVENGINE/desktop-client/inference/delegator_service.go:597.2,597.20 1 0
KNIRVENGINE/desktop-client/inference/delegator_service.go:597.20,601.35 3 0
KNIRVENGINE/desktop-client/inference/delegator_service.go:601.35,603.4 1 0
KNIRVENGINE/desktop-client/inference/delegator_service.go:604.3,604.100 1 0
KNIRVENGINE/desktop-client/inference/delegator_service.go:609.2,609.16 1 0
KNIRVENGINE/desktop-client/inference/delegator_service.go:609.16,613.3 1 0
KNIRVENGINE/desktop-client/inference/delegator_service.go:615.2,618.22 2 0
KNIRVENGINE/desktop-client/inference/delegator_service.go:622.62,625.24 1 1
KNIRVENGINE/desktop-client/inference/delegator_service.go:625.24,627.3 1 1
KNIRVENGINE/desktop-client/inference/delegator_service.go:628.2,629.65 2 1
KNIRVENGINE/desktop-client/inference/delegator_service.go:633.42,634.21 1 1
KNIRVENGINE/desktop-client/inference/delegator_service.go:634.21,636.3 1 1
KNIRVENGINE/desktop-client/inference/gemini_provider.go:62.13,65.2 2 1
KNIRVENGINE/desktop-client/inference/gemini_provider.go:92.97,109.26 3 0
KNIRVENGINE/desktop-client/inference/gemini_provider.go:109.26,112.21 2 0
KNIRVENGINE/desktop-client/inference/gemini_provider.go:112.21,115.4 2 0
KNIRVENGINE/desktop-client/inference/gemini_provider.go:115.9,119.4 2 0
KNIRVENGINE/desktop-client/inference/gemini_provider.go:123.2,123.33 1 0
KNIRVENGINE/desktop-client/inference/gemini_provider.go:123.33,125.3 1 0
KNIRVENGINE/desktop-client/inference/gemini_provider.go:128.2,129.23 2 0
KNIRVENGINE/desktop-client/inference/gemini_provider.go:129.23,133.3 2 0
KNIRVENGINE/desktop-client/inference/gemini_provider.go:133.8,135.3 1 0
KNIRVENGINE/desktop-client/inference/gemini_provider.go:136.2,139.17 3 0
KNIRVENGINE/desktop-client/inference/gemini_provider.go:145.40,147.2 1 0
KNIRVENGINE/desktop-client/inference/gemini_provider.go:150.44,159.35 6 0
KNIRVENGINE/desktop-client/inference/gemini_provider.go:159.35,161.3 1 0
KNIRVENGINE/desktop-client/inference/gemini_provider.go:163.2,163.18 1 0
KNIRVENGINE/desktop-client/inference/gemini_provider.go:163.18,165.3 1 0
KNIRVENGINE/desktop-client/inference/gemini_provider.go:166.2,166.79 1 0
KNIRVENGINE/desktop-client/inference/gemini_provider.go:170.54,182.35 4 0
KNIRVENGINE/desktop-client/inference/gemini_provider.go:182.35,184.3 1 0
KNIRVENGINE/desktop-client/inference/gemini_provider.go:186.2,186.16 1 0
KNIRVENGINE/desktop-client/inference/gemini_provider.go:190.104,219.2 6 0
KNIRVENGINE/desktop-client/inference/gemini_provider.go:222.134,225.2 1 0
KNIRVENGINE/desktop-client/inference/gemini_provider.go:228.133,236.31 5 0
KNIRVENGINE/desktop-client/inference/gemini_provider.go:236.31,238.124 2 0
KNIRVENGINE/desktop-client/inference/gemini_provider.go:238.124,240.4 1 0
KNIRVENGINE/desktop-client/inference/gemini_provider.go:241.3,244.5 1 0
KNIRVENGINE/desktop-client/inference/gemini_provider.go:247.2,252.23 3 0
KNIRVENGINE/desktop-client/inference/gemini_provider.go:256.69,261.52 2 0
KNIRVENGINE/desktop-client/inference/gemini_provider.go:261.52,264.103 2 0
KNIRVENGINE/desktop-client/inference/gemini_provider.go:264.103,266.4 1 0
KNIRVENGINE/desktop-client/inference/gemini_provider.go:267.3,267.72 1 0
KNIRVENGINE/desktop-client/inference/gemini_provider.go:270.2,270.112 1 0
KNIRVENGINE/desktop-client/inference/gemini_provider.go:270.112,273.3 1 0
KNIRVENGINE/desktop-client/inference/gemini_provider.go:277.2,278.68 2 0
KNIRVENGINE/desktop-client/inference/gemini_provider.go:282.74,288.33 4 0
KNIRVENGINE/desktop-client/inference/gemini_provider.go:288.33,290.3 1 0
KNIRVENGINE/desktop-client/inference/gemini_provider.go:294.75,297.2 1 0
KNIRVENGINE/desktop-client/inference/gemini_provider.go:300.52,303.2 1 0
KNIRVENGINE/desktop-client/inference/gemini_provider.go:306.64,311.16 3 0
KNIRVENGINE/desktop-client/inference/gemini_provider.go:311.16,314.3 2 0
KNIRVENGINE/desktop-client/inference/gemini_provider.go:317.2,318.24 2 0
KNIRVENGINE/desktop-client/inference/gemini_provider.go:318.24,319.46 1 0
KNIRVENGINE/desktop-client/inference/gemini_provider.go:319.46,322.4 2 0
KNIRVENGINE/desktop-client/inference/gemini_provider.go:329.2,339.44 2 0
KNIRVENGINE/desktop-client/inference/gemini_provider.go:339.44,343.3 2 0
KNIRVENGINE/desktop-client/inference/gemini_provider.go:343.8,343.27 1 0
KNIRVENGINE/desktop-client/inference/gemini_provider.go:343.27,345.3 1 0
KNIRVENGINE/desktop-client/inference/gemini_provider.go:348.2,348.84 1 0
KNIRVENGINE/desktop-client/inference/gemini_provider.go:348.84,351.3 2 0
KNIRVENGINE/desktop-client/inference/gemini_provider.go:351.8,351.87 1 0
KNIRVENGINE/desktop-client/inference/gemini_provider.go:351.87,354.3 2 0
KNIRVENGINE/desktop-client/inference/gemini_provider.go:357.2,357.68 1 0
KNIRVENGINE/desktop-client/inference/gemini_provider.go:357.68,360.3 2 0
KNIRVENGINE/desktop-client/inference/gemini_provider.go:363.2,363.49 1 0
KNIRVENGINE/desktop-client/inference/gemini_provider.go:363.49,367.3 3 0
KNIRVENGINE/desktop-client/inference/gemini_provider.go:370.2,370.35 1 0
KNIRVENGINE/desktop-client/inference/gemini_provider.go:370.35,374.3 3 0
KNIRVENGINE/desktop-client/inference/gemini_provider.go:383.2,383.121 1 0
KNIRVENGINE/desktop-client/inference/gemini_provider.go:387.67,391.13 3 0
KNIRVENGINE/desktop-client/inference/gemini_provider.go:392.15,393.41 1 0
KNIRVENGINE/desktop-client/inference/gemini_provider.go:393.41,395.4 1 0
KNIRVENGINE/desktop-client/inference/gemini_provider.go:396.20,397.39 1 0
KNIRVENGINE/desktop-client/inference/gemini_provider.go:397.39,399.4 1 0
KNIRVENGINE/desktop-client/inference/gemini_provider.go:400.21,401.38 1 0
KNIRVENGINE/desktop-client/inference/gemini_provider.go:401.38,404.4 2 0
KNIRVENGINE/desktop-client/inference/gemini_provider.go:404.9,404.45 1 0
KNIRVENGINE/desktop-client/inference/gemini_provider.go:404.45,406.4 1 0
KNIRVENGINE/desktop-client/inference/gemini_provider.go:407.15,408.38 1 0
KNIRVENGINE/desktop-client/inference/gemini_provider.go:408.38,411.4 2 0
KNIRVENGINE/desktop-client/inference/gemini_provider.go:411.9,411.45 1 0
KNIRVENGINE/desktop-client/inference/gemini_provider.go:411.45,413.4 1 0
KNIRVENGINE/desktop-client/inference/gemini_provider.go:414.15,415.34 1 0
KNIRVENGINE/desktop-client/inference/gemini_provider.go:415.34,418.4 2 0
KNIRVENGINE/desktop-client/inference/gemini_provider.go:418.9,418.43 1 0
KNIRVENGINE/desktop-client/inference/gemini_provider.go:418.43,420.4 1 0
KNIRVENGINE/desktop-client/inference/gemini_provider.go:425.57,429.2 3 0
KNIRVENGINE/desktop-client/inference/gemini_provider.go:432.51,434.2 1 0
KNIRVENGINE/desktop-client/inference/gemini_provider.go:437.110,440.2 1 0
KNIRVENGINE/desktop-client/inference/gemini_provider.go:443.76,447.2 1 0
KNIRVENGINE/desktop-client/inference/gemini_provider.go:452.94,460.16 3 0
KNIRVENGINE/desktop-client/inference/gemini_provider.go:460.16,462.3 1 0
KNIRVENGINE/desktop-client/inference/gemini_provider.go:464.2,471.18 7 0
KNIRVENGINE/desktop-client/inference/gemini_provider.go:471.18,473.3 1 0
KNIRVENGINE/desktop-client/inference/gemini_provider.go:474.2,474.23 1 0
KNIRVENGINE/desktop-client/inference/gemini_provider.go:474.23,476.3 1 0
KNIRVENGINE/desktop-client/inference/gemini_provider.go:480.2,480.43 1 0
KNIRVENGINE/desktop-client/inference/gemini_provider.go:480.43,482.3 1 0
KNIRVENGINE/desktop-client/inference/gemini_provider.go:483.2,519.23 3 0
KNIRVENGINE/desktop-client/inference/gemini_provider.go:519.23,521.3 1 0
KNIRVENGINE/desktop-client/inference/gemini_provider.go:521.8,523.3 1 0
KNIRVENGINE/desktop-client/inference/gemini_provider.go:527.2,527.103 1 0
KNIRVENGINE/desktop-client/inference/gemini_provider.go:533.123,537.16 3 0
KNIRVENGINE/desktop-client/inference/gemini_provider.go:537.16,539.3 1 0
KNIRVENGINE/desktop-client/inference/gemini_provider.go:541.2,548.18 7 0
KNIRVENGINE/desktop-client/inference/gemini_provider.go:548.18,550.3 1 0
KNIRVENGINE/desktop-client/inference/gemini_provider.go:551.2,551.23 1 0
KNIRVENGINE/desktop-client/inference/gemini_provider.go:551.23,553.3 1 0
KNIRVENGINE/desktop-client/inference/gemini_provider.go:556.2,556.43 1 0
KNIRVENGINE/desktop-client/inference/gemini_provider.go:556.43,558.3 1 0
KNIRVENGINE/desktop-client/inference/gemini_provider.go:559.2,595.31 4 0
KNIRVENGINE/desktop-client/inference/gemini_provider.go:595.31,597.26 2 0
KNIRVENGINE/desktop-client/inference/gemini_provider.go:597.26,599.4 1 0
KNIRVENGINE/desktop-client/inference/gemini_provider.go:601.3,601.40 1 0
KNIRVENGINE/desktop-client/inference/gemini_provider.go:601.40,603.12 2 0
KNIRVENGINE/desktop-client/inference/gemini_provider.go:606.3,611.126 3 0
KNIRVENGINE/desktop-client/inference/gemini_provider.go:615.2,615.115 1 0
KNIRVENGINE/desktop-client/inference/gemini_provider.go:620.102,624.12 3 0
KNIRVENGINE/desktop-client/inference/gemini_provider.go:624.12,648.3 3 0
KNIRVENGINE/desktop-client/inference/gemini_provider.go:650.2,650.26 1 0
KNIRVENGINE/desktop-client/inference/inference_service.go:57.82,68.2 1 1
KNIRVENGINE/desktop-client/inference/inference_service.go:71.42,77.24 4 0
KNIRVENGINE/desktop-client/inference/inference_service.go:77.24,80.3 2 0
KNIRVENGINE/desktop-client/inference/inference_service.go:84.2,99.45 6 0
KNIRVENGINE/desktop-client/inference/inference_service.go:99.45,102.19 3 0
KNIRVENGINE/desktop-client/inference/inference_service.go:102.19,104.12 2 0
KNIRVENGINE/desktop-client/inference/inference_service.go:107.3,116.17 3 0
KNIRVENGINE/desktop-client/inference/inference_service.go:116.17,118.12 2 0
KNIRVENGINE/desktop-client/inference/inference_service.go:121.3,121.54 1 0
KNIRVENGINE/desktop-client/inference/inference_service.go:121.54,127.29 2 0
KNIRVENGINE/desktop-client/inference/inference_service.go:127.29,130.5 2 0
KNIRVENGINE/desktop-client/inference/inference_service.go:130.10,133.5 2 0
KNIRVENGINE/desktop-client/inference/inference_service.go:134.4,134.110 1 0
KNIRVENGINE/desktop-client/inference/inference_service.go:135.9,137.4 1 0
KNIRVENGINE/desktop-client/inference/inference_service.go:141.2,141.33 1 0
KNIRVENGINE/desktop-client/inference/inference_service.go:141.33,143.3 1 0
KNIRVENGINE/desktop-client/inference/inference_service.go:144.2,144.34 1 0
KNIRVENGINE/desktop-client/inference/inference_service.go:144.34,146.3 1 0
KNIRVENGINE/desktop-client/inference/inference_service.go:150.2,156.51 5 0
KNIRVENGINE/desktop-client/inference/inference_service.go:156.51,158.3 1 0
KNIRVENGINE/desktop-client/inference/inference_service.go:164.2,168.24 4 0
KNIRVENGINE/desktop-client/inference/inference_service.go:168.24,174.3 4 0
KNIRVENGINE/desktop-client/inference/inference_service.go:175.2,179.12 4 0
KNIRVENGINE/desktop-client/inference/inference_service.go:183.41,186.18 3 0
KNIRVENGINE/desktop-client/inference/inference_service.go:186.18,188.3 1 0
KNIRVENGINE/desktop-client/inference/inference_service.go:189.2,198.12 9 0
KNIRVENGINE/desktop-client/inference/inference_service.go:202.118,204.40 2 0
KNIRVENGINE/desktop-client/inference/inference_service.go:204.40,207.3 2 0
KNIRVENGINE/desktop-client/inference/inference_service.go:208.2,218.16 6 0
KNIRVENGINE/desktop-client/inference/inference_service.go:218.16,220.3 1 0
KNIRVENGINE/desktop-client/inference/inference_service.go:221.2,222.22 2 0
KNIRVENGINE/desktop-client/inference/inference_service.go:227.109,229.18 2 0
KNIRVENGINE/desktop-client/inference/inference_service.go:229.18,232.3 2 0
KNIRVENGINE/desktop-client/inference/inference_service.go:234.2,235.24 2 0
KNIRVENGINE/desktop-client/inference/inference_service.go:235.24,238.3 2 0
KNIRVENGINE/desktop-client/inference/inference_service.go:239.2,247.42 5 0
KNIRVENGINE/desktop-client/inference/inference_service.go:252.107,254.18 2 0
KNIRVENGINE/desktop-client/inference/inference_service.go:254.18,257.3 2 0
KNIRVENGINE/desktop-client/inference/inference_service.go:258.2,258.18 1 0
KNIRVENGINE/desktop-client/inference/inference_service.go:258.18,261.3 2 0
KNIRVENGINE/desktop-client/inference/inference_service.go:262.2,269.27 6 0
KNIRVENGINE/desktop-client/inference/inference_service.go:269.27,271.3 1 0
KNIRVENGINE/desktop-client/inference/inference_service.go:274.2,275.16 2 0
KNIRVENGINE/desktop-client/inference/inference_service.go:275.16,278.3 2 0
KNIRVENGINE/desktop-client/inference/inference_service.go:279.2,280.22 2 0
KNIRVENGINE/desktop-client/inference/inference_service.go:285.131,287.45 2 0
KNIRVENGINE/desktop-client/inference/inference_service.go:287.45,290.3 2 0
KNIRVENGINE/desktop-client/inference/inference_service.go:292.2,293.24 2 0
KNIRVENGINE/desktop-client/inference/inference_service.go:293.24,296.3 2 0
KNIRVENGINE/desktop-client/inference/inference_service.go:297.2,305.76 6 0
KNIRVENGINE/desktop-client/inference/inference_service.go:310.83,312.40 2 0
KNIRVENGINE/desktop-client/inference/inference_service.go:312.40,315.3 2 0
KNIRVENGINE/desktop-client/inference/inference_service.go:316.2,320.59 5 0
KNIRVENGINE/desktop-client/inference/inference_service.go:323.90,325.40 2 0
KNIRVENGINE/desktop-client/inference/inference_service.go:325.40,328.3 2 0
KNIRVENGINE/desktop-client/inference/inference_service.go:329.2,333.66 5 0
KNIRVENGINE/desktop-client/inference/inference_service.go:336.100,338.40 2 0
KNIRVENGINE/desktop-client/inference/inference_service.go:338.40,341.3 2 0
KNIRVENGINE/desktop-client/inference/inference_service.go:342.2,346.73 5 0
KNIRVENGINE/desktop-client/inference/inference_service.go:352.71,356.18 3 0
KNIRVENGINE/desktop-client/inference/inference_service.go:356.18,358.3 1 0
KNIRVENGINE/desktop-client/inference/inference_service.go:361.2,362.44 2 0
KNIRVENGINE/desktop-client/inference/inference_service.go:362.44,363.44 1 0
KNIRVENGINE/desktop-client/inference/inference_service.go:363.44,365.9 2 0
KNIRVENGINE/desktop-client/inference/inference_service.go:369.2,369.22 1 0
KNIRVENGINE/desktop-client/inference/inference_service.go:369.22,371.3 1 0
KNIRVENGINE/desktop-client/inference/inference_service.go:373.2,378.51 4 0
KNIRVENGINE/desktop-client/inference/inference_service.go:378.51,381.3 2 0
KNIRVENGINE/desktop-client/inference/inference_service.go:383.2,384.12 2 0
KNIRVENGINE/desktop-client/inference/inference_service.go:389.72,393.18 3 0
KNIRVENGINE/desktop-client/inference/inference_service.go:393.18,395.3 1 0
KNIRVENGINE/desktop-client/inference/inference_service.go:398.2,399.45 2 0
KNIRVENGINE/desktop-client/inference/inference_service.go:399.45,400.44 1 0
KNIRVENGINE/desktop-client/inference/inference_service.go:400.44,402.9 2 0
KNIRVENGINE/desktop-client/inference/inference_service.go:406.2,406.22 1 0
KNIRVENGINE/desktop-client/inference/inference_service.go:406.22,408.3 1 0
KNIRVENGINE/desktop-client/inference/inference_service.go:410.2,415.51 4 0
KNIRVENGINE/desktop-client/inference/inference_service.go:415.51,418.3 2 0
KNIRVENGINE/desktop-client/inference/inference_service.go:420.2,421.12 2 0
KNIRVENGINE/desktop-client/inference/inference_service.go:425.56,429.44 4 1
KNIRVENGINE/desktop-client/inference/inference_service.go:429.44,431.3 1 1
KNIRVENGINE/desktop-client/inference/inference_service.go:432.2,432.15 1 1
KNIRVENGINE/desktop-client/inference/inference_service.go:436.57,440.45 4 1
KNIRVENGINE/desktop-client/inference/inference_service.go:440.45,442.3 1 1
KNIRVENGINE/desktop-client/inference/inference_service.go:443.2,443.15 1 1
KNIRVENGINE/desktop-client/inference/inference_service.go:448.51,452.2 3 1
KNIRVENGINE/desktop-client/inference/inference_service.go:456.50,460.2 3 1
KNIRVENGINE/desktop-client/inference/inference_service.go:463.45,467.2 3 1
KNIRVENGINE/desktop-client/inference/inference_service.go:470.45,472.2 1 1
KNIRVENGINE/desktop-client/inference/inference_service.go:475.61,479.40 3 1
KNIRVENGINE/desktop-client/inference/inference_service.go:479.40,481.3 1 1
KNIRVENGINE/desktop-client/inference/inference_service.go:483.2,484.12 2 0
KNIRVENGINE/desktop-client/inference/inference_service.go:489.59,493.57 2 0
KNIRVENGINE/desktop-client/inference/inference_service.go:493.57,496.3 2 0
KNIRVENGINE/desktop-client/inference/inference_service.go:500.2,504.29 1 0
KNIRVENGINE/desktop-client/inference/inference_service.go:504.29,505.42 1 0
KNIRVENGINE/desktop-client/inference/inference_service.go:505.42,507.6 1 0
KNIRVENGINE/desktop-client/inference/inference_service.go:510.29,511.43 1 0
KNIRVENGINE/desktop-client/inference/inference_service.go:511.43,513.6 1 0
KNIRVENGINE/desktop-client/inference/inference_service.go:520.2,522.19 3 0
KNIRVENGINE/desktop-client/inference/inference_service.go:522.19,526.3 3 0
KNIRVENGINE/desktop-client/inference/inference_service.go:528.2,532.24 3 0
KNIRVENGINE/desktop-client/inference/inference_service.go:532.24,534.3 1 0
KNIRVENGINE/desktop-client/inference/inference_service.go:535.2,535.12 1 0
KNIRVENGINE/desktop-client/inference/inference_service.go:541.73,542.44 1 0
KNIRVENGINE/desktop-client/inference/inference_service.go:542.44,543.50 1 0
KNIRVENGINE/desktop-client/inference/inference_service.go:543.50,545.4 1 0
KNIRVENGINE/desktop-client/inference/inference_service.go:547.2,547.45 1 0
KNIRVENGINE/desktop-client/inference/inference_service.go:547.45,548.50 1 0
KNIRVENGINE/desktop-client/inference/inference_service.go:548.50,550.4 1 0
KNIRVENGINE/desktop-client/inference/inference_service.go:552.2,552.12 1 0
KNIRVENGINE/desktop-client/inference/llm_adapter.go:16.66,20.2 2 0
KNIRVENGINE/desktop-client/inference/prompts.go:75.62,77.2 1 0
KNIRVENGINE/desktop-client/inference/prompts.go:79.62,81.2 1 0
KNIRVENGINE/desktop-client/inference/prompts.go:83.61,85.2 1 0
KNIRVENGINE/desktop-client/inference/prompts.go:88.62,90.2 1 0
KNIRVENGINE/desktop-client/inference/prompts.go:93.57,95.27 2 0
KNIRVENGINE/desktop-client/inference/prompts.go:95.27,98.32 1 0
KNIRVENGINE/desktop-client/inference/prompts.go:98.32,100.4 1 0
KNIRVENGINE/desktop-client/inference/prompts.go:102.2,102.15 1 0
KNIRVENGINE/desktop-client/inference/prompts.go:106.46,108.11 2 0
KNIRVENGINE/desktop-client/inference/prompts.go:108.11,110.3 1 0
KNIRVENGINE/desktop-client/inference/prompts.go:111.2,111.37 1 0
KNIRVENGINE/desktop-client/inference/prompts.go:115.36,116.43 1 0
KNIRVENGINE/desktop-client/inference/prompts.go:116.43,117.35 1 0
KNIRVENGINE/desktop-client/inference/prompts.go:117.35,119.4 1 0
KNIRVENGINE/desktop-client/inference/prompts.go:121.2,121.11 1 0
KNIRVENGINE/desktop-client/inference/prompts.go:125.120,127.30 1 0
KNIRVENGINE/desktop-client/inference/prompts.go:127.30,129.3 1 0
KNIRVENGINE/desktop-client/inference/prompts.go:130.2,130.32 1 0
KNIRVENGINE/desktop-client/inference/prompts.go:130.32,132.3 1 0
KNIRVENGINE/desktop-client/inference/prompts.go:133.2,133.119 1 0
