mode: set
KNIRVENGINE/desktop-client/utils/appdata.go:18.38,19.22 1 1
KNIRVENGINE/desktop-client/utils/appdata.go:20.17,23.20 2 0
KNIRVENGINE/desktop-client/utils/appdata.go:23.20,25.4 1 0
KNIRVENGINE/desktop-client/utils/appdata.go:26.3,26.46 1 0
KNIRVENGINE/desktop-client/utils/appdata.go:27.16,30.17 2 0
KNIRVENGINE/desktop-client/utils/appdata.go:30.17,32.4 1 0
KNIRVENGINE/desktop-client/utils/appdata.go:33.3,33.80 1 0
KNIRVENGINE/desktop-client/utils/appdata.go:34.10,37.17 2 1
KNIRVENGINE/desktop-client/utils/appdata.go:37.17,39.4 1 0
KNIRVENGINE/desktop-client/utils/appdata.go:40.3,40.48 1 1
KNIRVENGINE/desktop-client/utils/appdata.go:45.39,47.16 2 1
KNIRVENGINE/desktop-client/utils/appdata.go:47.16,49.3 1 0
KNIRVENGINE/desktop-client/utils/appdata.go:50.2,50.47 1 1
KNIRVENGINE/desktop-client/utils/appdata.go:54.37,56.16 2 1
KNIRVENGINE/desktop-client/utils/appdata.go:56.16,58.3 1 0
KNIRVENGINE/desktop-client/utils/appdata.go:59.2,59.49 1 1
KNIRVENGINE/desktop-client/utils/appdata.go:63.40,65.16 2 1
KNIRVENGINE/desktop-client/utils/appdata.go:65.16,67.3 1 0
KNIRVENGINE/desktop-client/utils/appdata.go:68.2,68.47 1 1
KNIRVENGINE/desktop-client/utils/appdata.go:72.34,74.16 2 1
KNIRVENGINE/desktop-client/utils/appdata.go:74.16,76.3 1 0
KNIRVENGINE/desktop-client/utils/appdata.go:77.2,77.46 1 1
KNIRVENGINE/desktop-client/utils/appdata.go:81.40,83.16 2 1
KNIRVENGINE/desktop-client/utils/appdata.go:83.16,85.3 1 0
KNIRVENGINE/desktop-client/utils/appdata.go:86.2,86.45 1 1
KNIRVENGINE/desktop-client/utils/appdata.go:90.41,92.16 2 1
KNIRVENGINE/desktop-client/utils/appdata.go:92.16,94.3 1 0
KNIRVENGINE/desktop-client/utils/appdata.go:95.2,95.46 1 1
KNIRVENGINE/desktop-client/utils/appdata.go:99.38,101.16 2 1
KNIRVENGINE/desktop-client/utils/appdata.go:101.16,103.3 1 0
KNIRVENGINE/desktop-client/utils/appdata.go:104.2,104.50 1 1
KNIRVENGINE/desktop-client/utils/appdata.go:111.36,112.22 1 1
KNIRVENGINE/desktop-client/utils/appdata.go:113.17,116.25 2 0
KNIRVENGINE/desktop-client/utils/appdata.go:116.25,119.21 2 0
KNIRVENGINE/desktop-client/utils/appdata.go:119.21,121.5 1 0
KNIRVENGINE/desktop-client/utils/appdata.go:122.4,122.56 1 0
KNIRVENGINE/desktop-client/utils/appdata.go:124.3,124.51 1 0
KNIRVENGINE/desktop-client/utils/appdata.go:125.16,128.17 2 0
KNIRVENGINE/desktop-client/utils/appdata.go:128.17,130.4 1 0
KNIRVENGINE/desktop-client/utils/appdata.go:131.3,131.67 1 0
KNIRVENGINE/desktop-client/utils/appdata.go:132.10,135.17 2 1
KNIRVENGINE/desktop-client/utils/appdata.go:135.17,137.4 1 0
KNIRVENGINE/desktop-client/utils/appdata.go:138.3,138.47 1 1
KNIRVENGINE/desktop-client/utils/appdata.go:143.44,145.16 2 1
KNIRVENGINE/desktop-client/utils/appdata.go:145.16,147.3 1 0
KNIRVENGINE/desktop-client/utils/appdata.go:148.2,148.50 1 1
KNIRVENGINE/desktop-client/utils/appdata.go:152.35,154.16 2 1
KNIRVENGINE/desktop-client/utils/appdata.go:154.16,156.3 1 0
KNIRVENGINE/desktop-client/utils/appdata.go:157.2,157.47 1 1
KNIRVENGINE/desktop-client/utils/appdata.go:161.41,163.16 2 1
KNIRVENGINE/desktop-client/utils/appdata.go:163.16,165.3 1 0
KNIRVENGINE/desktop-client/utils/appdata.go:166.2,166.47 1 1
KNIRVENGINE/desktop-client/utils/appdata.go:170.38,172.16 2 1
KNIRVENGINE/desktop-client/utils/appdata.go:172.16,174.3 1 0
KNIRVENGINE/desktop-client/utils/appdata.go:175.2,175.43 1 1
KNIRVENGINE/desktop-client/utils/appdata.go:179.38,181.16 2 1
KNIRVENGINE/desktop-client/utils/appdata.go:181.16,183.3 1 0
KNIRVENGINE/desktop-client/utils/appdata.go:184.2,184.43 1 1
KNIRVENGINE/desktop-client/utils/appdata.go:188.44,190.16 2 1
KNIRVENGINE/desktop-client/utils/appdata.go:190.16,192.3 1 0
KNIRVENGINE/desktop-client/utils/appdata.go:193.2,193.49 1 1
KNIRVENGINE/desktop-client/utils/appdata.go:197.41,199.16 2 1
KNIRVENGINE/desktop-client/utils/appdata.go:199.16,201.3 1 0
KNIRVENGINE/desktop-client/utils/appdata.go:202.2,202.53 1 1
KNIRVENGINE/desktop-client/utils/appdata.go:206.37,208.16 2 1
KNIRVENGINE/desktop-client/utils/appdata.go:208.16,210.3 1 0
KNIRVENGINE/desktop-client/utils/appdata.go:211.2,211.50 1 1
KNIRVENGINE/desktop-client/utils/appdata.go:215.39,217.16 2 1
KNIRVENGINE/desktop-client/utils/appdata.go:217.16,219.3 1 0
KNIRVENGINE/desktop-client/utils/appdata.go:220.2,220.51 1 1
KNIRVENGINE/desktop-client/utils/appdata.go:224.34,225.47 1 1
KNIRVENGINE/desktop-client/utils/appdata.go:225.47,227.3 1 0
KNIRVENGINE/desktop-client/utils/appdata.go:228.2,228.12 1 1
KNIRVENGINE/desktop-client/utils/appdata.go:232.32,253.34 2 1
KNIRVENGINE/desktop-client/utils/appdata.go:253.34,255.17 2 1
KNIRVENGINE/desktop-client/utils/appdata.go:255.17,257.4 1 0
KNIRVENGINE/desktop-client/utils/appdata.go:258.3,258.40 1 1
KNIRVENGINE/desktop-client/utils/appdata.go:258.40,260.4 1 0
KNIRVENGINE/desktop-client/utils/appdata.go:263.2,263.12 1 1
KNIRVENGINE/desktop-client/utils/appdata.go:274.39,275.18 1 1
KNIRVENGINE/desktop-client/utils/appdata.go:275.18,277.3 1 1
KNIRVENGINE/desktop-client/utils/appdata.go:278.2,278.16 1 1
KNIRVENGINE/desktop-client/utils/appdata.go:278.16,280.3 1 1
KNIRVENGINE/desktop-client/utils/appdata.go:281.2,281.41 1 1
KNIRVENGINE/desktop-client/utils/embedded_env.go:16.30,19.16 2 1
KNIRVENGINE/desktop-client/utils/embedded_env.go:19.16,21.3 1 0
KNIRVENGINE/desktop-client/utils/embedded_env.go:24.2,25.16 2 1
KNIRVENGINE/desktop-client/utils/embedded_env.go:25.16,27.3 1 0
KNIRVENGINE/desktop-client/utils/embedded_env.go:30.2,30.33 1 1
KNIRVENGINE/desktop-client/utils/embedded_env.go:30.33,31.31 1 1
KNIRVENGINE/desktop-client/utils/embedded_env.go:31.31,33.58 1 1
KNIRVENGINE/desktop-client/utils/embedded_env.go:33.58,36.5 2 1
KNIRVENGINE/desktop-client/utils/embedded_env.go:40.2,40.12 1 1
KNIRVENGINE/desktop-client/utils/log_relay.go:25.59,31.2 1 1
KNIRVENGINE/desktop-client/utils/log_relay.go:34.29,36.15 2 1
KNIRVENGINE/desktop-client/utils/log_relay.go:36.15,40.3 3 1
KNIRVENGINE/desktop-client/utils/log_relay.go:41.2,49.61 8 1
KNIRVENGINE/desktop-client/utils/log_relay.go:53.28,55.16 2 1
KNIRVENGINE/desktop-client/utils/log_relay.go:55.16,58.3 2 1
KNIRVENGINE/desktop-client/utils/log_relay.go:59.2,62.33 2 1
KNIRVENGINE/desktop-client/utils/log_relay.go:62.33,65.3 2 1
KNIRVENGINE/desktop-client/utils/log_relay.go:65.8,67.3 1 0
KNIRVENGINE/desktop-client/utils/log_relay.go:68.2,71.14 3 1
KNIRVENGINE/desktop-client/utils/log_relay.go:75.56,83.27 5 1
KNIRVENGINE/desktop-client/utils/log_relay.go:83.27,85.3 1 1
KNIRVENGINE/desktop-client/utils/log_relay.go:87.2,87.14 1 1
KNIRVENGINE/desktop-client/utils/log_relay.go:87.14,90.10 1 1
KNIRVENGINE/desktop-client/utils/log_relay.go:91.42,91.42 0 1
KNIRVENGINE/desktop-client/utils/log_relay.go:92.11,92.11 0 0
KNIRVENGINE/desktop-client/utils/log_relay.go:96.2,96.20 1 1
KNIRVENGINE/desktop-client/utils/log_relay.go:100.42,102.44 2 1
KNIRVENGINE/desktop-client/utils/log_relay.go:102.44,106.30 3 1
KNIRVENGINE/desktop-client/utils/log_relay.go:106.30,108.25 2 1
KNIRVENGINE/desktop-client/utils/log_relay.go:108.25,109.13 1 0
KNIRVENGINE/desktop-client/utils/log_relay.go:111.4,111.49 1 1
KNIRVENGINE/desktop-client/utils/log_relay.go:111.49,113.5 1 1
KNIRVENGINE/desktop-client/utils/log_relay.go:114.4,114.52 1 1
KNIRVENGINE/desktop-client/utils/log_relay.go:116.3,119.33 3 1
KNIRVENGINE/desktop-client/utils/log_relay.go:119.33,121.4 1 1
KNIRVENGINE/desktop-client/utils/system_utils.go:46.57,47.22 1 1
KNIRVENGINE/desktop-client/utils/system_utils.go:48.17,49.46 1 0
KNIRVENGINE/desktop-client/utils/system_utils.go:50.16,51.44 1 0
KNIRVENGINE/desktop-client/utils/system_utils.go:52.15,53.44 1 1
KNIRVENGINE/desktop-client/utils/system_utils.go:54.10,55.69 1 0
KNIRVENGINE/desktop-client/utils/system_utils.go:60.64,63.16 3 0
KNIRVENGINE/desktop-client/utils/system_utils.go:63.16,65.3 1 0
KNIRVENGINE/desktop-client/utils/system_utils.go:67.2,70.29 3 0
KNIRVENGINE/desktop-client/utils/system_utils.go:70.29,71.34 1 0
KNIRVENGINE/desktop-client/utils/system_utils.go:71.34,73.22 2 0
KNIRVENGINE/desktop-client/utils/system_utils.go:73.22,78.57 3 0
KNIRVENGINE/desktop-client/utils/system_utils.go:78.57,80.6 1 0
KNIRVENGINE/desktop-client/utils/system_utils.go:84.2,84.19 1 0
KNIRVENGINE/desktop-client/utils/system_utils.go:88.62,92.59 3 0
KNIRVENGINE/desktop-client/utils/system_utils.go:92.59,94.3 1 0
KNIRVENGINE/desktop-client/utils/system_utils.go:97.2,99.16 3 0
KNIRVENGINE/desktop-client/utils/system_utils.go:99.16,101.3 1 0
KNIRVENGINE/desktop-client/utils/system_utils.go:103.2,106.33 3 0
KNIRVENGINE/desktop-client/utils/system_utils.go:106.33,109.57 2 0
KNIRVENGINE/desktop-client/utils/system_utils.go:109.57,111.4 1 0
KNIRVENGINE/desktop-client/utils/system_utils.go:113.2,113.19 1 0
KNIRVENGINE/desktop-client/utils/system_utils.go:117.62,120.59 3 1
KNIRVENGINE/desktop-client/utils/system_utils.go:120.59,122.3 1 0
KNIRVENGINE/desktop-client/utils/system_utils.go:125.2,127.16 3 1
KNIRVENGINE/desktop-client/utils/system_utils.go:127.16,129.3 1 0
KNIRVENGINE/desktop-client/utils/system_utils.go:131.2,134.33 3 1
KNIRVENGINE/desktop-client/utils/system_utils.go:134.33,136.52 2 1
KNIRVENGINE/desktop-client/utils/system_utils.go:136.52,138.4 1 0
KNIRVENGINE/desktop-client/utils/system_utils.go:140.2,140.19 1 1
KNIRVENGINE/desktop-client/utils/system_utils.go:144.59,145.22 1 1
KNIRVENGINE/desktop-client/utils/system_utils.go:146.17,147.48 1 0
KNIRVENGINE/desktop-client/utils/system_utils.go:148.16,149.46 1 0
KNIRVENGINE/desktop-client/utils/system_utils.go:150.15,151.46 1 1
KNIRVENGINE/desktop-client/utils/system_utils.go:152.10,153.69 1 0
KNIRVENGINE/desktop-client/utils/system_utils.go:158.66,166.39 2 0
KNIRVENGINE/desktop-client/utils/system_utils.go:166.39,167.21 1 0
KNIRVENGINE/desktop-client/utils/system_utils.go:167.21,168.12 1 0
KNIRVENGINE/desktop-client/utils/system_utils.go:170.3,171.45 2 0
KNIRVENGINE/desktop-client/utils/system_utils.go:171.45,173.4 1 0
KNIRVENGINE/desktop-client/utils/system_utils.go:177.2,179.24 3 0
KNIRVENGINE/desktop-client/utils/system_utils.go:183.64,186.44 2 0
KNIRVENGINE/desktop-client/utils/system_utils.go:186.44,188.3 1 0
KNIRVENGINE/desktop-client/utils/system_utils.go:191.2,192.16 2 0
KNIRVENGINE/desktop-client/utils/system_utils.go:192.16,194.49 2 0
KNIRVENGINE/desktop-client/utils/system_utils.go:194.49,196.4 1 0
KNIRVENGINE/desktop-client/utils/system_utils.go:200.2,202.24 3 0
KNIRVENGINE/desktop-client/utils/system_utils.go:206.64,210.16 3 1
KNIRVENGINE/desktop-client/utils/system_utils.go:210.16,212.3 1 1
KNIRVENGINE/desktop-client/utils/system_utils.go:215.2,222.39 2 1
KNIRVENGINE/desktop-client/utils/system_utils.go:222.39,224.45 2 1
KNIRVENGINE/desktop-client/utils/system_utils.go:224.45,226.4 1 0
KNIRVENGINE/desktop-client/utils/system_utils.go:229.2,229.19 1 1
KNIRVENGINE/desktop-client/utils/system_utils.go:233.35,240.2 1 1
KNIRVENGINE/desktop-client/utils/system_utils.go:243.57,244.22 1 1
KNIRVENGINE/desktop-client/utils/system_utils.go:245.17,248.17 3 0
KNIRVENGINE/desktop-client/utils/system_utils.go:248.17,250.4 1 0
KNIRVENGINE/desktop-client/utils/system_utils.go:251.3,251.58 1 0
KNIRVENGINE/desktop-client/utils/system_utils.go:252.16,255.25 3 0
KNIRVENGINE/desktop-client/utils/system_utils.go:256.15,259.17 3 1
KNIRVENGINE/desktop-client/utils/system_utils.go:259.17,261.4 1 1
KNIRVENGINE/desktop-client/utils/system_utils.go:262.3,262.60 1 1
KNIRVENGINE/desktop-client/utils/system_utils.go:263.10,264.69 1 0
KNIRVENGINE/desktop-client/utils/system_utils.go:269.53,270.33 1 1
KNIRVENGINE/desktop-client/utils/system_utils.go:271.15,272.35 1 1
KNIRVENGINE/desktop-client/utils/system_utils.go:273.32,274.40 1 1
KNIRVENGINE/desktop-client/utils/system_utils.go:275.26,276.37 1 1
KNIRVENGINE/desktop-client/utils/system_utils.go:277.15,278.35 1 1
KNIRVENGINE/desktop-client/utils/system_utils.go:279.10,280.68 1 1
KNIRVENGINE/desktop-client/utils/utils.go:16.61,17.27 1 1
KNIRVENGINE/desktop-client/utils/utils.go:17.27,18.32 1 1
KNIRVENGINE/desktop-client/utils/utils.go:18.32,20.4 1 1
KNIRVENGINE/desktop-client/utils/utils.go:22.2,22.11 1 1
KNIRVENGINE/desktop-client/utils/utils.go:26.55,27.27 1 1
KNIRVENGINE/desktop-client/utils/utils.go:27.27,28.26 1 1
KNIRVENGINE/desktop-client/utils/utils.go:29.12,30.12 1 1
KNIRVENGINE/desktop-client/utils/utils.go:31.16,32.17 1 1
KNIRVENGINE/desktop-client/utils/utils.go:35.2,35.10 1 1
KNIRVENGINE/desktop-client/utils/utils.go:39.65,40.27 1 1
KNIRVENGINE/desktop-client/utils/utils.go:40.27,41.33 1 1
KNIRVENGINE/desktop-client/utils/utils.go:41.33,43.4 1 1
KNIRVENGINE/desktop-client/utils/utils.go:44.3,44.29 1 1
KNIRVENGINE/desktop-client/utils/utils.go:44.29,47.4 2 1
KNIRVENGINE/desktop-client/utils/utils.go:49.2,49.12 1 1
KNIRVENGINE/desktop-client/utils/utils.go:53.63,54.27 1 1
KNIRVENGINE/desktop-client/utils/utils.go:54.27,55.26 1 1
KNIRVENGINE/desktop-client/utils/utils.go:56.12,58.15 2 1
KNIRVENGINE/desktop-client/utils/utils.go:59.14,60.13 1 1
KNIRVENGINE/desktop-client/utils/utils.go:61.16,63.15 2 1
KNIRVENGINE/desktop-client/utils/utils.go:66.2,66.12 1 1
KNIRVENGINE/desktop-client/utils/utils.go:76.61,84.16 3 1
KNIRVENGINE/desktop-client/utils/utils.go:84.16,86.25 1 1
KNIRVENGINE/desktop-client/utils/utils.go:86.25,88.4 1 1
KNIRVENGINE/desktop-client/utils/utils.go:89.3,89.70 1 0
KNIRVENGINE/desktop-client/utils/utils.go:91.2,94.21 3 1
KNIRVENGINE/desktop-client/utils/utils.go:94.21,98.49 2 1
KNIRVENGINE/desktop-client/utils/utils.go:98.49,99.12 1 1
KNIRVENGINE/desktop-client/utils/utils.go:103.3,104.22 2 1
KNIRVENGINE/desktop-client/utils/utils.go:104.22,105.12 1 1
KNIRVENGINE/desktop-client/utils/utils.go:108.3,111.14 3 1
KNIRVENGINE/desktop-client/utils/utils.go:112.19,113.52 1 1
KNIRVENGINE/desktop-client/utils/utils.go:113.52,115.5 1 1
KNIRVENGINE/desktop-client/utils/utils.go:116.19,117.52 1 1
KNIRVENGINE/desktop-client/utils/utils.go:117.52,119.5 1 1
KNIRVENGINE/desktop-client/utils/utils.go:123.2,123.38 1 1
KNIRVENGINE/desktop-client/utils/utils.go:123.38,125.3 1 0
KNIRVENGINE/desktop-client/utils/utils.go:127.2,127.20 1 1
