mode: set
backend_server/internal/web/auth_handlers.go:19.97,21.2 1 1
backend_server/internal/web/auth_handlers.go:99.70,101.61 2 1
backend_server/internal/web/auth_handlers.go:101.61,104.3 2 1
backend_server/internal/web/auth_handlers.go:107.2,114.16 4 0
backend_server/internal/web/auth_handlers.go:114.16,117.3 2 0
backend_server/internal/web/auth_handlers.go:120.2,122.16 3 0
backend_server/internal/web/auth_handlers.go:122.16,125.3 2 0
backend_server/internal/web/auth_handlers.go:127.2,134.37 3 0
backend_server/internal/web/auth_handlers.go:137.72,139.61 2 1
backend_server/internal/web/auth_handlers.go:139.61,142.3 2 1
backend_server/internal/web/auth_handlers.go:145.2,146.16 2 0
backend_server/internal/web/auth_handlers.go:146.16,149.3 2 0
backend_server/internal/web/auth_handlers.go:152.2,154.16 3 0
backend_server/internal/web/auth_handlers.go:154.16,157.3 2 0
backend_server/internal/web/auth_handlers.go:159.2,165.37 3 0
backend_server/internal/web/auth_handlers.go:168.71,170.61 2 1
backend_server/internal/web/auth_handlers.go:170.61,173.3 2 1
backend_server/internal/web/auth_handlers.go:176.2,176.54 1 0
backend_server/internal/web/auth_handlers.go:176.54,179.3 2 0
backend_server/internal/web/auth_handlers.go:181.2,182.73 2 0
backend_server/internal/web/auth_handlers.go:185.73,187.61 2 1
backend_server/internal/web/auth_handlers.go:187.61,190.3 2 1
backend_server/internal/web/auth_handlers.go:193.2,208.16 4 0
backend_server/internal/web/auth_handlers.go:208.16,211.3 2 0
backend_server/internal/web/auth_handlers.go:213.2,223.37 4 0
backend_server/internal/web/auth_handlers.go:226.76,228.61 2 1
backend_server/internal/web/auth_handlers.go:228.61,231.3 2 1
backend_server/internal/web/auth_handlers.go:234.2,237.59 2 0
backend_server/internal/web/auth_handlers.go:237.59,240.3 2 0
backend_server/internal/web/auth_handlers.go:242.2,243.88 2 0
backend_server/internal/web/auth_handlers.go:246.85,248.61 2 1
backend_server/internal/web/auth_handlers.go:248.61,251.3 2 1
backend_server/internal/web/auth_handlers.go:254.2,257.69 2 0
backend_server/internal/web/auth_handlers.go:257.69,262.3 3 0
backend_server/internal/web/auth_handlers.go:264.2,265.108 2 0
backend_server/internal/web/auth_handlers.go:268.78,270.61 2 1
backend_server/internal/web/auth_handlers.go:270.61,273.3 2 1
backend_server/internal/web/auth_handlers.go:276.2,284.57 3 0
backend_server/internal/web/auth_handlers.go:284.57,287.3 2 0
backend_server/internal/web/auth_handlers.go:289.2,290.88 2 0
backend_server/internal/web/auth_handlers.go:293.79,296.20 2 1
backend_server/internal/web/auth_handlers.go:296.20,299.3 2 1
backend_server/internal/web/auth_handlers.go:301.2,302.61 2 1
backend_server/internal/web/auth_handlers.go:302.61,305.3 2 1
backend_server/internal/web/auth_handlers.go:308.2,316.75 3 0
backend_server/internal/web/auth_handlers.go:316.75,319.3 2 0
backend_server/internal/web/auth_handlers.go:321.2,322.90 2 0
backend_server/internal/web/auth_handlers.go:325.78,328.20 2 1
backend_server/internal/web/auth_handlers.go:328.20,331.3 2 1
backend_server/internal/web/auth_handlers.go:333.2,334.61 2 1
backend_server/internal/web/auth_handlers.go:334.61,337.3 2 1
backend_server/internal/web/auth_handlers.go:340.2,352.72 3 0
backend_server/internal/web/auth_handlers.go:352.72,355.3 2 0
backend_server/internal/web/auth_handlers.go:357.2,358.89 2 0
backend_server/internal/web/auth_handlers.go:361.67,364.20 2 1
backend_server/internal/web/auth_handlers.go:364.20,367.3 2 1
backend_server/internal/web/auth_handlers.go:370.2,371.16 2 0
backend_server/internal/web/auth_handlers.go:371.16,374.3 2 0
backend_server/internal/web/auth_handlers.go:376.2,384.37 3 0
backend_server/internal/web/cognitive_engine_handlers.go:27.98,31.2 1 1
backend_server/internal/web/cognitive_engine_handlers.go:34.115,37.27 2 0
backend_server/internal/web/cognitive_engine_handlers.go:37.27,39.3 1 0
backend_server/internal/web/cognitive_engine_handlers.go:42.2,63.63 8 0
backend_server/internal/web/cognitive_engine_handlers.go:67.97,73.18 4 1
backend_server/internal/web/cognitive_engine_handlers.go:73.18,76.3 2 1
backend_server/internal/web/cognitive_engine_handlers.go:78.2,81.36 3 1
backend_server/internal/web/cognitive_engine_handlers.go:85.94,92.2 4 1
backend_server/internal/web/cognitive_engine_handlers.go:95.98,101.20 4 1
backend_server/internal/web/cognitive_engine_handlers.go:101.20,102.80 1 1
backend_server/internal/web/cognitive_engine_handlers.go:102.80,104.4 1 1
backend_server/internal/web/cognitive_engine_handlers.go:107.2,114.4 3 1
backend_server/internal/web/cognitive_engine_handlers.go:118.96,133.2 5 1
backend_server/internal/web/cognitive_engine_handlers.go:136.96,149.2 5 1
backend_server/internal/web/cognitive_engine_handlers.go:152.96,165.2 5 1
backend_server/internal/web/cognitive_engine_handlers.go:168.98,181.2 4 1
backend_server/internal/web/cognitive_engine_handlers.go:184.87,204.2 5 1
backend_server/internal/web/controller_integration_handlers.go:19.152,21.2 1 0
backend_server/internal/web/controller_integration_handlers.go:32.100,39.65 2 0
backend_server/internal/web/controller_integration_handlers.go:39.65,49.3 5 0
backend_server/internal/web/controller_integration_handlers.go:51.2,51.26 1 0
backend_server/internal/web/controller_integration_handlers.go:51.26,61.3 5 0
backend_server/internal/web/controller_integration_handlers.go:63.2,64.16 2 0
backend_server/internal/web/controller_integration_handlers.go:64.16,74.3 5 0
backend_server/internal/web/controller_integration_handlers.go:76.2,84.37 3 0
backend_server/internal/web/controller_integration_handlers.go:88.96,94.65 2 0
backend_server/internal/web/controller_integration_handlers.go:94.65,104.3 5 0
backend_server/internal/web/controller_integration_handlers.go:106.2,106.58 1 0
backend_server/internal/web/controller_integration_handlers.go:106.58,116.3 5 0
backend_server/internal/web/controller_integration_handlers.go:118.2,119.16 2 0
backend_server/internal/web/controller_integration_handlers.go:119.16,129.3 5 0
backend_server/internal/web/controller_integration_handlers.go:131.2,139.37 3 0
backend_server/internal/web/controller_integration_handlers.go:143.100,147.28 3 0
backend_server/internal/web/controller_integration_handlers.go:147.28,157.3 5 0
backend_server/internal/web/controller_integration_handlers.go:159.2,163.65 2 0
backend_server/internal/web/controller_integration_handlers.go:163.65,173.3 5 0
backend_server/internal/web/controller_integration_handlers.go:175.2,176.16 2 0
backend_server/internal/web/controller_integration_handlers.go:176.16,186.3 5 0
backend_server/internal/web/controller_integration_handlers.go:188.2,191.20 3 0
backend_server/internal/web/controller_integration_handlers.go:191.20,194.3 2 0
backend_server/internal/web/controller_integration_handlers.go:194.8,196.3 1 0
backend_server/internal/web/controller_integration_handlers.go:198.2,206.37 3 0
backend_server/internal/web/controller_integration_handlers.go:210.92,214.21 3 0
backend_server/internal/web/controller_integration_handlers.go:214.21,224.3 5 0
backend_server/internal/web/controller_integration_handlers.go:226.2,227.16 2 0
backend_server/internal/web/controller_integration_handlers.go:227.16,237.3 5 0
backend_server/internal/web/controller_integration_handlers.go:239.2,246.37 3 0
backend_server/internal/web/controller_integration_handlers.go:250.97,254.18 3 0
backend_server/internal/web/controller_integration_handlers.go:254.18,264.3 5 0
backend_server/internal/web/controller_integration_handlers.go:266.2,267.16 2 0
backend_server/internal/web/controller_integration_handlers.go:267.16,277.3 5 0
backend_server/internal/web/controller_integration_handlers.go:279.2,286.37 3 0
backend_server/internal/web/controller_integration_handlers.go:290.97,294.21 3 0
backend_server/internal/web/controller_integration_handlers.go:294.21,304.3 5 0
backend_server/internal/web/controller_integration_handlers.go:306.2,307.65 2 0
backend_server/internal/web/controller_integration_handlers.go:307.65,317.3 5 0
backend_server/internal/web/controller_integration_handlers.go:320.2,325.88 5 0
backend_server/internal/web/controller_integration_handlers.go:325.88,335.3 5 0
backend_server/internal/web/controller_integration_handlers.go:337.2,345.37 3 0
backend_server/internal/web/controller_integration_handlers.go:349.95,353.21 3 0
backend_server/internal/web/controller_integration_handlers.go:353.21,363.3 5 0
backend_server/internal/web/controller_integration_handlers.go:365.2,373.18 4 0
backend_server/internal/web/controller_integration_handlers.go:373.18,375.3 1 0
backend_server/internal/web/controller_integration_handlers.go:377.2,377.91 1 0
backend_server/internal/web/controller_integration_handlers.go:377.91,387.3 5 0
backend_server/internal/web/controller_integration_handlers.go:389.2,396.37 3 0
backend_server/internal/web/controller_integration_handlers.go:400.99,404.21 3 0
backend_server/internal/web/controller_integration_handlers.go:404.21,414.3 5 0
backend_server/internal/web/controller_integration_handlers.go:416.2,417.65 2 0
backend_server/internal/web/controller_integration_handlers.go:417.65,427.3 5 0
backend_server/internal/web/controller_integration_handlers.go:430.2,437.16 7 0
backend_server/internal/web/controller_integration_handlers.go:437.16,447.3 5 0
backend_server/internal/web/controller_integration_handlers.go:449.2,457.40 3 0
backend_server/internal/web/controller_integration_handlers.go:461.107,465.21 3 0
backend_server/internal/web/controller_integration_handlers.go:465.21,475.3 5 0
backend_server/internal/web/controller_integration_handlers.go:477.2,481.65 2 0
backend_server/internal/web/controller_integration_handlers.go:481.65,491.3 5 0
backend_server/internal/web/controller_integration_handlers.go:493.2,494.16 2 0
backend_server/internal/web/controller_integration_handlers.go:494.16,504.3 5 0
backend_server/internal/web/controller_integration_handlers.go:506.2,516.37 3 0
backend_server/internal/web/controller_integration_handlers.go:520.106,524.21 3 0
backend_server/internal/web/controller_integration_handlers.go:524.21,534.3 5 0
backend_server/internal/web/controller_integration_handlers.go:536.2,542.65 2 0
backend_server/internal/web/controller_integration_handlers.go:542.65,552.3 5 0
backend_server/internal/web/controller_integration_handlers.go:554.2,554.50 1 0
backend_server/internal/web/controller_integration_handlers.go:554.50,564.3 5 0
backend_server/internal/web/controller_integration_handlers.go:566.2,567.16 2 0
backend_server/internal/web/controller_integration_handlers.go:567.16,577.3 5 0
backend_server/internal/web/controller_integration_handlers.go:579.2,586.37 3 0
backend_server/internal/web/controller_integration_handlers.go:590.114,598.27 3 0
backend_server/internal/web/controller_integration_handlers.go:598.27,618.3 11 0
backend_server/internal/web/controller_integration_handlers.go:618.8,629.3 9 0
backend_server/internal/web/controller_integration_handlers.go:632.2,632.95 1 0
backend_server/internal/web/controller_integration_handlers.go:632.95,634.3 1 0
backend_server/internal/web/dve_handlers.go:23.115,28.2 1 1
backend_server/internal/web/dve_handlers.go:31.35,33.2 1 1
backend_server/internal/web/dve_handlers.go:45.75,55.20 3 0
backend_server/internal/web/dve_handlers.go:55.20,56.68 1 0
backend_server/internal/web/dve_handlers.go:56.68,58.4 1 0
backend_server/internal/web/dve_handlers.go:61.2,62.16 2 0
backend_server/internal/web/dve_handlers.go:62.16,64.49 1 0
backend_server/internal/web/dve_handlers.go:64.49,74.4 4 0
backend_server/internal/web/dve_handlers.go:77.3,85.9 5 0
backend_server/internal/web/dve_handlers.go:89.2,90.79 2 0
backend_server/internal/web/dve_handlers.go:90.79,93.17 2 0
backend_server/internal/web/dve_handlers.go:93.17,104.4 4 0
backend_server/internal/web/dve_handlers.go:107.3,108.40 2 0
backend_server/internal/web/dve_handlers.go:108.40,110.4 1 0
backend_server/internal/web/dve_handlers.go:113.3,114.30 2 0
backend_server/internal/web/dve_handlers.go:114.30,116.30 1 0
backend_server/internal/web/dve_handlers.go:116.30,118.5 1 0
backend_server/internal/web/dve_handlers.go:121.3,129.9 4 0
backend_server/internal/web/dve_handlers.go:133.2,141.37 3 0
backend_server/internal/web/dve_handlers.go:145.76,147.61 2 1
backend_server/internal/web/dve_handlers.go:147.61,157.3 5 1
backend_server/internal/web/dve_handlers.go:160.2,160.20 1 1
backend_server/internal/web/dve_handlers.go:160.20,170.3 5 1
backend_server/internal/web/dve_handlers.go:172.2,172.23 1 1
backend_server/internal/web/dve_handlers.go:172.23,182.3 5 1
backend_server/internal/web/dve_handlers.go:184.2,185.16 2 0
backend_server/internal/web/dve_handlers.go:185.16,195.3 5 0
backend_server/internal/web/dve_handlers.go:197.2,206.37 4 0
backend_server/internal/web/dve_handlers.go:210.74,214.18 3 1
backend_server/internal/web/dve_handlers.go:214.18,224.3 5 1
backend_server/internal/web/dve_handlers.go:226.2,227.16 2 0
backend_server/internal/web/dve_handlers.go:227.16,237.3 5 0
backend_server/internal/web/dve_handlers.go:239.2,239.17 1 0
backend_server/internal/web/dve_handlers.go:239.17,249.3 5 0
backend_server/internal/web/dve_handlers.go:251.2,258.37 3 0
backend_server/internal/web/dve_handlers.go:262.77,266.18 3 1
backend_server/internal/web/dve_handlers.go:266.18,276.3 5 1
backend_server/internal/web/dve_handlers.go:278.2,279.67 2 1
backend_server/internal/web/dve_handlers.go:279.67,289.3 5 1
backend_server/internal/web/dve_handlers.go:291.2,292.16 2 0
backend_server/internal/web/dve_handlers.go:292.16,302.3 5 0
backend_server/internal/web/dve_handlers.go:304.2,312.37 3 0
backend_server/internal/web/dve_handlers.go:316.77,320.18 3 1
backend_server/internal/web/dve_handlers.go:320.18,330.3 5 1
backend_server/internal/web/dve_handlers.go:332.2,333.16 2 0
backend_server/internal/web/dve_handlers.go:333.16,343.3 5 0
backend_server/internal/web/dve_handlers.go:345.2,352.37 3 0
backend_server/internal/web/dve_handlers.go:356.83,360.18 3 1
backend_server/internal/web/dve_handlers.go:360.18,370.3 5 1
backend_server/internal/web/dve_handlers.go:373.2,374.16 2 0
backend_server/internal/web/dve_handlers.go:374.16,384.3 5 0
backend_server/internal/web/dve_handlers.go:386.2,386.17 1 0
backend_server/internal/web/dve_handlers.go:386.17,396.3 5 0
backend_server/internal/web/dve_handlers.go:399.2,423.37 4 0
backend_server/internal/web/dve_handlers.go:427.85,431.18 3 1
backend_server/internal/web/dve_handlers.go:431.18,441.3 5 1
backend_server/internal/web/dve_handlers.go:443.2,444.16 2 0
backend_server/internal/web/dve_handlers.go:444.16,454.3 5 0
backend_server/internal/web/dve_handlers.go:456.2,456.17 1 0
backend_server/internal/web/dve_handlers.go:456.17,466.3 5 0
backend_server/internal/web/dve_handlers.go:468.2,482.37 4 0
backend_server/internal/web/dve_handlers.go:486.92,490.18 3 1
backend_server/internal/web/dve_handlers.go:490.18,500.3 5 1
backend_server/internal/web/dve_handlers.go:502.2,503.16 2 0
backend_server/internal/web/dve_handlers.go:503.16,513.3 5 0
backend_server/internal/web/dve_handlers.go:515.2,515.17 1 0
backend_server/internal/web/dve_handlers.go:515.17,525.3 5 0
backend_server/internal/web/dve_handlers.go:527.2,542.37 4 0
backend_server/internal/web/dve_handlers.go:546.97,550.18 3 1
backend_server/internal/web/dve_handlers.go:550.18,560.3 5 1
backend_server/internal/web/dve_handlers.go:562.2,563.16 2 0
backend_server/internal/web/dve_handlers.go:563.16,573.3 5 0
backend_server/internal/web/dve_handlers.go:575.2,575.17 1 0
backend_server/internal/web/dve_handlers.go:575.17,585.3 5 0
backend_server/internal/web/dve_handlers.go:587.2,602.37 4 0
backend_server/internal/web/dve_handlers.go:606.96,611.27 2 1
backend_server/internal/web/dve_handlers.go:611.27,620.3 8 1
backend_server/internal/web/dve_handlers.go:620.8,628.3 6 1
backend_server/internal/web/dve_handlers.go:631.2,631.27 1 1
backend_server/internal/web/dve_handlers.go:631.27,637.3 5 1
backend_server/internal/web/dve_handlers.go:637.8,642.3 3 1
backend_server/internal/web/dve_handlers.go:645.2,645.88 1 1
backend_server/internal/web/dve_handlers.go:645.88,647.3 1 0
backend_server/internal/web/dve_rental_handlers.go:31.249,39.2 1 0
backend_server/internal/web/dve_rental_handlers.go:51.84,54.16 3 0
backend_server/internal/web/dve_rental_handlers.go:54.16,65.3 6 0
backend_server/internal/web/dve_rental_handlers.go:67.2,76.37 4 0
backend_server/internal/web/dve_rental_handlers.go:80.82,82.61 2 0
backend_server/internal/web/dve_rental_handlers.go:82.61,92.3 5 0
backend_server/internal/web/dve_rental_handlers.go:96.2,96.22 1 0
backend_server/internal/web/dve_rental_handlers.go:96.22,98.3 1 0
backend_server/internal/web/dve_rental_handlers.go:100.2,101.16 2 0
backend_server/internal/web/dve_rental_handlers.go:101.16,111.3 5 0
backend_server/internal/web/dve_rental_handlers.go:113.2,113.29 1 0
backend_server/internal/web/dve_rental_handlers.go:113.29,123.3 5 0
backend_server/internal/web/dve_rental_handlers.go:125.2,134.37 4 0
backend_server/internal/web/dve_rental_handlers.go:138.84,141.18 2 0
backend_server/internal/web/dve_rental_handlers.go:141.18,143.3 1 0
backend_server/internal/web/dve_rental_handlers.go:145.2,146.16 2 0
backend_server/internal/web/dve_rental_handlers.go:146.16,156.3 5 0
backend_server/internal/web/dve_rental_handlers.go:158.2,166.37 3 0
backend_server/internal/web/dve_rental_handlers.go:170.84,172.16 2 0
backend_server/internal/web/dve_rental_handlers.go:172.16,182.3 5 0
backend_server/internal/web/dve_rental_handlers.go:184.2,192.37 3 0
backend_server/internal/web/dve_rental_handlers.go:196.82,205.61 4 0
backend_server/internal/web/dve_rental_handlers.go:205.61,215.3 5 0
backend_server/internal/web/dve_rental_handlers.go:217.2,218.16 2 0
backend_server/internal/web/dve_rental_handlers.go:218.16,228.3 5 0
backend_server/internal/web/dve_rental_handlers.go:230.2,237.37 3 0
backend_server/internal/web/dve_rental_handlers.go:241.82,247.18 4 0
backend_server/internal/web/dve_rental_handlers.go:247.18,249.3 1 0
backend_server/internal/web/dve_rental_handlers.go:251.2,252.16 2 0
backend_server/internal/web/dve_rental_handlers.go:252.16,262.3 5 0
backend_server/internal/web/dve_rental_handlers.go:264.2,271.37 3 0
backend_server/internal/web/dve_rental_handlers.go:275.87,279.20 3 0
backend_server/internal/web/dve_rental_handlers.go:279.20,289.3 5 0
backend_server/internal/web/dve_rental_handlers.go:292.2,293.25 2 0
backend_server/internal/web/dve_rental_handlers.go:293.25,296.19 2 0
backend_server/internal/web/dve_rental_handlers.go:296.19,306.4 5 0
backend_server/internal/web/dve_rental_handlers.go:310.2,310.65 1 0
backend_server/internal/web/dve_rental_handlers.go:310.65,320.3 5 0
backend_server/internal/web/dve_rental_handlers.go:323.2,333.38 4 0
backend_server/internal/web/dve_rental_handlers.go:333.38,337.3 3 0
backend_server/internal/web/dve_rental_handlers.go:340.2,346.45 3 0
backend_server/internal/web/dve_rental_handlers.go:346.45,349.39 2 0
backend_server/internal/web/dve_rental_handlers.go:349.39,350.119 1 0
backend_server/internal/web/dve_rental_handlers.go:350.119,355.5 4 0
backend_server/internal/web/dve_rental_handlers.go:360.2,366.43 3 0
backend_server/internal/web/dve_rental_handlers.go:366.43,369.37 2 0
backend_server/internal/web/dve_rental_handlers.go:369.37,370.122 1 0
backend_server/internal/web/dve_rental_handlers.go:370.122,375.5 4 0
backend_server/internal/web/dve_rental_handlers.go:380.2,381.64 2 0
backend_server/internal/web/dve_rental_handlers.go:381.64,382.96 1 0
backend_server/internal/web/dve_rental_handlers.go:382.96,384.4 1 0
backend_server/internal/web/dve_rental_handlers.go:388.2,418.37 4 0
backend_server/internal/web/dve_rental_handlers.go:422.86,429.25 5 0
backend_server/internal/web/dve_rental_handlers.go:429.25,432.19 2 0
backend_server/internal/web/dve_rental_handlers.go:432.19,434.4 1 0
backend_server/internal/web/dve_rental_handlers.go:438.2,450.20 2 0
backend_server/internal/web/dve_rental_handlers.go:450.20,470.3 6 0
backend_server/internal/web/dve_rental_handlers.go:473.2,474.60 2 0
backend_server/internal/web/dve_rental_handlers.go:474.60,484.3 5 0
backend_server/internal/web/dve_rental_handlers.go:487.2,487.67 1 0
backend_server/internal/web/dve_rental_handlers.go:487.67,497.3 5 0
backend_server/internal/web/dve_rental_handlers.go:500.2,501.16 2 0
backend_server/internal/web/dve_rental_handlers.go:501.16,511.3 5 0
backend_server/internal/web/dve_rental_handlers.go:514.2,526.16 3 0
backend_server/internal/web/dve_rental_handlers.go:526.16,529.3 1 0
backend_server/internal/web/dve_rental_handlers.go:532.2,535.28 4 0
backend_server/internal/web/dve_rental_handlers.go:535.28,538.3 2 0
backend_server/internal/web/dve_rental_handlers.go:540.2,587.4 7 0
backend_server/internal/web/dve_rental_handlers.go:591.83,595.20 3 0
backend_server/internal/web/dve_rental_handlers.go:595.20,605.3 5 0
backend_server/internal/web/dve_rental_handlers.go:608.2,609.18 2 0
backend_server/internal/web/dve_rental_handlers.go:609.18,611.3 1 0
backend_server/internal/web/dve_rental_handlers.go:614.2,615.60 2 0
backend_server/internal/web/dve_rental_handlers.go:615.60,625.3 5 0
backend_server/internal/web/dve_rental_handlers.go:628.2,629.16 2 0
backend_server/internal/web/dve_rental_handlers.go:629.16,639.3 5 0
backend_server/internal/web/dve_rental_handlers.go:642.2,645.35 3 0
backend_server/internal/web/dve_rental_handlers.go:645.35,646.58 1 0
backend_server/internal/web/dve_rental_handlers.go:646.58,647.46 1 0
backend_server/internal/web/dve_rental_handlers.go:647.46,650.5 2 0
backend_server/internal/web/dve_rental_handlers.go:654.2,654.29 1 0
backend_server/internal/web/dve_rental_handlers.go:654.29,664.3 5 0
backend_server/internal/web/dve_rental_handlers.go:667.2,670.28 4 0
backend_server/internal/web/dve_rental_handlers.go:670.28,673.3 2 0
backend_server/internal/web/dve_rental_handlers.go:675.2,696.37 4 0
backend_server/internal/web/dve_rental_handlers.go:700.93,704.20 3 0
backend_server/internal/web/dve_rental_handlers.go:704.20,714.3 5 0
backend_server/internal/web/dve_rental_handlers.go:717.2,718.18 2 0
backend_server/internal/web/dve_rental_handlers.go:718.18,720.3 1 0
backend_server/internal/web/dve_rental_handlers.go:723.2,724.60 2 0
backend_server/internal/web/dve_rental_handlers.go:724.60,734.3 5 0
backend_server/internal/web/dve_rental_handlers.go:737.2,737.67 1 0
backend_server/internal/web/dve_rental_handlers.go:737.67,747.3 5 0
backend_server/internal/web/dve_rental_handlers.go:750.2,751.16 2 0
backend_server/internal/web/dve_rental_handlers.go:751.16,761.3 5 0
backend_server/internal/web/dve_rental_handlers.go:764.2,776.16 3 0
backend_server/internal/web/dve_rental_handlers.go:776.16,779.3 1 0
backend_server/internal/web/dve_rental_handlers.go:782.2,784.35 3 0
backend_server/internal/web/dve_rental_handlers.go:784.35,786.3 1 0
backend_server/internal/web/dve_rental_handlers.go:788.2,808.37 5 0
backend_server/internal/web/dve_rental_handlers.go:812.90,816.20 3 0
backend_server/internal/web/dve_rental_handlers.go:816.20,826.3 5 0
backend_server/internal/web/dve_rental_handlers.go:829.2,830.18 2 0
backend_server/internal/web/dve_rental_handlers.go:830.18,832.3 1 0
backend_server/internal/web/dve_rental_handlers.go:835.2,836.60 2 0
backend_server/internal/web/dve_rental_handlers.go:836.60,846.3 5 0
backend_server/internal/web/dve_rental_handlers.go:849.2,850.16 2 0
backend_server/internal/web/dve_rental_handlers.go:850.16,860.3 5 0
backend_server/internal/web/dve_rental_handlers.go:863.2,866.35 3 0
backend_server/internal/web/dve_rental_handlers.go:866.35,867.72 1 0
backend_server/internal/web/dve_rental_handlers.go:867.72,868.53 1 0
backend_server/internal/web/dve_rental_handlers.go:868.53,871.5 2 0
backend_server/internal/web/dve_rental_handlers.go:875.2,875.36 1 0
backend_server/internal/web/dve_rental_handlers.go:875.36,885.3 5 0
backend_server/internal/web/dve_rental_handlers.go:888.2,890.35 3 0
backend_server/internal/web/dve_rental_handlers.go:890.35,892.3 1 0
backend_server/internal/web/dve_rental_handlers.go:894.2,913.37 4 0
backend_server/internal/web/dve_rental_handlers.go:917.98,921.20 3 0
backend_server/internal/web/dve_rental_handlers.go:921.20,931.3 5 0
backend_server/internal/web/dve_rental_handlers.go:934.2,935.18 2 0
backend_server/internal/web/dve_rental_handlers.go:935.18,937.3 1 0
backend_server/internal/web/dve_rental_handlers.go:940.2,941.60 2 0
backend_server/internal/web/dve_rental_handlers.go:941.60,951.3 5 0
backend_server/internal/web/dve_rental_handlers.go:954.2,954.67 1 0
backend_server/internal/web/dve_rental_handlers.go:954.67,964.3 5 0
backend_server/internal/web/dve_rental_handlers.go:967.2,974.16 3 0
backend_server/internal/web/dve_rental_handlers.go:974.16,984.3 5 0
backend_server/internal/web/dve_rental_handlers.go:987.2,999.16 3 0
backend_server/internal/web/dve_rental_handlers.go:999.16,1002.3 1 0
backend_server/internal/web/dve_rental_handlers.go:1005.2,1007.33 3 0
backend_server/internal/web/dve_rental_handlers.go:1007.33,1009.3 1 0
backend_server/internal/web/dve_rental_handlers.go:1011.2,1031.37 5 0
backend_server/internal/web/dve_rental_handlers.go:1035.95,1039.20 3 0
backend_server/internal/web/dve_rental_handlers.go:1039.20,1049.3 5 0
backend_server/internal/web/dve_rental_handlers.go:1052.2,1053.18 2 0
backend_server/internal/web/dve_rental_handlers.go:1053.18,1055.3 1 0
backend_server/internal/web/dve_rental_handlers.go:1058.2,1059.60 2 0
backend_server/internal/web/dve_rental_handlers.go:1059.60,1069.3 5 0
backend_server/internal/web/dve_rental_handlers.go:1072.2,1073.16 2 0
backend_server/internal/web/dve_rental_handlers.go:1073.16,1083.3 5 0
backend_server/internal/web/dve_rental_handlers.go:1086.2,1089.35 3 0
backend_server/internal/web/dve_rental_handlers.go:1089.35,1090.75 1 0
backend_server/internal/web/dve_rental_handlers.go:1090.75,1091.51 1 0
backend_server/internal/web/dve_rental_handlers.go:1091.51,1094.5 2 0
backend_server/internal/web/dve_rental_handlers.go:1098.2,1098.34 1 0
backend_server/internal/web/dve_rental_handlers.go:1098.34,1108.3 5 0
backend_server/internal/web/dve_rental_handlers.go:1111.2,1113.33 3 0
backend_server/internal/web/dve_rental_handlers.go:1113.33,1115.3 1 0
backend_server/internal/web/dve_rental_handlers.go:1117.2,1136.37 4 0
backend_server/internal/web/dve_rental_handlers.go:1140.89,1144.20 3 0
backend_server/internal/web/dve_rental_handlers.go:1144.20,1154.3 5 0
backend_server/internal/web/dve_rental_handlers.go:1157.2,1158.18 2 0
backend_server/internal/web/dve_rental_handlers.go:1158.18,1160.3 1 0
backend_server/internal/web/dve_rental_handlers.go:1163.2,1164.60 2 0
backend_server/internal/web/dve_rental_handlers.go:1164.60,1174.3 5 0
backend_server/internal/web/dve_rental_handlers.go:1177.2,1184.37 3 0
backend_server/internal/web/dve_rental_handlers.go:1188.102,1197.27 4 0
backend_server/internal/web/dve_rental_handlers.go:1197.27,1212.3 14 0
backend_server/internal/web/dve_rental_handlers.go:1212.8,1226.3 12 0
backend_server/internal/web/dve_rental_handlers.go:1229.2,1229.91 1 0
backend_server/internal/web/dve_rental_handlers.go:1229.91,1235.3 5 0
backend_server/internal/web/dve_rental_handlers.go:1239.81,1240.20 1 0
backend_server/internal/web/dve_rental_handlers.go:1240.20,1242.3 1 0
backend_server/internal/web/dve_rental_handlers.go:1244.2,1244.18 1 0
backend_server/internal/web/dve_rental_handlers.go:1244.18,1246.3 1 0
backend_server/internal/web/dve_rental_handlers.go:1249.2,1250.16 2 0
backend_server/internal/web/dve_rental_handlers.go:1250.16,1252.3 1 0
backend_server/internal/web/dve_rental_handlers.go:1254.2,1254.19 1 0
backend_server/internal/web/dve_rental_handlers.go:1254.19,1256.3 1 0
backend_server/internal/web/dve_rental_handlers.go:1259.2,1259.29 1 0
backend_server/internal/web/dve_rental_handlers.go:1259.29,1261.3 1 0
backend_server/internal/web/dve_rental_handlers.go:1264.2,1264.31 1 0
backend_server/internal/web/dve_rental_handlers.go:1264.31,1266.3 1 0
backend_server/internal/web/dve_rental_handlers.go:1269.2,1269.38 1 0
backend_server/internal/web/dve_rental_handlers.go:1269.38,1271.3 1 0
backend_server/internal/web/dve_rental_handlers.go:1274.2,1274.41 1 0
backend_server/internal/web/dve_rental_handlers.go:1274.41,1276.3 1 0
backend_server/internal/web/dve_rental_handlers.go:1279.2,1279.30 1 0
backend_server/internal/web/dve_rental_handlers.go:1279.30,1281.3 1 0
backend_server/internal/web/dve_rental_handlers.go:1284.2,1284.95 1 0
backend_server/internal/web/dve_rental_handlers.go:1284.95,1287.3 1 0
backend_server/internal/web/dve_rental_handlers.go:1289.2,1289.12 1 0
backend_server/internal/web/dve_rental_handlers.go:1308.69,1309.17 1 0
backend_server/internal/web/dve_rental_handlers.go:1309.17,1312.3 2 0
backend_server/internal/web/dve_rental_handlers.go:1314.2,1314.47 1 0
backend_server/internal/web/dve_rental_handlers.go:1314.47,1316.17 2 0
backend_server/internal/web/dve_rental_handlers.go:1316.17,1318.4 1 0
backend_server/internal/web/dve_rental_handlers.go:1320.3,1321.13 2 0
backend_server/internal/web/dve_rental_handlers.go:1324.2,1324.16 1 0
backend_server/internal/web/dve_rental_handlers.go:1324.16,1326.3 1 0
backend_server/internal/web/dve_rental_handlers.go:1345.83,1346.17 1 0
backend_server/internal/web/dve_rental_handlers.go:1346.17,1348.3 1 0
backend_server/internal/web/dve_rental_handlers.go:1350.2,1350.47 1 0
backend_server/internal/web/dve_rental_handlers.go:1350.47,1352.17 2 0
backend_server/internal/web/dve_rental_handlers.go:1352.17,1354.4 1 0
backend_server/internal/web/dve_rental_handlers.go:1356.3,1357.13 2 0
backend_server/internal/web/dve_rental_handlers.go:1360.2,1360.16 1 0
backend_server/internal/web/dve_rental_handlers.go:1360.16,1362.3 1 0
backend_server/internal/web/dve_rental_handlers.go:1379.60,1380.17 1 0
backend_server/internal/web/dve_rental_handlers.go:1380.17,1383.3 2 0
backend_server/internal/web/dve_rental_handlers.go:1385.2,1385.47 1 0
backend_server/internal/web/dve_rental_handlers.go:1385.47,1387.17 2 0
backend_server/internal/web/dve_rental_handlers.go:1387.17,1389.4 1 0
backend_server/internal/web/dve_rental_handlers.go:1391.3,1392.13 2 0
backend_server/internal/web/dve_rental_handlers.go:1395.2,1395.16 1 0
backend_server/internal/web/dve_rental_handlers.go:1395.16,1397.3 1 0
backend_server/internal/web/dve_rental_handlers.go:1400.2,1400.52 1 0
backend_server/internal/web/inference_handlers.go:18.92,20.2 1 0
backend_server/internal/web/inference_handlers.go:82.88,84.66 1 0
backend_server/internal/web/inference_handlers.go:84.66,86.3 1 0
backend_server/internal/web/inference_handlers.go:86.8,93.29 3 0
backend_server/internal/web/inference_handlers.go:93.29,95.4 1 0
backend_server/internal/web/inference_handlers.go:98.3,101.32 4 0
backend_server/internal/web/inference_handlers.go:104.2,111.37 3 0
backend_server/internal/web/inference_handlers.go:115.89,117.64 2 0
backend_server/internal/web/inference_handlers.go:117.64,127.3 5 0
backend_server/internal/web/inference_handlers.go:129.2,129.25 1 0
backend_server/internal/web/inference_handlers.go:129.25,139.3 5 0
backend_server/internal/web/inference_handlers.go:141.2,144.23 3 0
backend_server/internal/web/inference_handlers.go:145.24,148.60 3 0
backend_server/internal/web/inference_handlers.go:150.23,152.47 2 0
backend_server/internal/web/inference_handlers.go:154.22,155.74 1 0
backend_server/internal/web/inference_handlers.go:155.74,158.4 2 0
backend_server/internal/web/inference_handlers.go:158.9,168.4 5 0
backend_server/internal/web/inference_handlers.go:170.23,173.49 3 0
backend_server/internal/web/inference_handlers.go:175.36,176.32 1 0
backend_server/internal/web/inference_handlers.go:176.32,178.18 2 0
backend_server/internal/web/inference_handlers.go:178.18,180.5 1 0
backend_server/internal/web/inference_handlers.go:180.10,182.5 1 0
backend_server/internal/web/inference_handlers.go:183.9,185.4 1 0
backend_server/internal/web/inference_handlers.go:187.10,196.9 5 0
backend_server/internal/web/inference_handlers.go:199.2,206.16 2 0
backend_server/internal/web/inference_handlers.go:206.16,208.3 1 0
backend_server/internal/web/inference_handlers.go:210.2,211.37 2 0
backend_server/internal/web/inference_handlers.go:215.102,226.27 4 0
backend_server/internal/web/inference_handlers.go:226.27,230.3 3 0
backend_server/internal/web/inference_handlers.go:230.8,233.3 1 0
backend_server/internal/web/inference_handlers.go:236.2,236.94 1 0
backend_server/internal/web/inference_handlers.go:236.94,238.3 1 0
backend_server/internal/web/inference_handlers.go:242.28,244.2 1 0
backend_server/internal/web/inference_handlers.go:246.29,248.2 1 0
backend_server/internal/web/inference_handlers.go:250.32,251.11 1 0
backend_server/internal/web/inference_handlers.go:251.11,253.3 1 0
backend_server/internal/web/inference_handlers.go:254.2,254.10 1 0
backend_server/internal/web/inference_handlers.go:257.32,258.11 1 0
backend_server/internal/web/inference_handlers.go:258.11,260.3 1 0
backend_server/internal/web/inference_handlers.go:261.2,261.10 1 0
backend_server/internal/web/model_management_handlers.go:20.122,22.2 1 0
backend_server/internal/web/model_management_handlers.go:33.85,37.57 2 0
backend_server/internal/web/model_management_handlers.go:37.57,39.3 1 0
backend_server/internal/web/model_management_handlers.go:40.2,40.61 1 0
backend_server/internal/web/model_management_handlers.go:40.61,42.3 1 0
backend_server/internal/web/model_management_handlers.go:43.2,43.57 1 0
backend_server/internal/web/model_management_handlers.go:43.57,45.3 1 0
backend_server/internal/web/model_management_handlers.go:50.2,50.60 1 0
backend_server/internal/web/model_management_handlers.go:50.60,51.55 1 0
backend_server/internal/web/model_management_handlers.go:51.55,53.4 1 0
backend_server/internal/web/model_management_handlers.go:55.2,55.63 1 0
backend_server/internal/web/model_management_handlers.go:55.63,56.57 1 0
backend_server/internal/web/model_management_handlers.go:56.57,58.4 1 0
backend_server/internal/web/model_management_handlers.go:61.2,62.16 2 0
backend_server/internal/web/model_management_handlers.go:62.16,72.3 5 0
backend_server/internal/web/model_management_handlers.go:74.2,81.37 3 0
backend_server/internal/web/model_management_handlers.go:85.84,89.19 3 0
backend_server/internal/web/model_management_handlers.go:89.19,99.3 5 0
backend_server/internal/web/model_management_handlers.go:101.2,102.16 2 0
backend_server/internal/web/model_management_handlers.go:102.16,112.3 5 0
backend_server/internal/web/model_management_handlers.go:114.2,121.37 3 0
backend_server/internal/web/model_management_handlers.go:125.85,127.63 2 0
backend_server/internal/web/model_management_handlers.go:127.63,137.3 5 0
backend_server/internal/web/model_management_handlers.go:139.2,139.69 1 0
backend_server/internal/web/model_management_handlers.go:139.69,149.3 5 0
backend_server/internal/web/model_management_handlers.go:151.2,160.37 4 0
backend_server/internal/web/model_management_handlers.go:164.84,168.19 3 0
backend_server/internal/web/model_management_handlers.go:168.19,178.3 5 0
backend_server/internal/web/model_management_handlers.go:180.2,181.65 2 0
backend_server/internal/web/model_management_handlers.go:181.65,191.3 5 0
backend_server/internal/web/model_management_handlers.go:193.2,193.80 1 0
backend_server/internal/web/model_management_handlers.go:193.80,203.3 5 0
backend_server/internal/web/model_management_handlers.go:205.2,212.37 3 0
backend_server/internal/web/model_management_handlers.go:216.87,220.19 3 0
backend_server/internal/web/model_management_handlers.go:220.19,230.3 5 0
backend_server/internal/web/model_management_handlers.go:232.2,232.70 1 0
backend_server/internal/web/model_management_handlers.go:232.70,242.3 5 0
backend_server/internal/web/model_management_handlers.go:244.2,251.37 3 0
backend_server/internal/web/model_management_handlers.go:255.91,259.19 3 0
backend_server/internal/web/model_management_handlers.go:259.19,269.3 5 0
backend_server/internal/web/model_management_handlers.go:271.2,272.64 2 0
backend_server/internal/web/model_management_handlers.go:272.64,282.3 5 0
backend_server/internal/web/model_management_handlers.go:284.2,284.86 1 0
backend_server/internal/web/model_management_handlers.go:284.86,294.3 5 0
backend_server/internal/web/model_management_handlers.go:296.2,303.37 3 0
backend_server/internal/web/model_management_handlers.go:307.91,318.2 4 0
backend_server/internal/web/model_management_handlers.go:321.91,325.19 3 0
backend_server/internal/web/model_management_handlers.go:325.19,335.3 5 0
backend_server/internal/web/model_management_handlers.go:337.2,338.60 2 0
backend_server/internal/web/model_management_handlers.go:338.60,339.51 1 0
backend_server/internal/web/model_management_handlers.go:339.51,341.4 1 0
backend_server/internal/web/model_management_handlers.go:344.2,345.16 2 0
backend_server/internal/web/model_management_handlers.go:345.16,355.3 5 0
backend_server/internal/web/model_management_handlers.go:357.2,364.37 3 0
backend_server/internal/web/model_management_handlers.go:368.88,372.19 3 0
backend_server/internal/web/model_management_handlers.go:372.19,382.3 5 0
backend_server/internal/web/model_management_handlers.go:384.2,385.60 2 0
backend_server/internal/web/model_management_handlers.go:385.60,386.51 1 0
backend_server/internal/web/model_management_handlers.go:386.51,388.4 1 0
backend_server/internal/web/model_management_handlers.go:391.2,392.16 2 0
backend_server/internal/web/model_management_handlers.go:392.16,402.3 5 0
backend_server/internal/web/model_management_handlers.go:404.2,411.37 3 0
backend_server/internal/web/model_management_handlers.go:415.90,420.60 4 0
backend_server/internal/web/model_management_handlers.go:420.60,421.51 1 0
backend_server/internal/web/model_management_handlers.go:421.51,423.4 1 0
backend_server/internal/web/model_management_handlers.go:426.2,427.16 2 0
backend_server/internal/web/model_management_handlers.go:427.16,437.3 5 0
backend_server/internal/web/model_management_handlers.go:439.2,446.37 3 0
backend_server/internal/web/model_management_handlers.go:450.93,452.16 2 0
backend_server/internal/web/model_management_handlers.go:452.16,462.3 5 0
backend_server/internal/web/model_management_handlers.go:464.2,471.37 3 0
backend_server/internal/web/model_management_handlers.go:475.93,477.66 2 0
backend_server/internal/web/model_management_handlers.go:477.66,487.3 5 0
backend_server/internal/web/model_management_handlers.go:489.2,489.80 1 0
backend_server/internal/web/model_management_handlers.go:489.80,499.3 5 0
backend_server/internal/web/model_management_handlers.go:501.2,510.37 4 0
backend_server/internal/web/model_management_handlers.go:514.108,548.90 14 0
backend_server/internal/web/model_management_handlers.go:548.90,554.3 5 0
backend_server/internal/web/payment_handlers.go:23.118,28.2 1 0
backend_server/internal/web/payment_handlers.go:40.88,49.61 2 0
backend_server/internal/web/payment_handlers.go:49.61,59.3 5 0
backend_server/internal/web/payment_handlers.go:62.2,62.24 1 0
backend_server/internal/web/payment_handlers.go:62.24,72.3 5 0
backend_server/internal/web/payment_handlers.go:75.2,75.24 1 0
backend_server/internal/web/payment_handlers.go:75.24,77.3 1 0
backend_server/internal/web/payment_handlers.go:78.2,78.26 1 0
backend_server/internal/web/payment_handlers.go:78.26,80.3 1 0
backend_server/internal/web/payment_handlers.go:81.2,81.25 1 0
backend_server/internal/web/payment_handlers.go:81.25,83.3 1 0
backend_server/internal/web/payment_handlers.go:86.2,86.57 1 0
backend_server/internal/web/payment_handlers.go:86.57,96.3 5 0
backend_server/internal/web/payment_handlers.go:99.2,99.68 1 0
backend_server/internal/web/payment_handlers.go:99.68,109.3 5 0
backend_server/internal/web/payment_handlers.go:112.2,113.16 2 0
backend_server/internal/web/payment_handlers.go:113.16,123.3 5 0
backend_server/internal/web/payment_handlers.go:125.2,133.37 3 0
backend_server/internal/web/payment_handlers.go:137.85,141.21 3 0
backend_server/internal/web/payment_handlers.go:141.21,151.3 5 0
backend_server/internal/web/payment_handlers.go:155.2,172.37 4 0
backend_server/internal/web/payment_handlers.go:176.88,178.2 1 0
backend_server/internal/web/payment_handlers.go:181.90,185.20 3 0
backend_server/internal/web/payment_handlers.go:185.20,195.3 5 0
backend_server/internal/web/payment_handlers.go:197.2,198.16 2 0
backend_server/internal/web/payment_handlers.go:198.16,208.3 5 0
backend_server/internal/web/payment_handlers.go:210.2,218.37 3 0
backend_server/internal/web/payment_handlers.go:222.87,228.61 2 0
backend_server/internal/web/payment_handlers.go:228.61,238.3 5 0
backend_server/internal/web/payment_handlers.go:240.2,240.24 1 0
backend_server/internal/web/payment_handlers.go:240.24,250.3 5 0
backend_server/internal/web/payment_handlers.go:252.2,253.16 2 0
backend_server/internal/web/payment_handlers.go:253.16,263.3 5 0
backend_server/internal/web/payment_handlers.go:265.2,272.37 3 0
backend_server/internal/web/payment_handlers.go:276.86,285.61 2 0
backend_server/internal/web/payment_handlers.go:285.61,295.3 5 0
backend_server/internal/web/payment_handlers.go:298.2,298.24 1 0
backend_server/internal/web/payment_handlers.go:298.24,308.3 5 0
backend_server/internal/web/payment_handlers.go:311.2,311.24 1 0
backend_server/internal/web/payment_handlers.go:311.24,313.3 1 0
backend_server/internal/web/payment_handlers.go:314.2,314.25 1 0
backend_server/internal/web/payment_handlers.go:314.25,316.3 1 0
backend_server/internal/web/payment_handlers.go:317.2,317.25 1 0
backend_server/internal/web/payment_handlers.go:317.25,319.3 1 0
backend_server/internal/web/payment_handlers.go:322.2,322.57 1 0
backend_server/internal/web/payment_handlers.go:322.57,332.3 5 0
backend_server/internal/web/payment_handlers.go:335.2,335.68 1 0
backend_server/internal/web/payment_handlers.go:335.68,345.3 5 0
backend_server/internal/web/payment_handlers.go:348.2,349.16 2 0
backend_server/internal/web/payment_handlers.go:349.16,359.3 5 0
backend_server/internal/web/payment_handlers.go:361.2,369.37 3 0
backend_server/internal/web/payment_handlers.go:373.83,377.19 3 0
backend_server/internal/web/payment_handlers.go:377.19,387.3 5 0
backend_server/internal/web/payment_handlers.go:391.2,408.37 4 0
backend_server/internal/web/payment_handlers.go:412.87,417.61 2 0
backend_server/internal/web/payment_handlers.go:417.61,427.3 5 0
backend_server/internal/web/payment_handlers.go:429.2,429.23 1 0
backend_server/internal/web/payment_handlers.go:429.23,439.3 5 0
backend_server/internal/web/payment_handlers.go:441.2,442.16 2 0
backend_server/internal/web/payment_handlers.go:442.16,452.3 5 0
backend_server/internal/web/payment_handlers.go:454.2,462.37 3 0
backend_server/internal/web/payment_handlers.go:466.88,468.2 1 0
backend_server/internal/web/payment_handlers.go:471.88,477.61 2 0
backend_server/internal/web/payment_handlers.go:477.61,487.3 5 0
backend_server/internal/web/payment_handlers.go:489.2,489.25 1 0
backend_server/internal/web/payment_handlers.go:489.25,499.3 5 0
backend_server/internal/web/payment_handlers.go:501.2,502.16 2 0
backend_server/internal/web/payment_handlers.go:502.16,512.3 5 0
backend_server/internal/web/payment_handlers.go:514.2,521.37 3 0
backend_server/internal/web/payment_handlers.go:525.86,528.18 2 0
backend_server/internal/web/payment_handlers.go:528.18,530.3 1 0
backend_server/internal/web/payment_handlers.go:534.2,561.37 4 0
backend_server/internal/web/payment_handlers.go:565.86,569.21 3 0
backend_server/internal/web/payment_handlers.go:569.21,579.3 5 0
backend_server/internal/web/payment_handlers.go:583.2,601.37 4 0
backend_server/internal/web/payment_handlers.go:605.86,609.21 3 0
backend_server/internal/web/payment_handlers.go:609.21,619.3 5 0
backend_server/internal/web/payment_handlers.go:623.2,639.37 4 0
backend_server/internal/web/payment_handlers.go:643.89,647.21 3 0
backend_server/internal/web/payment_handlers.go:647.21,657.3 5 0
backend_server/internal/web/payment_handlers.go:659.2,663.61 2 0
backend_server/internal/web/payment_handlers.go:663.61,673.3 5 0
backend_server/internal/web/payment_handlers.go:681.2,690.37 4 0
backend_server/internal/web/payment_handlers.go:694.101,713.27 12 0
backend_server/internal/web/payment_handlers.go:713.27,720.3 6 0
backend_server/internal/web/payment_handlers.go:723.2,723.92 1 0
backend_server/internal/web/payment_handlers.go:723.92,729.3 5 0
backend_server/internal/web/system_health_handlers.go:20.107,22.2 1 0
backend_server/internal/web/system_health_handlers.go:33.88,47.2 5 0
backend_server/internal/web/system_health_handlers.go:50.88,53.69 2 0
backend_server/internal/web/system_health_handlers.go:53.69,54.70 1 0
backend_server/internal/web/system_health_handlers.go:54.70,56.4 1 0
backend_server/internal/web/system_health_handlers.go:59.2,70.37 5 0
backend_server/internal/web/system_health_handlers.go:74.95,76.64 2 0
backend_server/internal/web/system_health_handlers.go:76.64,86.3 5 0
backend_server/internal/web/system_health_handlers.go:88.2,92.23 4 0
backend_server/internal/web/system_health_handlers.go:93.25,95.51 2 0
backend_server/internal/web/system_health_handlers.go:97.19,98.65 1 0
backend_server/internal/web/system_health_handlers.go:98.65,99.68 1 0
backend_server/internal/web/system_health_handlers.go:99.68,100.65 1 0
backend_server/internal/web/system_health_handlers.go:100.65,105.6 4 0
backend_server/internal/web/system_health_handlers.go:105.11,115.6 5 0
backend_server/internal/web/system_health_handlers.go:116.10,126.5 5 0
backend_server/internal/web/system_health_handlers.go:127.9,137.4 5 0
backend_server/internal/web/system_health_handlers.go:139.23,140.64 1 0
backend_server/internal/web/system_health_handlers.go:140.64,143.4 2 0
backend_server/internal/web/system_health_handlers.go:143.9,153.4 5 0
backend_server/internal/web/system_health_handlers.go:155.10,164.9 5 0
backend_server/internal/web/system_health_handlers.go:167.2,167.16 1 0
backend_server/internal/web/system_health_handlers.go:167.16,177.3 5 0
backend_server/internal/web/system_health_handlers.go:179.2,187.37 3 0
backend_server/internal/web/system_health_handlers.go:191.101,195.19 3 0
backend_server/internal/web/system_health_handlers.go:195.19,205.3 5 0
backend_server/internal/web/system_health_handlers.go:207.2,208.16 2 0
backend_server/internal/web/system_health_handlers.go:208.16,218.3 5 0
backend_server/internal/web/system_health_handlers.go:220.2,227.37 3 0
backend_server/internal/web/system_health_handlers.go:231.95,242.2 4 0
backend_server/internal/web/system_health_handlers.go:245.98,256.2 4 0
backend_server/internal/web/system_health_handlers.go:259.105,270.27 6 0
backend_server/internal/web/system_health_handlers.go:270.27,275.3 4 0
backend_server/internal/web/system_health_handlers.go:275.8,279.3 2 0
backend_server/internal/web/system_health_handlers.go:282.2,282.91 1 0
backend_server/internal/web/system_health_handlers.go:282.91,284.3 1 0
backend_server/internal/web/system_settings_handlers.go:17.76,21.2 1 0
backend_server/internal/web/system_settings_handlers.go:36.94,39.33 2 0
backend_server/internal/web/system_settings_handlers.go:39.33,42.3 2 0
backend_server/internal/web/system_settings_handlers.go:44.2,45.61 2 0
backend_server/internal/web/system_settings_handlers.go:45.61,48.3 2 0
backend_server/internal/web/system_settings_handlers.go:51.2,60.37 4 0
backend_server/internal/web/system_settings_handlers.go:64.91,67.32 2 0
backend_server/internal/web/system_settings_handlers.go:67.32,70.3 2 0
backend_server/internal/web/system_settings_handlers.go:72.2,79.37 3 0
backend_server/internal/web/system_settings_handlers.go:83.99,89.2 2 0
backend_server/internal/web/tee_security_handlers.go:19.102,21.2 1 0
backend_server/internal/web/tee_security_handlers.go:32.92,43.2 4 0
backend_server/internal/web/tee_security_handlers.go:46.93,48.64 2 0
backend_server/internal/web/tee_security_handlers.go:48.64,58.3 5 0
backend_server/internal/web/tee_security_handlers.go:60.2,63.23 3 0
backend_server/internal/web/tee_security_handlers.go:64.27,66.46 2 0
backend_server/internal/web/tee_security_handlers.go:68.29,70.48 2 0
backend_server/internal/web/tee_security_handlers.go:72.28,73.61 1 0
backend_server/internal/web/tee_security_handlers.go:73.61,76.4 2 0
backend_server/internal/web/tee_security_handlers.go:76.9,86.4 5 0
backend_server/internal/web/tee_security_handlers.go:88.24,89.66 1 0
backend_server/internal/web/tee_security_handlers.go:89.66,92.4 2 0
backend_server/internal/web/tee_security_handlers.go:92.9,102.4 5 0
backend_server/internal/web/tee_security_handlers.go:104.10,113.9 5 0
backend_server/internal/web/tee_security_handlers.go:116.2,116.16 1 0
backend_server/internal/web/tee_security_handlers.go:116.16,126.3 5 0
backend_server/internal/web/tee_security_handlers.go:129.2,139.37 4 0
backend_server/internal/web/tee_security_handlers.go:143.93,164.2 5 0
backend_server/internal/web/tee_security_handlers.go:167.93,178.2 4 0
backend_server/internal/web/tee_security_handlers.go:181.98,192.2 4 0
backend_server/internal/web/tee_security_handlers.go:195.97,206.2 4 0
backend_server/internal/web/tee_security_handlers.go:209.100,213.20 3 0
backend_server/internal/web/tee_security_handlers.go:213.20,223.3 5 0
backend_server/internal/web/tee_security_handlers.go:225.2,226.16 2 0
backend_server/internal/web/tee_security_handlers.go:226.16,236.3 5 0
backend_server/internal/web/tee_security_handlers.go:238.2,245.37 3 0
backend_server/internal/web/tee_security_handlers.go:249.104,261.27 7 0
backend_server/internal/web/tee_security_handlers.go:261.27,266.3 4 0
backend_server/internal/web/tee_security_handlers.go:266.8,270.3 2 0
backend_server/internal/web/tee_security_handlers.go:273.2,273.88 1 0
backend_server/internal/web/tee_security_handlers.go:273.88,275.3 1 0
backend_server/internal/web/validation_handlers.go:20.91,22.2 1 0
backend_server/internal/web/validation_handlers.go:34.89,44.23 3 0
backend_server/internal/web/validation_handlers.go:44.23,45.61 1 0
backend_server/internal/web/validation_handlers.go:45.61,47.4 1 0
backend_server/internal/web/validation_handlers.go:51.2,52.20 2 0
backend_server/internal/web/validation_handlers.go:52.20,53.68 1 0
backend_server/internal/web/validation_handlers.go:53.68,55.4 1 0
backend_server/internal/web/validation_handlers.go:58.2,59.16 2 0
backend_server/internal/web/validation_handlers.go:59.16,61.49 1 0
backend_server/internal/web/validation_handlers.go:61.49,71.4 4 0
backend_server/internal/web/validation_handlers.go:74.3,82.9 5 0
backend_server/internal/web/validation_handlers.go:85.2,93.37 3 0
backend_server/internal/web/validation_handlers.go:97.90,99.61 2 0
backend_server/internal/web/validation_handlers.go:99.61,109.3 5 0
backend_server/internal/web/validation_handlers.go:112.2,112.20 1 0
backend_server/internal/web/validation_handlers.go:112.20,122.3 5 0
backend_server/internal/web/validation_handlers.go:124.2,125.16 2 0
backend_server/internal/web/validation_handlers.go:125.16,135.3 5 0
backend_server/internal/web/validation_handlers.go:137.2,146.37 4 0
backend_server/internal/web/validation_handlers.go:150.88,154.18 3 0
backend_server/internal/web/validation_handlers.go:154.18,164.3 5 0
backend_server/internal/web/validation_handlers.go:166.2,167.16 2 0
backend_server/internal/web/validation_handlers.go:167.16,177.3 5 0
backend_server/internal/web/validation_handlers.go:179.2,179.17 1 0
backend_server/internal/web/validation_handlers.go:179.17,189.3 5 0
backend_server/internal/web/validation_handlers.go:191.2,198.37 3 0
backend_server/internal/web/validation_handlers.go:202.92,206.18 3 0
backend_server/internal/web/validation_handlers.go:206.18,216.3 5 0
backend_server/internal/web/validation_handlers.go:219.2,220.16 2 0
backend_server/internal/web/validation_handlers.go:220.16,230.3 5 0
backend_server/internal/web/validation_handlers.go:233.2,234.16 2 0
backend_server/internal/web/validation_handlers.go:234.16,244.3 5 0
backend_server/internal/web/validation_handlers.go:246.2,258.37 4 0
backend_server/internal/web/validation_handlers.go:262.103,271.27 4 0
backend_server/internal/web/validation_handlers.go:271.27,276.3 4 0
backend_server/internal/web/validation_handlers.go:276.8,280.3 2 0
backend_server/internal/web/validation_handlers.go:283.2,283.95 1 0
backend_server/internal/web/validation_handlers.go:283.95,285.3 1 0
